192.168.1.62 - - [02/Mar/2021:14:12:12 +0600] "GET /tmons/monitor.php?temperature=22.71&server=1 HTTP/1.1" 404 215 "-" "ESP8266HTTPClient"
192.168.1.112 - - [02/Mar/2021:14:12:16 +0600] "GET / HTTP/1.1" 200 1560 "-" "Mozilla/5.0 (Windows NT 10.0; Win64; x64; rv:86.0) Gecko/20100101 Firefox/86.0"
192.168.1.112 - - [02/Mar/2021:14:12:16 +0600] "GET /css/bootstrap.min.css HTTP/1.1" 200 121200 "http://192.168.0.59/" "Mozilla/5.0 (Windows NT 10.0; Win64; x64; rv:86.0) Gecko/20100101 Firefox/86.0"
192.168.1.112 - - [02/Mar/2021:14:12:16 +0600] "GET /css/styles.css HTTP/1.1" 200 24919 "http://192.168.0.59/" "Mozilla/5.0 (Windows NT 10.0; Win64; x64; rv:86.0) Gecko/20100101 Firefox/86.0"
192.168.1.112 - - [02/Mar/2021:14:12:16 +0600] "GET /js/bootstrap.min.js HTTP/1.1" 200 37045 "http://192.168.0.59/" "Mozilla/5.0 (Windows NT 10.0; Win64; x64; rv:86.0) Gecko/20100101 Firefox/86.0"
192.168.1.112 - - [02/Mar/2021:14:12:16 +0600] "GET /images/logo.png HTTP/1.1" 200 17285 "http://192.168.0.59/" "Mozilla/5.0 (Windows NT 10.0; Win64; x64; rv:86.0) Gecko/20100101 Firefox/86.0"
192.168.1.112 - - [02/Mar/2021:14:12:16 +0600] "GET /js/jquery-1.11.1.min.js HTTP/1.1" 200 95786 "http://192.168.0.59/" "Mozilla/5.0 (Windows NT 10.0; Win64; x64; rv:86.0) Gecko/20100101 Firefox/86.0"
::1 - - [02/Mar/2021:14:12:21 +0600] "OPTIONS * HTTP/1.0" 200 - "-" "Apache/2.4.6 (CentOS) PHP/7.3.27 (internal dummy connection)"
::1 - - [02/Mar/2021:14:12:22 +0600] "OPTIONS * HTTP/1.0" 200 - "-" "Apache/2.4.6 (CentOS) PHP/7.3.27 (internal dummy connection)"
192.168.1.112 - - [02/Mar/2021:14:12:29 +0600] "GET / HTTP/1.1" 200 1560 "-" "Mozilla/5.0 (Windows NT 10.0; Win64; x64; rv:86.0) Gecko/20100101 Firefox/86.0"
192.168.1.112 - - [02/Mar/2021:14:12:29 +0600] "GET /js/jquery-1.11.1.min.js HTTP/1.1" 304 - "http://192.168.0.59/" "Mozilla/5.0 (Windows NT 10.0; Win64; x64; rv:86.0) Gecko/20100101 Firefox/86.0"
192.168.1.112 - - [02/Mar/2021:14:12:29 +0600] "GET /js/bootstrap.min.js HTTP/1.1" 304 - "http://192.168.0.59/" "Mozilla/5.0 (Windows NT 10.0; Win64; x64; rv:86.0) Gecko/20100101 Firefox/86.0"
192.168.1.112 - - [02/Mar/2021:14:12:29 +0600] "GET /images/logo.png HTTP/1.1" 304 - "http://192.168.0.59/" "Mozilla/5.0 (Windows NT 10.0; Win64; x64; rv:86.0) Gecko/20100101 Firefox/86.0"
192.168.1.62 - - [02/Mar/2021:14:12:38 +0600] "GET /tmons/monitor2.php?temperature=21.38&server=1 HTTP/1.1" 404 216 "-" "ESP8266HTTPClient"
192.168.1.112 - - [02/Mar/2021:14:12:38 +0600] "GET / HTTP/1.1" 200 1560 "-" "Mozilla/5.0 (Windows NT 10.0; Win64; x64; rv:86.0) Gecko/20100101 Firefox/86.0"
192.168.1.112 - - [02/Mar/2021:14:12:38 +0600] "GET /js/jquery-1.11.1.min.js HTTP/1.1" 304 - "http://192.168.0.59/" "Mozilla/5.0 (Windows NT 10.0; Win64; x64; rv:86.0) Gecko/20100101 Firefox/86.0"
192.168.1.112 - - [02/Mar/2021:14:12:38 +0600] "GET /images/logo.png HTTP/1.1" 304 - "http://192.168.0.59/" "Mozilla/5.0 (Windows NT 10.0; Win64; x64; rv:86.0) Gecko/20100101 Firefox/86.0"
192.168.1.112 - - [02/Mar/2021:14:12:38 +0600] "GET /js/bootstrap.min.js HTTP/1.1" 304 - "http://192.168.0.59/" "Mozilla/5.0 (Windows NT 10.0; Win64; x64; rv:86.0) Gecko/20100101 Firefox/86.0"
192.168.1.112 - - [02/Mar/2021:14:12:46 +0600] "GET /vms/ HTTP/1.1" 404 202 "-" "Mozilla/5.0 (Windows NT 10.0; Win64; x64; rv:86.0) Gecko/20100101 Firefox/86.0"
192.168.1.62 - - [02/Mar/2021:14:13:13 +0600] "GET /tmons/monitor.php?temperature=22.39&server=1 HTTP/1.1" 404 215 "-" "ESP8266HTTPClient"
192.168.1.62 - - [02/Mar/2021:14:13:38 +0600] "GET /tmons/monitor2.php?temperature=21.38&server=1 HTTP/1.1" 404 216 "-" "ESP8266HTTPClient"
192.168.1.112 - - [02/Mar/2021:14:14:03 +0600] "GET /vms/ HTTP/1.1" 404 202 "-" "Mozilla/5.0 (Windows NT 10.0; Win64; x64; rv:86.0) Gecko/20100101 Firefox/86.0"
192.168.1.112 - - [02/Mar/2021:14:14:07 +0600] "GET / HTTP/1.1" 200 1560 "-" "Mozilla/5.0 (Windows NT 10.0; Win64; x64; rv:86.0) Gecko/20100101 Firefox/86.0"
192.168.1.112 - - [02/Mar/2021:14:14:14 +0600] "GET /vms/login HTTP/1.1" 404 207 "-" "Mozilla/5.0 (Windows NT 10.0; Win64; x64; rv:86.0) Gecko/20100101 Firefox/86.0"
192.168.1.62 - - [02/Mar/2021:14:14:34 +0600] "GET /tmons/monitor.php?temperature=22.71&server=1 HTTP/1.1" 404 215 "-" "ESP8266HTTPClient"
192.168.1.62 - - [02/Mar/2021:14:14:38 +0600] "GET /tmons/monitor2.php?temperature=21.06&server=1 HTTP/1.1" 404 216 "-" "ESP8266HTTPClient"
192.168.1.112 - - [02/Mar/2021:14:15:20 +0600] "GET /vms/login HTTP/1.1" 404 207 "-" "Mozilla/5.0 (Windows NT 10.0; Win64; x64; rv:86.0) Gecko/20100101 Firefox/86.0"
192.168.1.112 - - [02/Mar/2021:14:15:22 +0600] "GET /vms/login HTTP/1.1" 404 207 "-" "Mozilla/5.0 (Windows NT 10.0; Win64; x64; rv:86.0) Gecko/20100101 Firefox/86.0"
192.168.1.112 - - [02/Mar/2021:14:15:23 +0600] "GET /vms/login HTTP/1.1" 404 207 "-" "Mozilla/5.0 (Windows NT 10.0; Win64; x64; rv:86.0) Gecko/20100101 Firefox/86.0"
192.168.1.112 - - [02/Mar/2021:14:15:23 +0600] "GET /vms/login HTTP/1.1" 404 207 "-" "Mozilla/5.0 (Windows NT 10.0; Win64; x64; rv:86.0) Gecko/20100101 Firefox/86.0"
192.168.1.112 - - [02/Mar/2021:14:15:23 +0600] "GET /vms/login HTTP/1.1" 404 207 "-" "Mozilla/5.0 (Windows NT 10.0; Win64; x64; rv:86.0) Gecko/20100101 Firefox/86.0"
192.168.1.112 - - [02/Mar/2021:14:15:27 +0600] "GET /vms/ HTTP/1.1" 404 202 "-" "Mozilla/5.0 (Windows NT 10.0; Win64; x64; rv:86.0) Gecko/20100101 Firefox/86.0"
192.168.1.112 - - [02/Mar/2021:14:15:32 +0600] "GET /tmons/ HTTP/1.1" 404 204 "-" "Mozilla/5.0 (Windows NT 10.0; Win64; x64; rv:86.0) Gecko/20100101 Firefox/86.0"
192.168.1.112 - - [02/Mar/2021:14:15:38 +0600] "GET / HTTP/1.1" 200 1560 "-" "Mozilla/5.0 (Windows NT 10.0; Win64; x64; rv:86.0) Gecko/20100101 Firefox/86.0"
192.168.1.62 - - [02/Mar/2021:14:15:39 +0600] "GET /tmons/monitor2.php?temperature=20.74&server=1 HTTP/1.1" 404 216 "-" "ESP8266HTTPClient"
192.168.1.112 - - [02/Mar/2021:14:15:44 +0600] "GET /tmons/ HTTP/1.1" 404 204 "-" "Mozilla/5.0 (Windows NT 10.0; Win64; x64; rv:86.0) Gecko/20100101 Firefox/86.0"
192.168.1.112 - - [02/Mar/2021:14:15:51 +0600] "GET /vms/ HTTP/1.1" 404 202 "-" "Mozilla/5.0 (Windows NT 10.0; Win64; x64; rv:86.0) Gecko/20100101 Firefox/86.0"
192.168.1.112 - - [02/Mar/2021:14:15:55 +0600] "GET /vms/ HTTP/1.1" 404 202 "-" "Mozilla/5.0 (Windows NT 10.0; Win64; x64; rv:86.0) Gecko/20100101 Firefox/86.0"
192.168.1.112 - - [02/Mar/2021:14:15:56 +0600] "GET /vms/ HTTP/1.1" 404 202 "-" "Mozilla/5.0 (Windows NT 10.0; Win64; x64; rv:86.0) Gecko/20100101 Firefox/86.0"
192.168.1.112 - - [02/Mar/2021:14:15:56 +0600] "GET /vms/ HTTP/1.1" 404 202 "-" "Mozilla/5.0 (Windows NT 10.0; Win64; x64; rv:86.0) Gecko/20100101 Firefox/86.0"
192.168.1.112 - - [02/Mar/2021:14:15:56 +0600] "GET /vms/ HTTP/1.1" 404 202 "-" "Mozilla/5.0 (Windows NT 10.0; Win64; x64; rv:86.0) Gecko/20100101 Firefox/86.0"
192.168.1.112 - - [02/Mar/2021:14:15:57 +0600] "GET /vms/ HTTP/1.1" 404 202 "-" "Mozilla/5.0 (Windows NT 10.0; Win64; x64; rv:86.0) Gecko/20100101 Firefox/86.0"
192.168.1.62 - - [02/Mar/2021:14:16:27 +0600] "GET /tmons/monitor.php?temperature=23.04&server=1 HTTP/1.1" 404 215 "-" "ESP8266HTTPClient"
192.168.1.62 - - [02/Mar/2021:14:16:39 +0600] "GET /tmons/monitor2.php?temperature=21.06&server=1 HTTP/1.1" 404 216 "-" "ESP8266HTTPClient"
192.168.1.62 - - [02/Mar/2021:14:17:31 +0600] "GET /tmons/monitor.php?temperature=23.36&server=1 HTTP/1.1" 404 215 "-" "ESP8266HTTPClient"
192.168.1.112 - - [02/Mar/2021:14:17:34 +0600] "GET /vms/ HTTP/1.1" 404 202 "-" "Mozilla/5.0 (Windows NT 10.0; Win64; x64; rv:86.0) Gecko/20100101 Firefox/86.0"
192.168.1.112 - - [02/Mar/2021:14:17:35 +0600] "GET /vms/ HTTP/1.1" 404 202 "-" "Mozilla/5.0 (Windows NT 10.0; Win64; x64; rv:86.0) Gecko/20100101 Firefox/86.0"
192.168.1.112 - - [02/Mar/2021:14:17:35 +0600] "GET /vms/ HTTP/1.1" 404 202 "-" "Mozilla/5.0 (Windows NT 10.0; Win64; x64; rv:86.0) Gecko/20100101 Firefox/86.0"
192.168.1.112 - - [02/Mar/2021:14:17:39 +0600] "GET / HTTP/1.1" 200 1560 "-" "Mozilla/5.0 (Windows NT 10.0; Win64; x64; rv:86.0) Gecko/20100101 Firefox/86.0"
192.168.1.62 - - [02/Mar/2021:14:17:39 +0600] "GET /tmons/monitor2.php?temperature=21.06&server=1 HTTP/1.1" 404 216 "-" "ESP8266HTTPClient"
192.168.1.112 - - [02/Mar/2021:14:17:41 +0600] "GET / HTTP/1.1" 200 1560 "-" "Mozilla/5.0 (Windows NT 10.0; Win64; x64; rv:86.0) Gecko/20100101 Firefox/86.0"
192.168.1.112 - - [02/Mar/2021:14:17:41 +0600] "GET /js/jquery-1.11.1.min.js HTTP/1.1" 304 - "http://192.168.0.59/" "Mozilla/5.0 (Windows NT 10.0; Win64; x64; rv:86.0) Gecko/20100101 Firefox/86.0"
192.168.1.112 - - [02/Mar/2021:14:17:41 +0600] "GET /js/bootstrap.min.js HTTP/1.1" 304 - "http://192.168.0.59/" "Mozilla/5.0 (Windows NT 10.0; Win64; x64; rv:86.0) Gecko/20100101 Firefox/86.0"
192.168.1.112 - - [02/Mar/2021:14:17:41 +0600] "GET /images/logo.png HTTP/1.1" 304 - "http://192.168.0.59/" "Mozilla/5.0 (Windows NT 10.0; Win64; x64; rv:86.0) Gecko/20100101 Firefox/86.0"
192.168.1.112 - - [02/Mar/2021:14:17:44 +0600] "GET / HTTP/1.1" 200 1560 "-" "Mozilla/5.0 (Windows NT 10.0; Win64; x64; rv:86.0) Gecko/20100101 Firefox/86.0"
192.168.1.112 - - [02/Mar/2021:14:17:50 +0600] "GET / HTTP/1.1" 200 1560 "-" "Mozilla/5.0 (Windows NT 10.0; Win64; x64; rv:86.0) Gecko/20100101 Firefox/86.0"
192.168.1.112 - - [02/Mar/2021:14:17:50 +0600] "GET /js/jquery-1.11.1.min.js HTTP/1.1" 304 - "http://192.168.0.59/" "Mozilla/5.0 (Windows NT 10.0; Win64; x64; rv:86.0) Gecko/20100101 Firefox/86.0"
192.168.1.112 - - [02/Mar/2021:14:17:50 +0600] "GET /images/logo.png HTTP/1.1" 304 - "http://192.168.0.59/" "Mozilla/5.0 (Windows NT 10.0; Win64; x64; rv:86.0) Gecko/20100101 Firefox/86.0"
192.168.1.112 - - [02/Mar/2021:14:17:50 +0600] "GET /js/bootstrap.min.js HTTP/1.1" 304 - "http://192.168.0.59/" "Mozilla/5.0 (Windows NT 10.0; Win64; x64; rv:86.0) Gecko/20100101 Firefox/86.0"
192.168.1.112 - - [02/Mar/2021:14:18:30 +0600] "GET / HTTP/1.1" 200 1560 "-" "Mozilla/5.0 (Windows NT 10.0; Win64; x64; rv:86.0) Gecko/20100101 Firefox/86.0"
192.168.1.112 - - [02/Mar/2021:14:18:30 +0600] "GET /js/jquery-1.11.1.min.js HTTP/1.1" 304 - "http://192.168.0.59/" "Mozilla/5.0 (Windows NT 10.0; Win64; x64; rv:86.0) Gecko/20100101 Firefox/86.0"
192.168.1.112 - - [02/Mar/2021:14:18:30 +0600] "GET /images/logo.png HTTP/1.1" 304 - "http://192.168.0.59/" "Mozilla/5.0 (Windows NT 10.0; Win64; x64; rv:86.0) Gecko/20100101 Firefox/86.0"
192.168.1.112 - - [02/Mar/2021:14:18:30 +0600] "GET /js/bootstrap.min.js HTTP/1.1" 304 - "http://192.168.0.59/" "Mozilla/5.0 (Windows NT 10.0; Win64; x64; rv:86.0) Gecko/20100101 Firefox/86.0"
192.168.1.112 - - [02/Mar/2021:14:18:37 +0600] "GET /phpmyadmin/ HTTP/1.1" 200 2903 "-" "Mozilla/5.0 (Windows NT 10.0; Win64; x64; rv:86.0) Gecko/20100101 Firefox/86.0"
192.168.1.112 - - [02/Mar/2021:14:18:37 +0600] "GET /phpmyadmin/js/whitelist.php?lang=en&db=&token=621d45b047f226b2005dbf32394d50fa HTTP/1.1" 200 498 "-" "Mozilla/5.0 (Windows NT 10.0; Win64; x64; rv:86.0) Gecko/20100101 Firefox/86.0"
192.168.1.112 - - [02/Mar/2021:14:18:37 +0600] "GET /phpmyadmin/js/messages.php?lang=en&db=&token=621d45b047f226b2005dbf32394d50fa HTTP/1.1" 200 7394 "-" "Mozilla/5.0 (Windows NT 10.0; Win64; x64; rv:86.0) Gecko/20100101 Firefox/86.0"
192.168.1.62 - - [02/Mar/2021:14:18:40 +0600] "GET /tmons/monitor2.php?temperature=21.06&server=1 HTTP/1.1" 404 216 "-" "ESP8266HTTPClient"
42.224.113.7 - - [02/Mar/2021:14:19:01 +0600] "GET /boaform/admin/formLogin?username=user&psd=user HTTP/1.0" 404 221 "-" "-"
192.168.1.112 - - [02/Mar/2021:14:19:15 +0600] "GET /vms/ HTTP/1.1" 404 202 "-" "Mozilla/5.0 (Windows NT 10.0; Win64; x64; rv:86.0) Gecko/20100101 Firefox/86.0"
192.168.1.62 - - [02/Mar/2021:14:19:40 +0600] "GET /tmons/monitor2.php?temperature=21.06&server=1 HTTP/1.1" 404 216 "-" "ESP8266HTTPClient"
192.168.1.112 - - [02/Mar/2021:14:20:13 +0600] "GET /abs HTTP/1.1" 404 201 "-" "Mozilla/5.0 (Windows NT 10.0; Win64; x64; rv:86.0) Gecko/20100101 Firefox/86.0"
192.168.1.112 - - [02/Mar/2021:14:20:19 +0600] "GET /phpmyadmin/ HTTP/1.1" 200 2901 "-" "Mozilla/5.0 (Windows NT 10.0; Win64; x64; rv:86.0) Gecko/20100101 Firefox/86.0"
192.168.1.112 - - [02/Mar/2021:14:20:19 +0600] "GET /phpmyadmin/js/whitelist.php?lang=en&db=&token=98e9a17ed3ca9be8080a69a137a6f2c2 HTTP/1.1" 200 498 "-" "Mozilla/5.0 (Windows NT 10.0; Win64; x64; rv:86.0) Gecko/20100101 Firefox/86.0"
192.168.1.112 - - [02/Mar/2021:14:20:19 +0600] "GET /phpmyadmin/js/messages.php?lang=en&db=&token=98e9a17ed3ca9be8080a69a137a6f2c2 HTTP/1.1" 200 7394 "-" "Mozilla/5.0 (Windows NT 10.0; Win64; x64; rv:86.0) Gecko/20100101 Firefox/86.0"
192.168.1.112 - - [02/Mar/2021:14:20:19 +0600] "GET /phpmyadmin/favicon.ico HTTP/1.1" 200 18902 "-" "Mozilla/5.0 (Windows NT 10.0; Win64; x64; rv:86.0) Gecko/20100101 Firefox/86.0"
192.168.1.62 - - [02/Mar/2021:14:20:22 +0600] "GET /tmons/monitor.php?temperature=24.00&server=1 HTTP/1.1" 404 215 "-" "ESP8266HTTPClient"
192.168.1.62 - - [02/Mar/2021:14:20:41 +0600] "GET /tmons/monitor2.php?temperature=20.74&server=1 HTTP/1.1" 404 216 "-" "ESP8266HTTPClient"
192.168.1.62 - - [02/Mar/2021:14:20:45 +0600] "GET /tmons/monitor.php?temperature=23.68&server=1 HTTP/1.1" 404 215 "-" "ESP8266HTTPClient"
192.168.1.62 - - [02/Mar/2021:14:21:41 +0600] "GET /tmons/monitor2.php?temperature=20.74&server=1 HTTP/1.1" 404 216 "-" "ESP8266HTTPClient"
192.168.1.62 - - [02/Mar/2021:14:21:48 +0600] "GET /tmons/monitor.php?temperature=23.04&server=1 HTTP/1.1" 404 215 "-" "ESP8266HTTPClient"
192.168.1.62 - - [02/Mar/2021:14:22:41 +0600] "GET /tmons/monitor2.php?temperature=20.74&server=1 HTTP/1.1" 404 216 "-" "ESP8266HTTPClient"
192.168.1.112 - - [02/Mar/2021:14:23:36 +0600] "GET /phpmyadmin/ HTTP/1.1" 200 2904 "-" "Mozilla/5.0 (Windows NT 10.0; Win64; x64; rv:86.0) Gecko/20100101 Firefox/86.0"
192.168.1.112 - - [02/Mar/2021:14:23:37 +0600] "GET /phpmyadmin/js/get_scripts.js.php?scripts%5B%5D=jquery/jquery.debounce-1.0.5.js&scripts%5B%5D=menu-resizer.js&scripts%5B%5D=cross_framing_protection.js&scripts%5B%5D=rte.js&scripts%5B%5D=tracekit/tracekit.js&scripts%5B%5D=error_report.js&scripts%5B%5D=doclinks.js&scripts%5B%5D=functions.js&scripts%5B%5D=navigation.js&scripts%5B%5D=indexes.js HTTP/1.1" 200 76681 "-" "Mozilla/5.0 (Windows NT 10.0; Win64; x64; rv:86.0) Gecko/20100101 Firefox/86.0"
192.168.1.112 - - [02/Mar/2021:14:23:37 +0600] "GET /phpmyadmin/js/messages.php?lang=en&db=&token=05269eeafcd45d7446b76bcb0d514799 HTTP/1.1" 200 7394 "-" "Mozilla/5.0 (Windows NT 10.0; Win64; x64; rv:86.0) Gecko/20100101 Firefox/86.0"
192.168.1.112 - - [02/Mar/2021:14:23:37 +0600] "GET /phpmyadmin/js/get_scripts.js.php?scripts%5B%5D=jquery/jquery-1.11.1.min.js&scripts%5B%5D=sprintf.js&scripts%5B%5D=ajax.js&scripts%5B%5D=keyhandler.js&scripts%5B%5D=jquery/jquery-ui-1.11.2.min.js&scripts%5B%5D=jquery/jquery.cookie.js&scripts%5B%5D=jquery/jquery.mousewheel.js&scripts%5B%5D=jquery/jquery.event.drag-2.2.js&scripts%5B%5D=jquery/jquery-ui-timepicker-addon.js&scripts%5B%5D=jquery/jquery.ba-hashchange-1.3.js HTTP/1.1" 200 139591 "-" "Mozilla/5.0 (Windows NT 10.0; Win64; x64; rv:86.0) Gecko/20100101 Firefox/86.0"
192.168.1.112 - - [02/Mar/2021:14:23:37 +0600] "GET /phpmyadmin/js/whitelist.php?lang=en&db=&token=05269eeafcd45d7446b76bcb0d514799 HTTP/1.1" 200 498 "-" "Mozilla/5.0 (Windows NT 10.0; Win64; x64; rv:86.0) Gecko/20100101 Firefox/86.0"
192.168.1.112 - - [02/Mar/2021:14:23:37 +0600] "GET /phpmyadmin/js/get_image.js.php?theme=pmahomme HTTP/1.1" 200 1833 "-" "Mozilla/5.0 (Windows NT 10.0; Win64; x64; rv:86.0) Gecko/20100101 Firefox/86.0"
192.168.1.112 - - [02/Mar/2021:14:23:37 +0600] "GET /phpmyadmin/js/get_scripts.js.php?scripts%5B%5D=common.js&scripts%5B%5D=codemirror/lib/codemirror.js&scripts%5B%5D=codemirror/mode/sql/sql.js&scripts%5B%5D=codemirror/addon/runmode/runmode.js&scripts%5B%5D=codemirror/addon/hint/show-hint.js&scripts%5B%5D=codemirror/addon/hint/sql-hint.js&scripts%5B%5D=console.js HTTP/1.1" 200 117005 "-" "Mozilla/5.0 (Windows NT 10.0; Win64; x64; rv:86.0) Gecko/20100101 Firefox/86.0"
192.168.1.112 - - [02/Mar/2021:14:23:37 +0600] "GET /phpmyadmin/themes/pmahomme/img/logo_right.png HTTP/1.1" 304 - "-" "Mozilla/5.0 (Windows NT 10.0; Win64; x64; rv:86.0) Gecko/20100101 Firefox/86.0"
192.168.1.112 - - [02/Mar/2021:14:23:37 +0600] "GET /phpmyadmin/themes/dot.gif HTTP/1.1" 304 - "-" "Mozilla/5.0 (Windows NT 10.0; Win64; x64; rv:86.0) Gecko/20100101 Firefox/86.0"
192.168.1.112 - - [02/Mar/2021:14:23:37 +0600] "GET /phpmyadmin/favicon.ico HTTP/1.1" 200 18902 "-" "Mozilla/5.0 (Windows NT 10.0; Win64; x64; rv:86.0) Gecko/20100101 Firefox/86.0"
192.168.1.112 - - [02/Mar/2021:14:23:41 +0600] "GET / HTTP/1.1" 200 1560 "-" "Mozilla/5.0 (Windows NT 10.0; Win64; x64; rv:86.0) Gecko/20100101 Firefox/86.0"
192.168.1.62 - - [02/Mar/2021:14:23:42 +0600] "GET /tmons/monitor2.php?temperature=20.74&server=1 HTTP/1.1" 404 216 "-" "ESP8266HTTPClient"
::1 - - [02/Mar/2021:14:23:47 +0600] "OPTIONS * HTTP/1.0" 200 - "-" "Apache/2.4.6 (CentOS) PHP/7.3.27 (internal dummy connection)"
192.168.1.62 - - [02/Mar/2021:14:24:42 +0600] "GET /tmons/monitor2.php?temperature=20.74&server=1 HTTP/1.1" 404 216 "-" "ESP8266HTTPClient"
192.168.1.112 - - [02/Mar/2021:14:25:05 +0600] "GET / HTTP/1.1" 200 1560 "-" "Mozilla/5.0 (Windows NT 10.0; Win64; x64; rv:86.0) Gecko/20100101 Firefox/86.0"
192.168.1.112 - - [02/Mar/2021:14:25:05 +0600] "GET /js/jquery-1.11.1.min.js HTTP/1.1" 304 - "http://192.168.0.59/" "Mozilla/5.0 (Windows NT 10.0; Win64; x64; rv:86.0) Gecko/20100101 Firefox/86.0"
192.168.1.112 - - [02/Mar/2021:14:25:05 +0600] "GET /images/logo.png HTTP/1.1" 304 - "http://192.168.0.59/" "Mozilla/5.0 (Windows NT 10.0; Win64; x64; rv:86.0) Gecko/20100101 Firefox/86.0"
192.168.1.112 - - [02/Mar/2021:14:25:05 +0600] "GET /js/bootstrap.min.js HTTP/1.1" 304 - "http://192.168.0.59/" "Mozilla/5.0 (Windows NT 10.0; Win64; x64; rv:86.0) Gecko/20100101 Firefox/86.0"
192.168.1.112 - - [02/Mar/2021:14:25:06 +0600] "GET / HTTP/1.1" 200 1560 "-" "Mozilla/5.0 (Windows NT 10.0; Win64; x64; rv:86.0) Gecko/20100101 Firefox/86.0"
192.168.1.112 - - [02/Mar/2021:14:25:06 +0600] "GET /js/jquery-1.11.1.min.js HTTP/1.1" 304 - "http://192.168.0.59/" "Mozilla/5.0 (Windows NT 10.0; Win64; x64; rv:86.0) Gecko/20100101 Firefox/86.0"
192.168.1.112 - - [02/Mar/2021:14:25:06 +0600] "GET /js/bootstrap.min.js HTTP/1.1" 304 - "http://192.168.0.59/" "Mozilla/5.0 (Windows NT 10.0; Win64; x64; rv:86.0) Gecko/20100101 Firefox/86.0"
192.168.1.112 - - [02/Mar/2021:14:25:06 +0600] "GET /images/logo.png HTTP/1.1" 304 - "http://192.168.0.59/" "Mozilla/5.0 (Windows NT 10.0; Win64; x64; rv:86.0) Gecko/20100101 Firefox/86.0"
192.168.1.112 - - [02/Mar/2021:14:25:06 +0600] "GET / HTTP/1.1" 200 1560 "-" "Mozilla/5.0 (Windows NT 10.0; Win64; x64; rv:86.0) Gecko/20100101 Firefox/86.0"
192.168.1.112 - - [02/Mar/2021:14:25:06 +0600] "GET /js/jquery-1.11.1.min.js HTTP/1.1" 304 - "http://192.168.0.59/" "Mozilla/5.0 (Windows NT 10.0; Win64; x64; rv:86.0) Gecko/20100101 Firefox/86.0"
192.168.1.112 - - [02/Mar/2021:14:25:06 +0600] "GET /js/bootstrap.min.js HTTP/1.1" 304 - "http://192.168.0.59/" "Mozilla/5.0 (Windows NT 10.0; Win64; x64; rv:86.0) Gecko/20100101 Firefox/86.0"
192.168.1.112 - - [02/Mar/2021:14:25:06 +0600] "GET /images/logo.png HTTP/1.1" 304 - "http://192.168.0.59/" "Mozilla/5.0 (Windows NT 10.0; Win64; x64; rv:86.0) Gecko/20100101 Firefox/86.0"
192.168.1.112 - - [02/Mar/2021:14:25:07 +0600] "GET / HTTP/1.1" 200 1560 "-" "Mozilla/5.0 (Windows NT 10.0; Win64; x64; rv:86.0) Gecko/20100101 Firefox/86.0"
192.168.1.112 - - [02/Mar/2021:14:25:07 +0600] "GET /js/jquery-1.11.1.min.js HTTP/1.1" 304 - "http://192.168.0.59/" "Mozilla/5.0 (Windows NT 10.0; Win64; x64; rv:86.0) Gecko/20100101 Firefox/86.0"
192.168.1.112 - - [02/Mar/2021:14:25:07 +0600] "GET /js/bootstrap.min.js HTTP/1.1" 304 - "http://192.168.0.59/" "Mozilla/5.0 (Windows NT 10.0; Win64; x64; rv:86.0) Gecko/20100101 Firefox/86.0"
192.168.1.112 - - [02/Mar/2021:14:25:07 +0600] "GET /images/logo.png HTTP/1.1" 304 - "http://192.168.0.59/" "Mozilla/5.0 (Windows NT 10.0; Win64; x64; rv:86.0) Gecko/20100101 Firefox/86.0"
192.168.1.112 - - [02/Mar/2021:14:25:07 +0600] "GET / HTTP/1.1" 200 1560 "-" "Mozilla/5.0 (Windows NT 10.0; Win64; x64; rv:86.0) Gecko/20100101 Firefox/86.0"
192.168.1.112 - - [02/Mar/2021:14:25:07 +0600] "GET /js/bootstrap.min.js HTTP/1.1" 304 - "http://192.168.0.59/" "Mozilla/5.0 (Windows NT 10.0; Win64; x64; rv:86.0) Gecko/20100101 Firefox/86.0"
192.168.1.112 - - [02/Mar/2021:14:25:07 +0600] "GET /images/logo.png HTTP/1.1" 304 - "http://192.168.0.59/" "Mozilla/5.0 (Windows NT 10.0; Win64; x64; rv:86.0) Gecko/20100101 Firefox/86.0"
192.168.1.112 - - [02/Mar/2021:14:25:07 +0600] "GET /js/jquery-1.11.1.min.js HTTP/1.1" 304 - "http://192.168.0.59/" "Mozilla/5.0 (Windows NT 10.0; Win64; x64; rv:86.0) Gecko/20100101 Firefox/86.0"
192.168.1.112 - - [02/Mar/2021:14:25:07 +0600] "GET / HTTP/1.1" 200 1560 "-" "Mozilla/5.0 (Windows NT 10.0; Win64; x64; rv:86.0) Gecko/20100101 Firefox/86.0"
192.168.1.112 - - [02/Mar/2021:14:25:07 +0600] "GET /js/jquery-1.11.1.min.js HTTP/1.1" 304 - "http://192.168.0.59/" "Mozilla/5.0 (Windows NT 10.0; Win64; x64; rv:86.0) Gecko/20100101 Firefox/86.0"
192.168.1.112 - - [02/Mar/2021:14:25:07 +0600] "GET /js/bootstrap.min.js HTTP/1.1" 304 - "http://192.168.0.59/" "Mozilla/5.0 (Windows NT 10.0; Win64; x64; rv:86.0) Gecko/20100101 Firefox/86.0"
192.168.1.112 - - [02/Mar/2021:14:25:07 +0600] "GET /images/logo.png HTTP/1.1" 304 - "http://192.168.0.59/" "Mozilla/5.0 (Windows NT 10.0; Win64; x64; rv:86.0) Gecko/20100101 Firefox/86.0"
192.168.1.62 - - [02/Mar/2021:14:25:16 +0600] "GET /tmons/monitor.php?temperature=22.71&server=1 HTTP/1.1" 404 215 "-" "ESP8266HTTPClient"
192.168.1.112 - - [02/Mar/2021:14:25:22 +0600] "GET /tmons/ HTTP/1.1" 404 204 "-" "Mozilla/5.0 (Windows NT 10.0; Win64; x64; rv:86.0) Gecko/20100101 Firefox/86.0"
192.168.1.62 - - [02/Mar/2021:14:25:42 +0600] "GET /tmons/monitor2.php?temperature=20.74&server=1 HTTP/1.1" 404 216 "-" "ESP8266HTTPClient"
192.168.1.62 - - [02/Mar/2021:14:26:43 +0600] "GET /tmons/monitor2.php?temperature=20.74&server=1 HTTP/1.1" 404 216 "-" "ESP8266HTTPClient"
192.168.1.62 - - [02/Mar/2021:14:27:12 +0600] "GET /tmons/monitor.php?temperature=22.39&server=1 HTTP/1.1" 404 215 "-" "ESP8266HTTPClient"
192.168.1.62 - - [02/Mar/2021:14:27:43 +0600] "GET /tmons/monitor2.php?temperature=20.74&server=1 HTTP/1.1" 404 216 "-" "ESP8266HTTPClient"
192.168.1.62 - - [02/Mar/2021:14:28:12 +0600] "GET /tmons/monitor.php?temperature=22.39&server=1 HTTP/1.1" 404 215 "-" "ESP8266HTTPClient"
192.168.1.62 - - [02/Mar/2021:14:28:43 +0600] "GET /tmons/monitor2.php?temperature=20.74&server=1 HTTP/1.1" 404 216 "-" "ESP8266HTTPClient"
192.168.1.62 - - [02/Mar/2021:14:29:15 +0600] "GET /tmons/monitor.php?temperature=22.39&server=1 HTTP/1.1" 404 215 "-" "ESP8266HTTPClient"
192.168.1.62 - - [02/Mar/2021:14:29:44 +0600] "GET /tmons/monitor2.php?temperature=20.74&server=1 HTTP/1.1" 404 216 "-" "ESP8266HTTPClient"
192.168.1.62 - - [02/Mar/2021:14:30:15 +0600] "GET /tmons/monitor.php?temperature=22.39&server=1 HTTP/1.1" 404 215 "-" "ESP8266HTTPClient"
192.168.1.62 - - [02/Mar/2021:14:30:44 +0600] "GET /tmons/monitor2.php?temperature=20.09&server=1 HTTP/1.1" 404 216 "-" "ESP8266HTTPClient"
192.168.1.112 - - [02/Mar/2021:14:31:01 +0600] "GET /tmons/ HTTP/1.1" 404 204 "-" "Mozilla/5.0 (Windows NT 10.0; Win64; x64; rv:86.0) Gecko/20100101 Firefox/86.0"
192.168.1.112 - - [02/Mar/2021:14:31:01 +0600] "GET /favicon.ico HTTP/1.1" 404 209 "http://192.168.0.59/tmons/" "Mozilla/5.0 (Windows NT 10.0; Win64; x64; rv:86.0) Gecko/20100101 Firefox/86.0"
192.168.1.112 - - [02/Mar/2021:14:31:08 +0600] "GET /vms/ HTTP/1.1" 404 225 "-" "Mozilla/5.0 (Windows NT 10.0; Win64; x64; rv:86.0) Gecko/20100101 Firefox/86.0"
192.168.1.112 - - [02/Mar/2021:14:31:08 +0600] "GET /favicon.ico HTTP/1.1" 404 209 "http://192.168.0.59/vms/" "Mozilla/5.0 (Windows NT 10.0; Win64; x64; rv:86.0) Gecko/20100101 Firefox/86.0"
192.168.1.112 - - [02/Mar/2021:14:31:09 +0600] "GET /vms/ HTTP/1.1" 404 225 "-" "Mozilla/5.0 (Windows NT 10.0; Win64; x64; rv:86.0) Gecko/20100101 Firefox/86.0"
192.168.1.112 - - [02/Mar/2021:14:31:09 +0600] "GET /favicon.ico HTTP/1.1" 404 209 "http://192.168.0.59/vms/" "Mozilla/5.0 (Windows NT 10.0; Win64; x64; rv:86.0) Gecko/20100101 Firefox/86.0"
192.168.1.112 - - [02/Mar/2021:14:31:10 +0600] "GET /vms/ HTTP/1.1" 404 225 "-" "Mozilla/5.0 (Windows NT 10.0; Win64; x64; rv:86.0) Gecko/20100101 Firefox/86.0"
192.168.1.112 - - [02/Mar/2021:14:31:14 +0600] "GET / HTTP/1.1" 200 1560 "-" "Mozilla/5.0 (Windows NT 10.0; Win64; x64; rv:86.0) Gecko/20100101 Firefox/86.0"
192.168.1.112 - - [02/Mar/2021:14:31:14 +0600] "GET /css/styles.css HTTP/1.1" 200 24919 "http://192.168.0.59/" "Mozilla/5.0 (Windows NT 10.0; Win64; x64; rv:86.0) Gecko/20100101 Firefox/86.0"
192.168.1.112 - - [02/Mar/2021:14:31:21 +0600] "GET /vms/ HTTP/1.1" 404 225 "-" "Mozilla/5.0 (Windows NT 10.0; Win64; x64; rv:86.0) Gecko/20100101 Firefox/86.0"
192.168.1.62 - - [02/Mar/2021:14:31:45 +0600] "GET /tmons/monitor2.php?temperature=20.74&server=1 HTTP/1.1" 404 216 "-" "ESP8266HTTPClient"
192.168.1.62 - - [02/Mar/2021:14:32:45 +0600] "GET /tmons/monitor2.php?temperature=20.74&server=1 HTTP/1.1" 404 216 "-" "ESP8266HTTPClient"
