194.146.24.107 - - [14/Nov/2022:07:25:04 +0600] "GET /config/getuser?index=0 HTTP/1.1" 404 212 "-" "Mozilla/5.0 (X11; Ubuntu; Linux x86_64; rv:76.0) Gecko/20100101 Firefox/76.0"
192.168.1.30 - - [14/Nov/2022:07:25:35 +0600] "GET /tmons/monitor.php?temperature=22.20&server=1 HTTP/1.1" 200 606 "-" "ESP8266HTTPClient"
192.168.1.30 - - [14/Nov/2022:07:26:35 +0600] "GET /tmons/monitor.php?temperature=22.00&server=1 HTTP/1.1" 200 606 "-" "ESP8266HTTPClient"
192.168.1.30 - - [14/Nov/2022:07:27:38 +0600] "GET /tmons/monitor.php?temperature=21.90&server=1 HTTP/1.1" 200 606 "-" "ESP8266HTTPClient"
192.168.1.30 - - [14/Nov/2022:07:29:44 +0600] "GET /tmons/monitor.php?temperature=21.80&server=1 HTTP/1.1" 200 606 "-" "ESP8266HTTPClient"
192.168.1.30 - - [14/Nov/2022:07:30:44 +0600] "GET /tmons/monitor.php?temperature=21.80&server=1 HTTP/1.1" 200 606 "-" "ESP8266HTTPClient"
192.168.1.30 - - [14/Nov/2022:07:31:45 +0600] "GET /tmons/monitor.php?temperature=21.90&server=1 HTTP/1.1" 200 606 "-" "ESP8266HTTPClient"
192.168.1.30 - - [14/Nov/2022:07:32:45 +0600] "GET /tmons/monitor.php?temperature=22.20&server=1 HTTP/1.1" 200 606 "-" "ESP8266HTTPClient"
192.168.1.30 - - [14/Nov/2022:07:33:45 +0600] "GET /tmons/monitor.php?temperature=22.50&server=1 HTTP/1.1" 200 606 "-" "ESP8266HTTPClient"
192.168.1.30 - - [14/Nov/2022:07:34:46 +0600] "GET /tmons/monitor.php?temperature=22.80&server=1 HTTP/1.1" 200 606 "-" "ESP8266HTTPClient"
192.168.1.30 - - [14/Nov/2022:07:35:49 +0600] "GET /tmons/monitor.php?temperature=22.80&server=1 HTTP/1.1" 200 606 "-" "ESP8266HTTPClient"
192.168.1.30 - - [14/Nov/2022:07:36:49 +0600] "GET /tmons/monitor.php?temperature=22.50&server=1 HTTP/1.1" 200 606 "-" "ESP8266HTTPClient"
192.168.1.30 - - [14/Nov/2022:07:37:49 +0600] "GET /tmons/monitor.php?temperature=22.40&server=1 HTTP/1.1" 200 606 "-" "ESP8266HTTPClient"
192.168.1.30 - - [14/Nov/2022:07:38:50 +0600] "GET /tmons/monitor.php?temperature=22.20&server=1 HTTP/1.1" 200 606 "-" "ESP8266HTTPClient"
192.168.1.30 - - [14/Nov/2022:07:39:50 +0600] "GET /tmons/monitor.php?temperature=22.10&server=1 HTTP/1.1" 200 606 "-" "ESP8266HTTPClient"
192.168.1.30 - - [14/Nov/2022:07:40:51 +0600] "GET /tmons/monitor.php?temperature=22.00&server=1 HTTP/1.1" 200 606 "-" "ESP8266HTTPClient"
192.168.1.30 - - [14/Nov/2022:07:41:51 +0600] "GET /tmons/monitor.php?temperature=22.00&server=1 HTTP/1.1" 200 606 "-" "ESP8266HTTPClient"
3.101.42.189 - - [14/Nov/2022:07:42:11 +0600] "GET / HTTP/1.1" 200 139 "-" "Mozilla/5.0 (Macintosh; Intel Mac OS X 10_11_5) AppleWebKit/537.36 (KHTML, like Gecko) Chrome/50.0.2661.102 Safari/537.36"
192.168.1.30 - - [14/Nov/2022:07:42:51 +0600] "GET /tmons/monitor.php?temperature=21.80&server=1 HTTP/1.1" 200 606 "-" "ESP8266HTTPClient"
192.168.1.30 - - [14/Nov/2022:07:43:54 +0600] "GET /tmons/monitor.php?temperature=21.80&server=1 HTTP/1.1" 200 606 "-" "ESP8266HTTPClient"
192.168.1.30 - - [14/Nov/2022:07:44:55 +0600] "GET /tmons/monitor.php?temperature=21.80&server=1 HTTP/1.1" 200 606 "-" "ESP8266HTTPClient"
192.168.1.30 - - [14/Nov/2022:07:45:55 +0600] "GET /tmons/monitor.php?temperature=21.70&server=1 HTTP/1.1" 200 606 "-" "ESP8266HTTPClient"
192.168.1.30 - - [14/Nov/2022:07:46:55 +0600] "GET /tmons/monitor.php?temperature=21.80&server=1 HTTP/1.1" 200 606 "-" "ESP8266HTTPClient"
192.168.1.30 - - [14/Nov/2022:07:47:56 +0600] "GET /tmons/monitor.php?temperature=22.10&server=1 HTTP/1.1" 200 606 "-" "ESP8266HTTPClient"
192.168.1.30 - - [14/Nov/2022:07:48:56 +0600] "GET /tmons/monitor.php?temperature=22.50&server=1 HTTP/1.1" 200 606 "-" "ESP8266HTTPClient"
192.168.1.30 - - [14/Nov/2022:07:49:56 +0600] "GET /tmons/monitor.php?temperature=22.70&server=1 HTTP/1.1" 200 606 "-" "ESP8266HTTPClient"
192.168.1.30 - - [14/Nov/2022:07:50:57 +0600] "GET /tmons/monitor.php?temperature=22.80&server=1 HTTP/1.1" 200 606 "-" "ESP8266HTTPClient"
192.168.1.30 - - [14/Nov/2022:07:51:57 +0600] "GET /tmons/monitor.php?temperature=22.50&server=1 HTTP/1.1" 200 606 "-" "ESP8266HTTPClient"
192.168.1.30 - - [14/Nov/2022:07:52:57 +0600] "GET /tmons/monitor.php?temperature=22.40&server=1 HTTP/1.1" 200 606 "-" "ESP8266HTTPClient"
192.168.1.30 - - [14/Nov/2022:07:53:58 +0600] "GET /tmons/monitor.php?temperature=22.20&server=1 HTTP/1.1" 200 606 "-" "ESP8266HTTPClient"
192.168.1.30 - - [14/Nov/2022:07:54:58 +0600] "GET /tmons/monitor.php?temperature=22.10&server=1 HTTP/1.1" 200 606 "-" "ESP8266HTTPClient"
45.61.188.24 - - [14/Nov/2022:07:55:10 +0600] "POST /boaform/admin/formLogin HTTP/1.1" 404 221 "http://103.231.135.59:80/admin/login.asp" "Mozilla/5.0 (X11; Ubuntu; Linux x86_64; rv:71.0) Gecko/20100101 Firefox/71.0"
192.168.1.30 - - [14/Nov/2022:07:55:58 +0600] "GET /tmons/monitor.php?temperature=22.00&server=1 HTTP/1.1" 200 606 "-" "ESP8266HTTPClient"
109.248.6.45 - - [14/Nov/2022:07:56:25 +0600] "GET / HTTP/1.0" 200 139 "-" "masscan-ng/1.3 (https://github.com/bi-zone/masscan-ng)"
192.168.1.30 - - [14/Nov/2022:07:56:59 +0600] "GET /tmons/monitor.php?temperature=22.00&server=1 HTTP/1.1" 200 606 "-" "ESP8266HTTPClient"
192.168.1.30 - - [14/Nov/2022:07:57:59 +0600] "GET /tmons/monitor.php?temperature=22.00&server=1 HTTP/1.1" 200 606 "-" "ESP8266HTTPClient"
192.168.1.30 - - [14/Nov/2022:07:58:59 +0600] "GET /tmons/monitor.php?temperature=21.80&server=1 HTTP/1.1" 200 606 "-" "ESP8266HTTPClient"
31.220.1.83 - - [14/Nov/2022:07:59:22 +0600] "GET / HTTP/1.1" 200 139 "-" "Mozilla/5.0 (compatible; CensysInspect/1.1; +https://about.censys.io/)"
192.168.1.30 - - [14/Nov/2022:08:00:00 +0600] "GET /tmons/monitor.php?temperature=21.80&server=1 HTTP/1.1" 200 606 "-" "ESP8266HTTPClient"
192.168.1.30 - - [14/Nov/2022:08:01:00 +0600] "GET /tmons/monitor.php?temperature=21.70&server=1 HTTP/1.1" 200 606 "-" "ESP8266HTTPClient"
192.168.1.30 - - [14/Nov/2022:08:02:01 +0600] "GET /tmons/monitor.php?temperature=21.70&server=1 HTTP/1.1" 200 606 "-" "ESP8266HTTPClient"
192.168.1.30 - - [14/Nov/2022:08:03:01 +0600] "GET /tmons/monitor.php?temperature=21.70&server=1 HTTP/1.1" 200 606 "-" "ESP8266HTTPClient"
192.168.1.30 - - [14/Nov/2022:08:04:01 +0600] "GET /tmons/monitor.php?temperature=21.60&server=1 HTTP/1.1" 200 606 "-" "ESP8266HTTPClient"
192.168.1.30 - - [14/Nov/2022:08:05:02 +0600] "GET /tmons/monitor.php?temperature=21.90&server=1 HTTP/1.1" 200 606 "-" "ESP8266HTTPClient"
185.180.143.81 - - [14/Nov/2022:08:05:43 +0600] "GET / HTTP/1.1" 200 139 "-" "Mozilla/5.0 (Windows NT 10.0; Win64; x64) AppleWebKit/537.36 (KHTML, like Gecko) Chrome/60.0.3112.113 Safari/537.36"
185.180.143.81 - - [14/Nov/2022:08:05:53 +0600] "GET /webfig/ HTTP/1.1" 404 205 "-" "Mozilla/5.0 (Windows NT 10.0; Win64; x64) AppleWebKit/537.36 (KHTML, like Gecko) Chrome/60.0.3112.113 Safari/537.36"
192.168.1.30 - - [14/Nov/2022:08:06:02 +0600] "GET /tmons/monitor.php?temperature=22.30&server=1 HTTP/1.1" 200 606 "-" "ESP8266HTTPClient"
185.180.143.81 - - [14/Nov/2022:08:06:04 +0600] "GET /solr/ HTTP/1.1" 404 203 "-" "Mozilla/5.0 (Windows NT 10.0; Win64; x64) AppleWebKit/537.36 (KHTML, like Gecko) Chrome/60.0.3112.113 Safari/537.36"
192.168.1.30 - - [14/Nov/2022:08:07:02 +0600] "GET /tmons/monitor.php?temperature=22.60&server=1 HTTP/1.1" 200 606 "-" "ESP8266HTTPClient"
192.168.1.30 - - [14/Nov/2022:08:08:03 +0600] "GET /tmons/monitor.php?temperature=22.70&server=1 HTTP/1.1" 200 606 "-" "ESP8266HTTPClient"
192.168.1.30 - - [14/Nov/2022:08:09:03 +0600] "GET /tmons/monitor.php?temperature=22.50&server=1 HTTP/1.1" 200 606 "-" "ESP8266HTTPClient"
31.220.1.83 - - [14/Nov/2022:08:09:20 +0600] "GET / HTTP/1.1" 200 139 "-" "Mozilla/5.0 (compatible; CensysInspect/1.1; +https://about.censys.io/)"
192.168.1.30 - - [14/Nov/2022:08:10:03 +0600] "GET /tmons/monitor.php?temperature=22.40&server=1 HTTP/1.1" 200 606 "-" "ESP8266HTTPClient"
192.168.1.30 - - [14/Nov/2022:08:11:03 +0600] "GET /tmons/monitor.php?temperature=22.10&server=1 HTTP/1.1" 200 606 "-" "ESP8266HTTPClient"
37.44.238.205 - - [14/Nov/2022:08:11:29 +0600] "GET / HTTP/1.1" 200 139 "-" "Linux Gnu (cow)"
92.118.39.78 - - [14/Nov/2022:08:11:34 +0600] "GET / HTTP/1.1" 200 139 "-" "-"
192.168.1.30 - - [14/Nov/2022:08:12:04 +0600] "GET /tmons/monitor.php?temperature=22.10&server=1 HTTP/1.1" 200 606 "-" "ESP8266HTTPClient"
192.168.1.30 - - [14/Nov/2022:08:13:04 +0600] "GET /tmons/monitor.php?temperature=22.20&server=1 HTTP/1.1" 200 606 "-" "ESP8266HTTPClient"
192.168.1.30 - - [14/Nov/2022:08:14:04 +0600] "GET /tmons/monitor.php?temperature=23.00&server=1 HTTP/1.1" 200 606 "-" "ESP8266HTTPClient"
192.168.1.30 - - [14/Nov/2022:08:15:05 +0600] "GET /tmons/monitor.php?temperature=23.50&server=1 HTTP/1.1" 200 606 "-" "ESP8266HTTPClient"
192.168.1.30 - - [14/Nov/2022:08:16:05 +0600] "GET /tmons/monitor.php?temperature=23.80&server=1 HTTP/1.1" 200 606 "-" "ESP8266HTTPClient"
192.168.1.30 - - [14/Nov/2022:08:17:06 +0600] "GET /tmons/monitor.php?temperature=23.60&server=1 HTTP/1.1" 200 606 "-" "ESP8266HTTPClient"
192.168.1.30 - - [14/Nov/2022:08:18:06 +0600] "GET /tmons/monitor.php?temperature=23.10&server=1 HTTP/1.1" 200 606 "-" "ESP8266HTTPClient"
192.168.1.30 - - [14/Nov/2022:08:19:06 +0600] "GET /tmons/monitor.php?temperature=22.60&server=1 HTTP/1.1" 200 606 "-" "ESP8266HTTPClient"
192.168.1.30 - - [14/Nov/2022:08:20:07 +0600] "GET /tmons/monitor.php?temperature=22.30&server=1 HTTP/1.1" 200 606 "-" "ESP8266HTTPClient"
192.168.1.30 - - [14/Nov/2022:08:21:07 +0600] "GET /tmons/monitor.php?temperature=22.10&server=1 HTTP/1.1" 200 606 "-" "ESP8266HTTPClient"
185.80.32.99 - - [14/Nov/2022:08:22:01 +0600] "GET / HTTP/1.1" 200 139 "-" "Mozilla/5.0 (Windows NT 6.1; WOW64) AppleWebKit/537.36 (KHTML, like Gecko) Chrome/51.0.2704.103 Safari/537.36"
192.168.1.30 - - [14/Nov/2022:08:22:08 +0600] "GET /tmons/monitor.php?temperature=22.00&server=1 HTTP/1.1" 200 606 "-" "ESP8266HTTPClient"
192.168.1.30 - - [14/Nov/2022:08:23:08 +0600] "GET /tmons/monitor.php?temperature=21.80&server=1 HTTP/1.1" 200 606 "-" "ESP8266HTTPClient"
192.168.1.30 - - [14/Nov/2022:08:24:08 +0600] "GET /tmons/monitor.php?temperature=21.70&server=1 HTTP/1.1" 200 606 "-" "ESP8266HTTPClient"
192.168.1.30 - - [14/Nov/2022:08:25:09 +0600] "GET /tmons/monitor.php?temperature=21.60&server=1 HTTP/1.1" 200 606 "-" "ESP8266HTTPClient"
192.168.1.30 - - [14/Nov/2022:08:26:09 +0600] "GET /tmons/monitor.php?temperature=21.50&server=1 HTTP/1.1" 200 606 "-" "ESP8266HTTPClient"
192.168.1.30 - - [14/Nov/2022:08:27:09 +0600] "GET /tmons/monitor.php?temperature=21.50&server=1 HTTP/1.1" 200 606 "-" "ESP8266HTTPClient"
192.168.1.30 - - [14/Nov/2022:08:28:10 +0600] "GET /tmons/monitor.php?temperature=21.50&server=1 HTTP/1.1" 200 606 "-" "ESP8266HTTPClient"
192.168.1.30 - - [14/Nov/2022:08:29:10 +0600] "GET /tmons/monitor.php?temperature=21.40&server=1 HTTP/1.1" 200 606 "-" "ESP8266HTTPClient"
192.168.1.30 - - [14/Nov/2022:08:30:10 +0600] "GET /tmons/monitor.php?temperature=21.30&server=1 HTTP/1.1" 200 606 "-" "ESP8266HTTPClient"
192.168.1.30 - - [14/Nov/2022:08:31:13 +0600] "GET /tmons/monitor.php?temperature=21.30&server=1 HTTP/1.1" 200 606 "-" "ESP8266HTTPClient"
192.168.1.30 - - [14/Nov/2022:08:32:14 +0600] "GET /tmons/monitor.php?temperature=21.20&server=1 HTTP/1.1" 200 606 "-" "ESP8266HTTPClient"
192.168.1.30 - - [14/Nov/2022:08:33:14 +0600] "GET /tmons/monitor.php?temperature=21.20&server=1 HTTP/1.1" 200 606 "-" "ESP8266HTTPClient"
194.146.24.107 - - [14/Nov/2022:08:33:17 +0600] "GET /config/getuser?index=0 HTTP/1.1" 404 212 "-" "Mozilla/5.0 (X11; Ubuntu; Linux x86_64; rv:76.0) Gecko/20100101 Firefox/76.0"
192.168.1.30 - - [14/Nov/2022:08:34:14 +0600] "GET /tmons/monitor.php?temperature=21.20&server=1 HTTP/1.1" 200 606 "-" "ESP8266HTTPClient"
192.168.1.30 - - [14/Nov/2022:08:35:15 +0600] "GET /tmons/monitor.php?temperature=21.10&server=1 HTTP/1.1" 200 606 "-" "ESP8266HTTPClient"
192.168.1.30 - - [14/Nov/2022:08:36:15 +0600] "GET /tmons/monitor.php?temperature=21.10&server=1 HTTP/1.1" 200 606 "-" "ESP8266HTTPClient"
192.168.1.30 - - [14/Nov/2022:08:37:16 +0600] "GET /tmons/monitor.php?temperature=21.10&server=1 HTTP/1.1" 200 606 "-" "ESP8266HTTPClient"
192.168.1.30 - - [14/Nov/2022:08:39:21 +0600] "GET /tmons/monitor.php?temperature=21.10&server=1 HTTP/1.1" 200 606 "-" "ESP8266HTTPClient"
192.168.1.30 - - [14/Nov/2022:08:40:22 +0600] "GET /tmons/monitor.php?temperature=21.10&server=1 HTTP/1.1" 200 606 "-" "ESP8266HTTPClient"
192.168.1.30 - - [14/Nov/2022:08:41:22 +0600] "GET /tmons/monitor.php?temperature=21.10&server=1 HTTP/1.1" 200 606 "-" "ESP8266HTTPClient"
192.168.1.30 - - [14/Nov/2022:08:42:22 +0600] "GET /tmons/monitor.php?temperature=21.00&server=1 HTTP/1.1" 200 606 "-" "ESP8266HTTPClient"
192.168.1.30 - - [14/Nov/2022:08:45:37 +0600] "GET /tmons/monitor.php?temperature=20.80&server=1 HTTP/1.1" 200 606 "-" "ESP8266HTTPClient"
192.168.1.30 - - [14/Nov/2022:08:46:37 +0600] "GET /tmons/monitor.php?temperature=20.80&server=1 HTTP/1.1" 200 606 "-" "ESP8266HTTPClient"
192.168.1.30 - - [14/Nov/2022:08:47:37 +0600] "GET /tmons/monitor.php?temperature=20.80&server=1 HTTP/1.1" 200 606 "-" "ESP8266HTTPClient"
192.168.1.30 - - [14/Nov/2022:08:48:38 +0600] "GET /tmons/monitor.php?temperature=20.70&server=1 HTTP/1.1" 200 606 "-" "ESP8266HTTPClient"
192.168.1.30 - - [14/Nov/2022:08:49:38 +0600] "GET /tmons/monitor.php?temperature=20.80&server=1 HTTP/1.1" 200 606 "-" "ESP8266HTTPClient"
192.168.1.30 - - [14/Nov/2022:08:50:38 +0600] "GET /tmons/monitor.php?temperature=20.80&server=1 HTTP/1.1" 200 606 "-" "ESP8266HTTPClient"
192.168.1.30 - - [14/Nov/2022:08:51:41 +0600] "GET /tmons/monitor.php?temperature=20.70&server=1 HTTP/1.1" 200 606 "-" "ESP8266HTTPClient"
192.168.1.30 - - [14/Nov/2022:08:52:42 +0600] "GET /tmons/monitor.php?temperature=20.70&server=1 HTTP/1.1" 200 606 "-" "ESP8266HTTPClient"
192.168.1.30 - - [14/Nov/2022:08:53:42 +0600] "GET /tmons/monitor.php?temperature=20.80&server=1 HTTP/1.1" 200 606 "-" "ESP8266HTTPClient"
192.168.1.30 - - [14/Nov/2022:08:54:45 +0600] "GET /tmons/monitor.php?temperature=20.70&server=1 HTTP/1.1" 200 606 "-" "ESP8266HTTPClient"
192.168.1.30 - - [14/Nov/2022:08:55:46 +0600] "GET /tmons/monitor.php?temperature=20.80&server=1 HTTP/1.1" 200 606 "-" "ESP8266HTTPClient"
192.168.1.30 - - [14/Nov/2022:08:56:46 +0600] "GET /tmons/monitor.php?temperature=20.80&server=1 HTTP/1.1" 200 606 "-" "ESP8266HTTPClient"
192.168.1.30 - - [14/Nov/2022:08:57:52 +0600] "GET /tmons/monitor.php?temperature=20.70&server=1 HTTP/1.1" 200 606 "-" "ESP8266HTTPClient"
192.168.1.30 - - [14/Nov/2022:09:00:05 +0600] "GET /tmons/monitor.php?temperature=20.70&server=1 HTTP/1.1" 200 606 "-" "ESP8266HTTPClient"
192.168.1.30 - - [14/Nov/2022:09:01:04 +0600] "GET /tmons/monitor.php?temperature=20.70&server=1 HTTP/1.1" 200 606 "-" "ESP8266HTTPClient"
192.168.1.30 - - [14/Nov/2022:09:02:05 +0600] "GET /tmons/monitor.php?temperature=20.70&server=1 HTTP/1.1" 200 606 "-" "ESP8266HTTPClient"
192.168.1.30 - - [14/Nov/2022:09:03:05 +0600] "GET /tmons/monitor.php?temperature=20.70&server=1 HTTP/1.1" 200 606 "-" "ESP8266HTTPClient"
192.168.1.30 - - [14/Nov/2022:09:04:05 +0600] "GET /tmons/monitor.php?temperature=20.70&server=1 HTTP/1.1" 200 606 "-" "ESP8266HTTPClient"
192.168.1.30 - - [14/Nov/2022:09:05:06 +0600] "GET /tmons/monitor.php?temperature=20.70&server=1 HTTP/1.1" 200 606 "-" "ESP8266HTTPClient"
192.168.1.30 - - [14/Nov/2022:09:06:06 +0600] "GET /tmons/monitor.php?temperature=20.70&server=1 HTTP/1.1" 200 606 "-" "ESP8266HTTPClient"
192.168.1.30 - - [14/Nov/2022:09:07:06 +0600] "GET /tmons/monitor.php?temperature=20.70&server=1 HTTP/1.1" 200 606 "-" "ESP8266HTTPClient"
192.168.1.30 - - [14/Nov/2022:09:08:07 +0600] "GET /tmons/monitor.php?temperature=20.70&server=1 HTTP/1.1" 200 606 "-" "ESP8266HTTPClient"
192.168.1.30 - - [14/Nov/2022:09:09:07 +0600] "GET /tmons/monitor.php?temperature=20.70&server=1 HTTP/1.1" 200 606 "-" "ESP8266HTTPClient"
192.168.1.30 - - [14/Nov/2022:09:10:07 +0600] "GET /tmons/monitor.php?temperature=20.70&server=1 HTTP/1.1" 200 606 "-" "ESP8266HTTPClient"
192.168.1.30 - - [14/Nov/2022:09:11:08 +0600] "GET /tmons/monitor.php?temperature=20.70&server=1 HTTP/1.1" 200 606 "-" "ESP8266HTTPClient"
192.168.1.30 - - [14/Nov/2022:09:12:08 +0600] "GET /tmons/monitor.php?temperature=20.70&server=1 HTTP/1.1" 200 606 "-" "ESP8266HTTPClient"
192.168.1.30 - - [14/Nov/2022:09:13:08 +0600] "GET /tmons/monitor.php?temperature=20.60&server=1 HTTP/1.1" 200 606 "-" "ESP8266HTTPClient"
194.146.24.107 - - [14/Nov/2022:09:13:27 +0600] "GET /config/getuser?index=0 HTTP/1.1" 404 212 "-" "Mozilla/5.0 (X11; Ubuntu; Linux x86_64; rv:76.0) Gecko/20100101 Firefox/76.0"
192.168.1.30 - - [14/Nov/2022:09:14:09 +0600] "GET /tmons/monitor.php?temperature=20.70&server=1 HTTP/1.1" 200 606 "-" "ESP8266HTTPClient"
192.168.1.30 - - [14/Nov/2022:09:15:09 +0600] "GET /tmons/monitor.php?temperature=20.60&server=1 HTTP/1.1" 200 606 "-" "ESP8266HTTPClient"
192.168.1.30 - - [14/Nov/2022:09:16:13 +0600] "GET /tmons/monitor.php?temperature=20.70&server=1 HTTP/1.1" 200 606 "-" "ESP8266HTTPClient"
192.168.1.30 - - [14/Nov/2022:09:17:16 +0600] "GET /tmons/monitor.php?temperature=20.70&server=1 HTTP/1.1" 200 606 "-" "ESP8266HTTPClient"
192.168.1.30 - - [14/Nov/2022:09:18:16 +0600] "GET /tmons/monitor.php?temperature=20.60&server=1 HTTP/1.1" 200 606 "-" "ESP8266HTTPClient"
192.168.1.30 - - [14/Nov/2022:09:19:17 +0600] "GET /tmons/monitor.php?temperature=20.60&server=1 HTTP/1.1" 200 606 "-" "ESP8266HTTPClient"
192.168.1.30 - - [14/Nov/2022:09:20:17 +0600] "GET /tmons/monitor.php?temperature=20.60&server=1 HTTP/1.1" 200 606 "-" "ESP8266HTTPClient"
192.168.1.30 - - [14/Nov/2022:09:21:17 +0600] "GET /tmons/monitor.php?temperature=20.60&server=1 HTTP/1.1" 200 606 "-" "ESP8266HTTPClient"
192.168.1.30 - - [14/Nov/2022:09:22:18 +0600] "GET /tmons/monitor.php?temperature=20.60&server=1 HTTP/1.1" 200 606 "-" "ESP8266HTTPClient"
192.168.1.30 - - [14/Nov/2022:09:23:18 +0600] "GET /tmons/monitor.php?temperature=20.60&server=1 HTTP/1.1" 200 606 "-" "ESP8266HTTPClient"
192.168.1.30 - - [14/Nov/2022:09:24:19 +0600] "GET /tmons/monitor.php?temperature=20.50&server=1 HTTP/1.1" 200 606 "-" "ESP8266HTTPClient"
192.168.1.30 - - [14/Nov/2022:09:25:19 +0600] "GET /tmons/monitor.php?temperature=20.60&server=1 HTTP/1.1" 200 606 "-" "ESP8266HTTPClient"
192.168.1.30 - - [14/Nov/2022:09:26:19 +0600] "GET /tmons/monitor.php?temperature=20.50&server=1 HTTP/1.1" 200 606 "-" "ESP8266HTTPClient"
192.168.1.30 - - [14/Nov/2022:09:27:20 +0600] "GET /tmons/monitor.php?temperature=20.50&server=1 HTTP/1.1" 200 606 "-" "ESP8266HTTPClient"
192.168.1.30 - - [14/Nov/2022:09:28:20 +0600] "GET /tmons/monitor.php?temperature=20.50&server=1 HTTP/1.1" 200 606 "-" "ESP8266HTTPClient"
192.168.1.30 - - [14/Nov/2022:09:29:21 +0600] "GET /tmons/monitor.php?temperature=20.50&server=1 HTTP/1.1" 200 606 "-" "ESP8266HTTPClient"
192.168.1.30 - - [14/Nov/2022:09:30:21 +0600] "GET /tmons/monitor.php?temperature=20.50&server=1 HTTP/1.1" 200 606 "-" "ESP8266HTTPClient"
192.168.1.30 - - [14/Nov/2022:09:31:21 +0600] "GET /tmons/monitor.php?temperature=20.50&server=1 HTTP/1.1" 200 606 "-" "ESP8266HTTPClient"
192.168.1.30 - - [14/Nov/2022:09:32:22 +0600] "GET /tmons/monitor.php?temperature=20.50&server=1 HTTP/1.1" 200 606 "-" "ESP8266HTTPClient"
192.168.1.30 - - [14/Nov/2022:09:33:22 +0600] "GET /tmons/monitor.php?temperature=20.50&server=1 HTTP/1.1" 200 606 "-" "ESP8266HTTPClient"
192.168.1.30 - - [14/Nov/2022:09:34:22 +0600] "GET /tmons/monitor.php?temperature=20.50&server=1 HTTP/1.1" 200 606 "-" "ESP8266HTTPClient"
192.168.1.30 - - [14/Nov/2022:09:35:23 +0600] "GET /tmons/monitor.php?temperature=20.50&server=1 HTTP/1.1" 200 606 "-" "ESP8266HTTPClient"
192.168.1.30 - - [14/Nov/2022:09:36:23 +0600] "GET /tmons/monitor.php?temperature=20.50&server=1 HTTP/1.1" 200 606 "-" "ESP8266HTTPClient"
192.168.1.30 - - [14/Nov/2022:09:37:23 +0600] "GET /tmons/monitor.php?temperature=20.50&server=1 HTTP/1.1" 200 606 "-" "ESP8266HTTPClient"
192.168.1.30 - - [14/Nov/2022:09:38:24 +0600] "GET /tmons/monitor.php?temperature=20.50&server=1 HTTP/1.1" 200 606 "-" "ESP8266HTTPClient"
192.168.1.30 - - [14/Nov/2022:09:39:33 +0600] "GET /tmons/monitor.php?temperature=20.50&server=1 HTTP/1.1" 200 606 "-" "ESP8266HTTPClient"
192.168.1.30 - - [14/Nov/2022:09:40:30 +0600] "GET /tmons/monitor.php?temperature=20.50&server=1 HTTP/1.1" 200 606 "-" "ESP8266HTTPClient"
192.168.1.30 - - [14/Nov/2022:09:41:30 +0600] "GET /tmons/monitor.php?temperature=20.50&server=1 HTTP/1.1" 200 606 "-" "ESP8266HTTPClient"
192.168.1.30 - - [14/Nov/2022:09:42:31 +0600] "GET /tmons/monitor.php?temperature=20.50&server=1 HTTP/1.1" 200 606 "-" "ESP8266HTTPClient"
192.168.1.30 - - [14/Nov/2022:09:43:31 +0600] "GET /tmons/monitor.php?temperature=20.50&server=1 HTTP/1.1" 200 606 "-" "ESP8266HTTPClient"
192.168.1.30 - - [14/Nov/2022:09:44:31 +0600] "GET /tmons/monitor.php?temperature=20.50&server=1 HTTP/1.1" 200 606 "-" "ESP8266HTTPClient"
192.168.1.30 - - [14/Nov/2022:09:45:32 +0600] "GET /tmons/monitor.php?temperature=20.50&server=1 HTTP/1.1" 200 606 "-" "ESP8266HTTPClient"
192.168.1.30 - - [14/Nov/2022:09:46:32 +0600] "GET /tmons/monitor.php?temperature=20.50&server=1 HTTP/1.1" 200 606 "-" "ESP8266HTTPClient"
192.168.1.30 - - [14/Nov/2022:09:47:35 +0600] "GET /tmons/monitor.php?temperature=20.50&server=1 HTTP/1.1" 200 606 "-" "ESP8266HTTPClient"
192.168.1.30 - - [14/Nov/2022:09:48:36 +0600] "GET /tmons/monitor.php?temperature=20.50&server=1 HTTP/1.1" 200 606 "-" "ESP8266HTTPClient"
192.168.1.30 - - [14/Nov/2022:09:49:36 +0600] "GET /tmons/monitor.php?temperature=20.50&server=1 HTTP/1.1" 200 606 "-" "ESP8266HTTPClient"
192.168.1.30 - - [14/Nov/2022:09:50:37 +0600] "GET /tmons/monitor.php?temperature=20.50&server=1 HTTP/1.1" 200 606 "-" "ESP8266HTTPClient"
192.168.1.30 - - [14/Nov/2022:09:51:37 +0600] "GET /tmons/monitor.php?temperature=20.50&server=1 HTTP/1.1" 200 606 "-" "ESP8266HTTPClient"
192.168.1.30 - - [14/Nov/2022:09:52:37 +0600] "GET /tmons/monitor.php?temperature=20.50&server=1 HTTP/1.1" 200 606 "-" "ESP8266HTTPClient"
192.168.1.30 - - [14/Nov/2022:09:53:38 +0600] "GET /tmons/monitor.php?temperature=20.50&server=1 HTTP/1.1" 200 606 "-" "ESP8266HTTPClient"
192.168.1.30 - - [14/Nov/2022:09:54:38 +0600] "GET /tmons/monitor.php?temperature=20.50&server=1 HTTP/1.1" 200 606 "-" "ESP8266HTTPClient"
192.168.1.30 - - [14/Nov/2022:09:55:38 +0600] "GET /tmons/monitor.php?temperature=20.50&server=1 HTTP/1.1" 200 606 "-" "ESP8266HTTPClient"
192.168.1.30 - - [14/Nov/2022:09:56:39 +0600] "GET /tmons/monitor.php?temperature=20.60&server=1 HTTP/1.1" 200 606 "-" "ESP8266HTTPClient"
192.168.1.30 - - [14/Nov/2022:09:57:39 +0600] "GET /tmons/monitor.php?temperature=20.50&server=1 HTTP/1.1" 200 606 "-" "ESP8266HTTPClient"
192.168.1.30 - - [14/Nov/2022:09:58:39 +0600] "GET /tmons/monitor.php?temperature=20.50&server=1 HTTP/1.1" 200 606 "-" "ESP8266HTTPClient"
192.168.1.30 - - [14/Nov/2022:09:59:40 +0600] "GET /tmons/monitor.php?temperature=20.50&server=1 HTTP/1.1" 200 606 "-" "ESP8266HTTPClient"
192.168.1.30 - - [14/Nov/2022:10:00:40 +0600] "GET /tmons/monitor.php?temperature=20.40&server=1 HTTP/1.1" 200 606 "-" "ESP8266HTTPClient"
192.168.1.30 - - [14/Nov/2022:10:01:40 +0600] "GET /tmons/monitor.php?temperature=20.50&server=1 HTTP/1.1" 200 606 "-" "ESP8266HTTPClient"
192.168.1.30 - - [14/Nov/2022:10:02:41 +0600] "GET /tmons/monitor.php?temperature=20.50&server=1 HTTP/1.1" 200 606 "-" "ESP8266HTTPClient"
192.168.1.30 - - [14/Nov/2022:10:03:41 +0600] "GET /tmons/monitor.php?temperature=20.40&server=1 HTTP/1.1" 200 606 "-" "ESP8266HTTPClient"
123.160.200.147 - - [14/Nov/2022:10:04:20 +0600] "GET /phpmyadmin/ HTTP/1.1" 404 209 "-" "Mozilla/5.0 (Windows NT 10.0; WOW64) AppleWebKit/537.36 (KHTML, like Gecko) Chrome/51.0.2704.103 Safari/537.36"
192.168.1.30 - - [14/Nov/2022:10:04:42 +0600] "GET /tmons/monitor.php?temperature=20.40&server=1 HTTP/1.1" 200 606 "-" "ESP8266HTTPClient"
192.168.1.30 - - [14/Nov/2022:10:05:42 +0600] "GET /tmons/monitor.php?temperature=20.50&server=1 HTTP/1.1" 200 606 "-" "ESP8266HTTPClient"
192.168.1.30 - - [14/Nov/2022:10:06:42 +0600] "GET /tmons/monitor.php?temperature=20.50&server=1 HTTP/1.1" 200 606 "-" "ESP8266HTTPClient"
192.168.1.30 - - [14/Nov/2022:10:07:43 +0600] "GET /tmons/monitor.php?temperature=20.50&server=1 HTTP/1.1" 200 606 "-" "ESP8266HTTPClient"
192.168.1.30 - - [14/Nov/2022:10:08:43 +0600] "GET /tmons/monitor.php?temperature=20.50&server=1 HTTP/1.1" 200 606 "-" "ESP8266HTTPClient"
192.168.1.30 - - [14/Nov/2022:10:09:43 +0600] "GET /tmons/monitor.php?temperature=20.40&server=1 HTTP/1.1" 200 606 "-" "ESP8266HTTPClient"
192.168.1.30 - - [14/Nov/2022:10:10:44 +0600] "GET /tmons/monitor.php?temperature=20.50&server=1 HTTP/1.1" 200 606 "-" "ESP8266HTTPClient"
192.168.1.30 - - [14/Nov/2022:10:11:44 +0600] "GET /tmons/monitor.php?temperature=20.40&server=1 HTTP/1.1" 200 606 "-" "ESP8266HTTPClient"
192.168.1.30 - - [14/Nov/2022:10:12:44 +0600] "GET /tmons/monitor.php?temperature=20.40&server=1 HTTP/1.1" 200 606 "-" "ESP8266HTTPClient"
192.168.1.30 - - [14/Nov/2022:10:13:45 +0600] "GET /tmons/monitor.php?temperature=20.50&server=1 HTTP/1.1" 200 606 "-" "ESP8266HTTPClient"
192.168.1.30 - - [14/Nov/2022:10:14:45 +0600] "GET /tmons/monitor.php?temperature=20.50&server=1 HTTP/1.1" 200 606 "-" "ESP8266HTTPClient"
192.168.1.30 - - [14/Nov/2022:10:15:45 +0600] "GET /tmons/monitor.php?temperature=20.50&server=1 HTTP/1.1" 200 606 "-" "ESP8266HTTPClient"
192.168.1.30 - - [14/Nov/2022:10:16:46 +0600] "GET /tmons/monitor.php?temperature=20.50&server=1 HTTP/1.1" 200 606 "-" "ESP8266HTTPClient"
38.242.219.189 - - [14/Nov/2022:10:17:00 +0600] "GET / HTTP/1.1" 200 139 "-" "Mozilla/5.0 (X11; Linux x86_64) AppleWebKit/537.36 (KHTML, like Gecko) Chrome/77.0.3865.90 Safari/537.36"
192.168.1.30 - - [14/Nov/2022:10:17:46 +0600] "GET /tmons/monitor.php?temperature=20.40&server=1 HTTP/1.1" 200 606 "-" "ESP8266HTTPClient"
192.168.1.30 - - [14/Nov/2022:10:18:46 +0600] "GET /tmons/monitor.php?temperature=20.40&server=1 HTTP/1.1" 200 606 "-" "ESP8266HTTPClient"
192.168.1.30 - - [14/Nov/2022:10:19:47 +0600] "GET /tmons/monitor.php?temperature=21.20&server=1 HTTP/1.1" 200 606 "-" "ESP8266HTTPClient"
192.168.1.30 - - [14/Nov/2022:10:20:47 +0600] "GET /tmons/monitor.php?temperature=22.00&server=1 HTTP/1.1" 200 606 "-" "ESP8266HTTPClient"
192.168.1.30 - - [14/Nov/2022:10:21:47 +0600] "GET /tmons/monitor.php?temperature=22.50&server=1 HTTP/1.1" 200 606 "-" "ESP8266HTTPClient"
192.168.1.30 - - [14/Nov/2022:10:22:48 +0600] "GET /tmons/monitor.php?temperature=22.90&server=1 HTTP/1.1" 200 606 "-" "ESP8266HTTPClient"
192.168.1.30 - - [14/Nov/2022:10:23:48 +0600] "GET /tmons/monitor.php?temperature=23.00&server=1 HTTP/1.1" 200 606 "-" "ESP8266HTTPClient"
192.168.1.30 - - [14/Nov/2022:10:24:49 +0600] "GET /tmons/monitor.php?temperature=22.90&server=1 HTTP/1.1" 200 606 "-" "ESP8266HTTPClient"
192.168.1.30 - - [14/Nov/2022:10:25:49 +0600] "GET /tmons/monitor.php?temperature=22.60&server=1 HTTP/1.1" 200 606 "-" "ESP8266HTTPClient"
192.168.1.30 - - [14/Nov/2022:10:26:49 +0600] "GET /tmons/monitor.php?temperature=22.50&server=1 HTTP/1.1" 200 606 "-" "ESP8266HTTPClient"
192.168.1.30 - - [14/Nov/2022:10:27:50 +0600] "GET /tmons/monitor.php?temperature=22.20&server=1 HTTP/1.1" 200 606 "-" "ESP8266HTTPClient"
192.168.1.30 - - [14/Nov/2022:10:28:50 +0600] "GET /tmons/monitor.php?temperature=22.20&server=1 HTTP/1.1" 200 606 "-" "ESP8266HTTPClient"
192.168.1.30 - - [14/Nov/2022:10:29:51 +0600] "GET /tmons/monitor.php?temperature=22.10&server=1 HTTP/1.1" 200 606 "-" "ESP8266HTTPClient"
192.168.1.30 - - [14/Nov/2022:10:30:51 +0600] "GET /tmons/monitor.php?temperature=22.00&server=1 HTTP/1.1" 200 606 "-" "ESP8266HTTPClient"
192.168.1.30 - - [14/Nov/2022:10:32:57 +0600] "GET /tmons/monitor.php?temperature=22.00&server=1 HTTP/1.1" 200 606 "-" "ESP8266HTTPClient"
192.168.1.30 - - [14/Nov/2022:10:33:58 +0600] "GET /tmons/monitor.php?temperature=22.00&server=1 HTTP/1.1" 200 606 "-" "ESP8266HTTPClient"
192.168.1.30 - - [14/Nov/2022:10:34:58 +0600] "GET /tmons/monitor.php?temperature=21.90&server=1 HTTP/1.1" 200 606 "-" "ESP8266HTTPClient"
192.168.1.30 - - [14/Nov/2022:10:35:59 +0600] "GET /tmons/monitor.php?temperature=21.90&server=1 HTTP/1.1" 200 606 "-" "ESP8266HTTPClient"
192.168.1.30 - - [14/Nov/2022:10:36:59 +0600] "GET /tmons/monitor.php?temperature=21.90&server=1 HTTP/1.1" 200 606 "-" "ESP8266HTTPClient"
192.168.1.30 - - [14/Nov/2022:10:37:59 +0600] "GET /tmons/monitor.php?temperature=21.90&server=1 HTTP/1.1" 200 606 "-" "ESP8266HTTPClient"
192.168.1.30 - - [14/Nov/2022:10:39:00 +0600] "GET /tmons/monitor.php?temperature=21.80&server=1 HTTP/1.1" 200 606 "-" "ESP8266HTTPClient"
192.168.1.30 - - [14/Nov/2022:10:40:00 +0600] "GET /tmons/monitor.php?temperature=21.80&server=1 HTTP/1.1" 200 606 "-" "ESP8266HTTPClient"
194.146.24.107 - - [14/Nov/2022:10:40:43 +0600] "GET /config/getuser?index=0 HTTP/1.1" 404 212 "-" "Mozilla/5.0 (X11; Ubuntu; Linux x86_64; rv:76.0) Gecko/20100101 Firefox/76.0"
192.168.1.30 - - [14/Nov/2022:10:41:00 +0600] "GET /tmons/monitor.php?temperature=21.80&server=1 HTTP/1.1" 200 606 "-" "ESP8266HTTPClient"
192.168.1.30 - - [14/Nov/2022:10:42:01 +0600] "GET /tmons/monitor.php?temperature=21.70&server=1 HTTP/1.1" 200 606 "-" "ESP8266HTTPClient"
192.168.1.30 - - [14/Nov/2022:10:43:01 +0600] "GET /tmons/monitor.php?temperature=21.80&server=1 HTTP/1.1" 200 606 "-" "ESP8266HTTPClient"
146.190.36.157 - - [14/Nov/2022:10:43:33 +0600] "CONNECT 188.214.129.95:4444 HTTP/1.1" 405 235 "-" "-"
192.168.1.30 - - [14/Nov/2022:10:44:02 +0600] "GET /tmons/monitor.php?temperature=21.70&server=1 HTTP/1.1" 200 606 "-" "ESP8266HTTPClient"
164.92.121.41 - - [14/Nov/2022:10:44:10 +0600] "CONNECT 188.214.129.95:4444 HTTP/1.1" 405 235 "-" "-"
192.168.1.30 - - [14/Nov/2022:10:45:02 +0600] "GET /tmons/monitor.php?temperature=21.70&server=1 HTTP/1.1" 200 606 "-" "ESP8266HTTPClient"
192.168.1.30 - - [14/Nov/2022:10:46:02 +0600] "GET /tmons/monitor.php?temperature=21.70&server=1 HTTP/1.1" 200 606 "-" "ESP8266HTTPClient"
192.168.1.30 - - [14/Nov/2022:10:47:03 +0600] "GET /tmons/monitor.php?temperature=21.70&server=1 HTTP/1.1" 200 606 "-" "ESP8266HTTPClient"
192.168.1.30 - - [14/Nov/2022:10:48:03 +0600] "GET /tmons/monitor.php?temperature=21.70&server=1 HTTP/1.1" 200 606 "-" "ESP8266HTTPClient"
192.168.1.188 - - [14/Nov/2022:10:48:35 +0600] "GET /tmons/prepaid.php HTTP/1.1" 302 - "-" "Mozilla/5.0 (Windows NT 10.0; Win64; x64) AppleWebKit/537.36 (KHTML, like Gecko) Chrome/107.0.0.0 Safari/537.36"
192.168.1.188 - - [14/Nov/2022:10:48:35 +0600] "GET /tmons/index.php HTTP/1.1" 200 1560 "-" "Mozilla/5.0 (Windows NT 10.0; Win64; x64) AppleWebKit/537.36 (KHTML, like Gecko) Chrome/107.0.0.0 Safari/537.36"
192.168.1.188 - - [14/Nov/2022:10:48:35 +0600] "GET /tmons/css/bootstrap.min.css HTTP/1.1" 200 121200 "http://192.168.0.59/tmons/index.php" "Mozilla/5.0 (Windows NT 10.0; Win64; x64) AppleWebKit/537.36 (KHTML, like Gecko) Chrome/107.0.0.0 Safari/537.36"
192.168.1.188 - - [14/Nov/2022:10:48:35 +0600] "GET /tmons/css/styles.css HTTP/1.1" 200 24919 "http://192.168.0.59/tmons/index.php" "Mozilla/5.0 (Windows NT 10.0; Win64; x64) AppleWebKit/537.36 (KHTML, like Gecko) Chrome/107.0.0.0 Safari/537.36"
192.168.1.188 - - [14/Nov/2022:10:48:35 +0600] "GET /tmons/js/bootstrap.min.js HTTP/1.1" 200 37045 "http://192.168.0.59/tmons/index.php" "Mozilla/5.0 (Windows NT 10.0; Win64; x64) AppleWebKit/537.36 (KHTML, like Gecko) Chrome/107.0.0.0 Safari/537.36"
192.168.1.188 - - [14/Nov/2022:10:48:35 +0600] "GET /tmons/images/logo.png HTTP/1.1" 200 17285 "http://192.168.0.59/tmons/index.php" "Mozilla/5.0 (Windows NT 10.0; Win64; x64) AppleWebKit/537.36 (KHTML, like Gecko) Chrome/107.0.0.0 Safari/537.36"
192.168.1.188 - - [14/Nov/2022:10:48:35 +0600] "GET /tmons/js/jquery-1.11.1.min.js HTTP/1.1" 200 95786 "http://192.168.0.59/tmons/index.php" "Mozilla/5.0 (Windows NT 10.0; Win64; x64) AppleWebKit/537.36 (KHTML, like Gecko) Chrome/107.0.0.0 Safari/537.36"
192.168.1.188 - - [14/Nov/2022:10:48:35 +0600] "GET /favicon.ico HTTP/1.1" 404 209 "http://192.168.0.59/tmons/index.php" "Mozilla/5.0 (Windows NT 10.0; Win64; x64) AppleWebKit/537.36 (KHTML, like Gecko) Chrome/107.0.0.0 Safari/537.36"
192.168.1.188 - - [14/Nov/2022:10:48:39 +0600] "POST /tmons/index.php HTTP/1.1" 500 - "http://192.168.0.59/tmons/index.php" "Mozilla/5.0 (Windows NT 10.0; Win64; x64) AppleWebKit/537.36 (KHTML, like Gecko) Chrome/107.0.0.0 Safari/537.36"
192.168.1.30 - - [14/Nov/2022:10:49:04 +0600] "GET /tmons/monitor.php?temperature=21.70&server=1 HTTP/1.1" 200 606 "-" "ESP8266HTTPClient"
192.168.1.30 - - [14/Nov/2022:10:50:04 +0600] "GET /tmons/monitor.php?temperature=21.60&server=1 HTTP/1.1" 200 606 "-" "ESP8266HTTPClient"
192.168.1.30 - - [14/Nov/2022:10:51:04 +0600] "GET /tmons/monitor.php?temperature=21.60&server=1 HTTP/1.1" 200 606 "-" "ESP8266HTTPClient"
192.168.1.188 - - [14/Nov/2022:10:51:59 +0600] "POST /tmons/index.php HTTP/1.1" 500 - "http://192.168.0.59/tmons/index.php" "Mozilla/5.0 (Windows NT 10.0; Win64; x64) AppleWebKit/537.36 (KHTML, like Gecko) Chrome/107.0.0.0 Safari/537.36"
192.168.1.188 - - [14/Nov/2022:10:52:02 +0600] "POST /tmons/index.php HTTP/1.1" 500 - "http://192.168.0.59/tmons/index.php" "Mozilla/5.0 (Windows NT 10.0; Win64; x64) AppleWebKit/537.36 (KHTML, like Gecko) Chrome/107.0.0.0 Safari/537.36"
192.168.1.30 - - [14/Nov/2022:10:52:04 +0600] "GET /tmons/monitor.php?temperature=21.60&server=1 HTTP/1.1" 200 606 "-" "ESP8266HTTPClient"
192.168.1.188 - - [14/Nov/2022:10:52:53 +0600] "-" 408 - "-" "-"
192.168.1.30 - - [14/Nov/2022:10:53:05 +0600] "GET /tmons/monitor.php?temperature=21.60&server=1 HTTP/1.1" 200 606 "-" "ESP8266HTTPClient"
192.168.1.188 - - [14/Nov/2022:10:53:16 +0600] "POST /tmons/index.php HTTP/1.1" 200 - "http://192.168.0.59/tmons/index.php" "Mozilla/5.0 (Windows NT 10.0; Win64; x64) AppleWebKit/537.36 (KHTML, like Gecko) Chrome/107.0.0.0 Safari/537.36"
192.168.1.30 - - [14/Nov/2022:10:54:05 +0600] "GET /tmons/monitor.php?temperature=21.60&server=1 HTTP/1.1" 200 606 "-" "ESP8266HTTPClient"
192.168.1.188 - - [14/Nov/2022:10:54:07 +0600] "-" 408 - "-" "-"
192.168.1.188 - - [14/Nov/2022:10:54:28 +0600] "POST /tmons/index.php HTTP/1.1" 500 - "http://192.168.0.59/tmons/index.php" "Mozilla/5.0 (Windows NT 10.0; Win64; x64) AppleWebKit/537.36 (KHTML, like Gecko) Chrome/107.0.0.0 Safari/537.36"
192.168.1.30 - - [14/Nov/2022:10:55:06 +0600] "GET /tmons/monitor.php?temperature=21.60&server=1 HTTP/1.1" 200 606 "-" "ESP8266HTTPClient"
192.168.1.188 - - [14/Nov/2022:10:55:19 +0600] "-" 408 - "-" "-"
192.168.1.188 - - [14/Nov/2022:10:55:53 +0600] "GET /tmons/info.php HTTP/1.1" 200 98138 "-" "Mozilla/5.0 (Windows NT 10.0; Win64; x64) AppleWebKit/537.36 (KHTML, like Gecko) Chrome/107.0.0.0 Safari/537.36"
192.168.1.30 - - [14/Nov/2022:10:56:09 +0600] "GET /tmons/monitor.php?temperature=21.60&server=1 HTTP/1.1" 200 606 "-" "ESP8266HTTPClient"
192.168.1.188 - - [14/Nov/2022:10:56:44 +0600] "-" 408 - "-" "-"
192.168.1.188 - - [14/Nov/2022:10:56:57 +0600] "-" 408 - "-" "-"
192.168.1.30 - - [14/Nov/2022:10:57:09 +0600] "GET /tmons/monitor.php?temperature=21.60&server=1 HTTP/1.1" 200 606 "-" "ESP8266HTTPClient"
192.168.1.30 - - [14/Nov/2022:10:58:09 +0600] "GET /tmons/monitor.php?temperature=21.60&server=1 HTTP/1.1" 200 606 "-" "ESP8266HTTPClient"
192.168.1.30 - - [14/Nov/2022:10:59:10 +0600] "GET /tmons/monitor.php?temperature=21.60&server=1 HTTP/1.1" 200 606 "-" "ESP8266HTTPClient"
192.168.1.30 - - [14/Nov/2022:11:00:10 +0600] "GET /tmons/monitor.php?temperature=21.60&server=1 HTTP/1.1" 200 606 "-" "ESP8266HTTPClient"
192.168.1.30 - - [14/Nov/2022:11:01:10 +0600] "GET /tmons/monitor.php?temperature=21.60&server=1 HTTP/1.1" 200 606 "-" "ESP8266HTTPClient"
192.168.1.30 - - [14/Nov/2022:11:02:11 +0600] "GET /tmons/monitor.php?temperature=21.60&server=1 HTTP/1.1" 200 606 "-" "ESP8266HTTPClient"
192.168.1.30 - - [14/Nov/2022:11:03:11 +0600] "GET /tmons/monitor.php?temperature=21.60&server=1 HTTP/1.1" 200 606 "-" "ESP8266HTTPClient"
216.218.206.106 - - [14/Nov/2022:11:03:23 +0600] "GET /favicon.ico HTTP/1.1" 404 209 "-" "Mozilla/5.0 (Windows NT 10.0; Win64; x64; rv:102.0) Gecko/20100101 Firefox/102.0"
192.168.1.30 - - [14/Nov/2022:11:04:12 +0600] "GET /tmons/monitor.php?temperature=22.00&server=1 HTTP/1.1" 200 606 "-" "ESP8266HTTPClient"
192.168.1.30 - - [14/Nov/2022:11:05:12 +0600] "GET /tmons/monitor.php?temperature=22.50&server=1 HTTP/1.1" 200 606 "-" "ESP8266HTTPClient"
192.168.1.30 - - [14/Nov/2022:11:06:12 +0600] "GET /tmons/monitor.php?temperature=22.70&server=1 HTTP/1.1" 200 606 "-" "ESP8266HTTPClient"
192.168.1.30 - - [14/Nov/2022:11:07:13 +0600] "GET /tmons/monitor.php?temperature=22.60&server=1 HTTP/1.1" 200 606 "-" "ESP8266HTTPClient"
192.168.1.30 - - [14/Nov/2022:11:08:13 +0600] "GET /tmons/monitor.php?temperature=22.50&server=1 HTTP/1.1" 200 606 "-" "ESP8266HTTPClient"
192.168.1.30 - - [14/Nov/2022:11:09:16 +0600] "GET /tmons/monitor.php?temperature=22.30&server=1 HTTP/1.1" 200 606 "-" "ESP8266HTTPClient"
192.168.1.30 - - [14/Nov/2022:11:10:16 +0600] "GET /tmons/monitor.php?temperature=22.20&server=1 HTTP/1.1" 200 606 "-" "ESP8266HTTPClient"
61.1.30.2 - - [14/Nov/2022:11:11:13 +0600] "GET / HTTP/1.1" 200 139 "-" "Mozilla/5.0 (Windows NT 6.1; WOW64) AppleWebKit/537.36 (KHTML, like Gecko) Chrome/51.0.2704.103 Safari/537.36"
192.168.1.30 - - [14/Nov/2022:11:11:16 +0600] "GET /tmons/monitor.php?temperature=22.10&server=1 HTTP/1.1" 200 606 "-" "ESP8266HTTPClient"
192.168.1.30 - - [14/Nov/2022:11:12:17 +0600] "GET /tmons/monitor.php?temperature=22.10&server=1 HTTP/1.1" 200 606 "-" "ESP8266HTTPClient"
192.168.1.30 - - [14/Nov/2022:11:13:17 +0600] "GET /tmons/monitor.php?temperature=22.00&server=1 HTTP/1.1" 200 606 "-" "ESP8266HTTPClient"
206.81.1.8 - - [14/Nov/2022:11:14:16 +0600] "GET / HTTP/1.0" 200 139 "-" "masscan/1.0 (https://github.com/robertdavidgraham/masscan)"
192.168.1.30 - - [14/Nov/2022:11:14:17 +0600] "GET /tmons/monitor.php?temperature=22.00&server=1 HTTP/1.1" 200 606 "-" "ESP8266HTTPClient"
192.168.1.30 - - [14/Nov/2022:11:15:18 +0600] "GET /tmons/monitor.php?temperature=21.90&server=1 HTTP/1.1" 200 606 "-" "ESP8266HTTPClient"
192.168.1.30 - - [14/Nov/2022:11:16:18 +0600] "GET /tmons/monitor.php?temperature=22.00&server=1 HTTP/1.1" 200 606 "-" "ESP8266HTTPClient"
192.168.1.30 - - [14/Nov/2022:11:17:19 +0600] "GET /tmons/monitor.php?temperature=21.90&server=1 HTTP/1.1" 200 606 "-" "ESP8266HTTPClient"
192.168.1.30 - - [14/Nov/2022:11:18:19 +0600] "GET /tmons/monitor.php?temperature=22.00&server=1 HTTP/1.1" 200 606 "-" "ESP8266HTTPClient"
192.168.1.30 - - [14/Nov/2022:11:19:19 +0600] "GET /tmons/monitor.php?temperature=22.00&server=1 HTTP/1.1" 200 606 "-" "ESP8266HTTPClient"
192.168.1.30 - - [14/Nov/2022:11:20:20 +0600] "GET /tmons/monitor.php?temperature=22.00&server=1 HTTP/1.1" 200 606 "-" "ESP8266HTTPClient"
192.168.1.30 - - [14/Nov/2022:11:21:20 +0600] "GET /tmons/monitor.php?temperature=21.90&server=1 HTTP/1.1" 200 606 "-" "ESP8266HTTPClient"
192.168.1.30 - - [14/Nov/2022:11:22:21 +0600] "GET /tmons/monitor.php?temperature=21.90&server=1 HTTP/1.1" 200 606 "-" "ESP8266HTTPClient"
192.168.1.30 - - [14/Nov/2022:11:23:21 +0600] "GET /tmons/monitor.php?temperature=21.80&server=1 HTTP/1.1" 200 606 "-" "ESP8266HTTPClient"
192.168.1.30 - - [14/Nov/2022:11:24:21 +0600] "GET /tmons/monitor.php?temperature=21.90&server=1 HTTP/1.1" 200 606 "-" "ESP8266HTTPClient"
192.168.1.30 - - [14/Nov/2022:11:25:22 +0600] "GET /tmons/monitor.php?temperature=22.00&server=1 HTTP/1.1" 200 606 "-" "ESP8266HTTPClient"
192.168.1.30 - - [14/Nov/2022:11:26:22 +0600] "GET /tmons/monitor.php?temperature=22.00&server=1 HTTP/1.1" 200 606 "-" "ESP8266HTTPClient"
192.168.1.30 - - [14/Nov/2022:11:27:22 +0600] "GET /tmons/monitor.php?temperature=22.00&server=1 HTTP/1.1" 200 606 "-" "ESP8266HTTPClient"
128.14.134.170 - - [14/Nov/2022:11:28:02 +0600] "GET / HTTP/1.1" 200 139 "-" "Mozilla/5.0 (Windows NT 10.0; Win64; x64) AppleWebKit/537.36 (KHTML, like Gecko) Chrome/60.0.3112.113 Safari/537.36"
192.168.1.30 - - [14/Nov/2022:11:28:23 +0600] "GET /tmons/monitor.php?temperature=22.00&server=1 HTTP/1.1" 200 606 "-" "ESP8266HTTPClient"
192.168.1.30 - - [14/Nov/2022:11:29:26 +0600] "GET /tmons/monitor.php?temperature=22.00&server=1 HTTP/1.1" 200 606 "-" "ESP8266HTTPClient"
192.168.1.30 - - [14/Nov/2022:11:30:26 +0600] "GET /tmons/monitor.php?temperature=22.00&server=1 HTTP/1.1" 200 606 "-" "ESP8266HTTPClient"
192.168.1.30 - - [14/Nov/2022:11:31:30 +0600] "GET /tmons/monitor.php?temperature=22.00&server=1 HTTP/1.1" 200 606 "-" "ESP8266HTTPClient"
192.168.1.30 - - [14/Nov/2022:11:33:35 +0600] "GET /tmons/monitor.php?temperature=21.90&server=1 HTTP/1.1" 200 606 "-" "ESP8266HTTPClient"
192.168.1.30 - - [14/Nov/2022:11:34:36 +0600] "GET /tmons/monitor.php?temperature=21.80&server=1 HTTP/1.1" 200 606 "-" "ESP8266HTTPClient"
192.168.1.30 - - [14/Nov/2022:11:35:36 +0600] "GET /tmons/monitor.php?temperature=21.90&server=1 HTTP/1.1" 200 606 "-" "ESP8266HTTPClient"
85.31.44.178 - - [14/Nov/2022:11:36:05 +0600] "GET / HTTP/1.1" 200 139 "-" "-"
85.31.44.178 - - [14/Nov/2022:11:36:24 +0600] "POST /GponForm/diag_Form?images/ HTTP/1.1" 404 216 "-" "Momentum"
192.168.1.30 - - [14/Nov/2022:11:36:36 +0600] "GET /tmons/monitor.php?temperature=21.90&server=1 HTTP/1.1" 200 606 "-" "ESP8266HTTPClient"
192.168.1.30 - - [14/Nov/2022:11:37:37 +0600] "GET /tmons/monitor.php?temperature=21.90&server=1 HTTP/1.1" 200 606 "-" "ESP8266HTTPClient"
192.168.1.30 - - [14/Nov/2022:11:38:37 +0600] "GET /tmons/monitor.php?temperature=21.90&server=1 HTTP/1.1" 200 606 "-" "ESP8266HTTPClient"
192.168.1.30 - - [14/Nov/2022:11:39:44 +0600] "GET /tmons/monitor.php?temperature=21.80&server=1 HTTP/1.1" 200 606 "-" "ESP8266HTTPClient"
192.168.1.30 - - [14/Nov/2022:11:40:44 +0600] "GET /tmons/monitor.php?temperature=21.90&server=1 HTTP/1.1" 200 606 "-" "ESP8266HTTPClient"
192.168.1.30 - - [14/Nov/2022:11:41:45 +0600] "GET /tmons/monitor.php?temperature=21.90&server=1 HTTP/1.1" 200 606 "-" "ESP8266HTTPClient"
192.168.1.30 - - [14/Nov/2022:11:42:45 +0600] "GET /tmons/monitor.php?temperature=22.00&server=1 HTTP/1.1" 200 606 "-" "ESP8266HTTPClient"
192.168.1.30 - - [14/Nov/2022:11:43:45 +0600] "GET /tmons/monitor.php?temperature=21.90&server=1 HTTP/1.1" 200 606 "-" "ESP8266HTTPClient"
192.168.1.30 - - [14/Nov/2022:11:45:54 +0600] "GET /tmons/monitor.php?temperature=21.80&server=1 HTTP/1.1" 200 606 "-" "ESP8266HTTPClient"
192.168.1.30 - - [14/Nov/2022:11:46:57 +0600] "GET /tmons/monitor.php?temperature=21.80&server=1 HTTP/1.1" 200 606 "-" "ESP8266HTTPClient"
192.168.1.30 - - [14/Nov/2022:11:47:57 +0600] "GET /tmons/monitor.php?temperature=21.90&server=1 HTTP/1.1" 200 606 "-" "ESP8266HTTPClient"
192.168.1.30 - - [14/Nov/2022:11:49:07 +0600] "GET /tmons/monitor.php?temperature=21.80&server=1 HTTP/1.1" 200 606 "-" "ESP8266HTTPClient"
192.168.1.30 - - [14/Nov/2022:11:50:03 +0600] "GET /tmons/monitor.php?temperature=21.80&server=1 HTTP/1.1" 200 606 "-" "ESP8266HTTPClient"
192.168.1.30 - - [14/Nov/2022:11:51:04 +0600] "GET /tmons/monitor.php?temperature=21.70&server=1 HTTP/1.1" 200 606 "-" "ESP8266HTTPClient"
192.168.1.30 - - [14/Nov/2022:11:52:04 +0600] "GET /tmons/monitor.php?temperature=21.70&server=1 HTTP/1.1" 200 606 "-" "ESP8266HTTPClient"
192.168.1.30 - - [14/Nov/2022:11:53:05 +0600] "GET /tmons/monitor.php?temperature=21.70&server=1 HTTP/1.1" 200 606 "-" "ESP8266HTTPClient"
192.168.1.30 - - [14/Nov/2022:11:54:05 +0600] "GET /tmons/monitor.php?temperature=21.70&server=1 HTTP/1.1" 200 606 "-" "ESP8266HTTPClient"
192.168.1.30 - - [14/Nov/2022:11:56:11 +0600] "GET /tmons/monitor.php?temperature=21.90&server=1 HTTP/1.1" 200 606 "-" "ESP8266HTTPClient"
192.168.1.30 - - [14/Nov/2022:11:57:11 +0600] "GET /tmons/monitor.php?temperature=21.80&server=1 HTTP/1.1" 200 606 "-" "ESP8266HTTPClient"
192.168.1.30 - - [14/Nov/2022:11:58:12 +0600] "GET /tmons/monitor.php?temperature=21.80&server=1 HTTP/1.1" 200 606 "-" "ESP8266HTTPClient"
192.168.1.30 - - [14/Nov/2022:11:59:12 +0600] "GET /tmons/monitor.php?temperature=21.70&server=1 HTTP/1.1" 200 606 "-" "ESP8266HTTPClient"
192.168.1.30 - - [14/Nov/2022:12:00:13 +0600] "GET /tmons/monitor.php?temperature=21.80&server=1 HTTP/1.1" 200 606 "-" "ESP8266HTTPClient"
192.168.1.30 - - [14/Nov/2022:12:01:22 +0600] "GET /tmons/monitor.php?temperature=21.70&server=1 HTTP/1.1" 200 606 "-" "ESP8266HTTPClient"
192.168.1.30 - - [14/Nov/2022:12:02:19 +0600] "GET /tmons/monitor.php?temperature=21.70&server=1 HTTP/1.1" 200 606 "-" "ESP8266HTTPClient"
