192.168.1.30 - - [13/Nov/2022:20:22:21 +0600] "GET /tmons/monitor.php?temperature=21.10&server=1 HTTP/1.1" 200 606 "-" "ESP8266HTTPClient"
172.105.128.11 - - [13/Nov/2022:20:24:13 +0600] "\x16\x03\x01" 400 226 "-" "-"
192.168.1.30 - - [13/Nov/2022:20:24:30 +0600] "GET /tmons/monitor.php?temperature=21.10&server=1 HTTP/1.1" 200 606 "-" "ESP8266HTTPClient"
192.168.1.30 - - [13/Nov/2022:20:25:30 +0600] "GET /tmons/monitor.php?temperature=21.00&server=1 HTTP/1.1" 200 606 "-" "ESP8266HTTPClient"
192.168.1.30 - - [13/Nov/2022:20:26:33 +0600] "GET /tmons/monitor.php?temperature=21.00&server=1 HTTP/1.1" 200 606 "-" "ESP8266HTTPClient"
192.168.1.30 - - [13/Nov/2022:20:28:39 +0600] "GET /tmons/monitor.php?temperature=20.90&server=1 HTTP/1.1" 200 606 "-" "ESP8266HTTPClient"
192.168.1.30 - - [13/Nov/2022:20:29:39 +0600] "GET /tmons/monitor.php?temperature=20.90&server=1 HTTP/1.1" 200 606 "-" "ESP8266HTTPClient"
192.168.1.30 - - [13/Nov/2022:20:30:40 +0600] "GET /tmons/monitor.php?temperature=20.90&server=1 HTTP/1.1" 200 606 "-" "ESP8266HTTPClient"
192.168.1.30 - - [13/Nov/2022:20:31:43 +0600] "GET /tmons/monitor.php?temperature=21.00&server=1 HTTP/1.1" 200 606 "-" "ESP8266HTTPClient"
192.168.1.30 - - [13/Nov/2022:20:32:47 +0600] "GET /tmons/monitor.php?temperature=21.00&server=1 HTTP/1.1" 200 606 "-" "ESP8266HTTPClient"
192.168.1.30 - - [13/Nov/2022:20:34:05 +0600] "GET /tmons/monitor.php?temperature=21.00&server=1 HTTP/1.1" 200 606 "-" "ESP8266HTTPClient"
193.118.53.210 - - [13/Nov/2022:20:34:35 +0600] "GET / HTTP/1.1" 200 139 "-" "Mozilla/5.0 (Windows NT 10.0; Win64; x64) AppleWebKit/537.36 (KHTML, like Gecko) Chrome/60.0.3112.113 Safari/537.36"
192.168.1.30 - - [13/Nov/2022:20:34:58 +0600] "GET /tmons/monitor.php?temperature=21.00&server=1 HTTP/1.1" 200 606 "-" "ESP8266HTTPClient"
192.168.1.30 - - [13/Nov/2022:20:38:10 +0600] "GET /tmons/monitor.php?temperature=20.90&server=1 HTTP/1.1" 200 606 "-" "ESP8266HTTPClient"
192.168.1.30 - - [13/Nov/2022:20:39:17 +0600] "GET /tmons/monitor.php?temperature=20.90&server=1 HTTP/1.1" 200 606 "-" "ESP8266HTTPClient"
192.168.1.30 - - [13/Nov/2022:20:40:17 +0600] "GET /tmons/monitor.php?temperature=20.90&server=1 HTTP/1.1" 200 606 "-" "ESP8266HTTPClient"
104.152.52.243 - - [13/Nov/2022:20:40:52 +0600] "GET / HTTP/1.0" 200 139 "-" "masscan/1.3 (https://github.com/robertdavidgraham/masscan)"
192.168.1.30 - - [13/Nov/2022:20:41:17 +0600] "GET /tmons/monitor.php?temperature=20.90&server=1 HTTP/1.1" 200 606 "-" "ESP8266HTTPClient"
92.118.39.78 - - [13/Nov/2022:20:42:08 +0600] "GET / HTTP/1.1" 200 139 "-" "-"
192.168.1.30 - - [13/Nov/2022:20:42:18 +0600] "GET /tmons/monitor.php?temperature=20.90&server=1 HTTP/1.1" 200 606 "-" "ESP8266HTTPClient"
192.168.1.30 - - [13/Nov/2022:20:44:24 +0600] "GET /tmons/monitor.php?temperature=20.90&server=1 HTTP/1.1" 200 606 "-" "ESP8266HTTPClient"
192.168.1.30 - - [13/Nov/2022:20:45:27 +0600] "GET /tmons/monitor.php?temperature=20.90&server=1 HTTP/1.1" 200 606 "-" "ESP8266HTTPClient"
192.168.1.30 - - [13/Nov/2022:20:46:27 +0600] "GET /tmons/monitor.php?temperature=20.90&server=1 HTTP/1.1" 200 606 "-" "ESP8266HTTPClient"
192.168.1.30 - - [13/Nov/2022:20:47:31 +0600] "GET /tmons/monitor.php?temperature=20.90&server=1 HTTP/1.1" 200 606 "-" "ESP8266HTTPClient"
192.168.1.30 - - [13/Nov/2022:20:48:31 +0600] "GET /tmons/monitor.php?temperature=20.90&server=1 HTTP/1.1" 200 606 "-" "ESP8266HTTPClient"
192.168.1.30 - - [13/Nov/2022:20:49:31 +0600] "GET /tmons/monitor.php?temperature=20.80&server=1 HTTP/1.1" 200 606 "-" "ESP8266HTTPClient"
192.168.1.30 - - [13/Nov/2022:20:50:37 +0600] "GET /tmons/monitor.php?temperature=20.90&server=1 HTTP/1.1" 200 606 "-" "ESP8266HTTPClient"
192.168.1.30 - - [13/Nov/2022:20:51:38 +0600] "GET /tmons/monitor.php?temperature=20.80&server=1 HTTP/1.1" 200 606 "-" "ESP8266HTTPClient"
192.168.1.30 - - [13/Nov/2022:20:52:39 +0600] "GET /tmons/monitor.php?temperature=20.80&server=1 HTTP/1.1" 200 606 "-" "ESP8266HTTPClient"
192.168.1.30 - - [13/Nov/2022:20:53:39 +0600] "GET /tmons/monitor.php?temperature=20.90&server=1 HTTP/1.1" 200 606 "-" "ESP8266HTTPClient"
192.168.1.30 - - [13/Nov/2022:20:54:40 +0600] "GET /tmons/monitor.php?temperature=20.80&server=1 HTTP/1.1" 200 606 "-" "ESP8266HTTPClient"
192.168.1.30 - - [13/Nov/2022:20:56:01 +0600] "GET /tmons/monitor.php?temperature=20.90&server=1 HTTP/1.1" 200 606 "-" "ESP8266HTTPClient"
192.168.1.30 - - [13/Nov/2022:20:56:46 +0600] "GET /tmons/monitor.php?temperature=20.90&server=1 HTTP/1.1" 200 606 "-" "ESP8266HTTPClient"
192.168.1.30 - - [13/Nov/2022:20:57:46 +0600] "GET /tmons/monitor.php?temperature=20.90&server=1 HTTP/1.1" 200 606 "-" "ESP8266HTTPClient"
192.168.1.30 - - [13/Nov/2022:21:00:58 +0600] "GET /tmons/monitor.php?temperature=20.80&server=1 HTTP/1.1" 200 606 "-" "ESP8266HTTPClient"
192.168.1.30 - - [13/Nov/2022:21:01:58 +0600] "GET /tmons/monitor.php?temperature=20.80&server=1 HTTP/1.1" 200 606 "-" "ESP8266HTTPClient"
192.168.1.30 - - [13/Nov/2022:21:03:01 +0600] "GET /tmons/monitor.php?temperature=20.80&server=1 HTTP/1.1" 200 606 "-" "ESP8266HTTPClient"
206.189.192.79 - - [13/Nov/2022:21:03:20 +0600] "\x16\x03\x01" 400 226 "-" "-"
206.189.192.79 - - [13/Nov/2022:21:03:21 +0600] "\x16\x03\x01" 400 226 "-" "-"
206.189.192.79 - - [13/Nov/2022:21:03:21 +0600] "GET / HTTP/1.1" 200 139 "-" "Mozilla/5.0 zgrab/0.x"
192.168.1.30 - - [13/Nov/2022:21:04:04 +0600] "GET /tmons/monitor.php?temperature=20.80&server=1 HTTP/1.1" 200 606 "-" "ESP8266HTTPClient"
192.168.1.30 - - [13/Nov/2022:21:05:05 +0600] "GET /tmons/monitor.php?temperature=20.80&server=1 HTTP/1.1" 200 606 "-" "ESP8266HTTPClient"
192.168.1.30 - - [13/Nov/2022:21:07:16 +0600] "GET /tmons/monitor.php?temperature=20.80&server=1 HTTP/1.1" 200 606 "-" "ESP8266HTTPClient"
192.168.1.30 - - [13/Nov/2022:21:09:21 +0600] "GET /tmons/monitor.php?temperature=20.70&server=1 HTTP/1.1" 200 606 "-" "ESP8266HTTPClient"
192.168.1.30 - - [13/Nov/2022:21:11:27 +0600] "GET /tmons/monitor.php?temperature=20.70&server=1 HTTP/1.1" 200 606 "-" "ESP8266HTTPClient"
192.168.1.30 - - [13/Nov/2022:21:12:30 +0600] "GET /tmons/monitor.php?temperature=20.80&server=1 HTTP/1.1" 200 606 "-" "ESP8266HTTPClient"
192.168.1.30 - - [13/Nov/2022:21:14:36 +0600] "GET /tmons/monitor.php?temperature=20.80&server=1 HTTP/1.1" 200 606 "-" "ESP8266HTTPClient"
192.168.1.30 - - [13/Nov/2022:21:15:37 +0600] "GET /tmons/monitor.php?temperature=20.70&server=1 HTTP/1.1" 200 606 "-" "ESP8266HTTPClient"
192.168.1.30 - - [13/Nov/2022:21:16:37 +0600] "GET /tmons/monitor.php?temperature=20.80&server=1 HTTP/1.1" 200 606 "-" "ESP8266HTTPClient"
192.168.1.30 - - [13/Nov/2022:21:17:38 +0600] "GET /tmons/monitor.php?temperature=20.80&server=1 HTTP/1.1" 200 606 "-" "ESP8266HTTPClient"
192.168.1.30 - - [13/Nov/2022:21:18:38 +0600] "GET /tmons/monitor.php?temperature=20.70&server=1 HTTP/1.1" 200 606 "-" "ESP8266HTTPClient"
192.168.1.30 - - [13/Nov/2022:21:19:38 +0600] "GET /tmons/monitor.php?temperature=20.80&server=1 HTTP/1.1" 200 606 "-" "ESP8266HTTPClient"
80.94.92.239 - - [13/Nov/2022:21:19:47 +0600] "GET / HTTP/1.1" 200 139 "-" "Mozilla/5.0 (Windows NT 10.0; Win64; x64) AppleWebKit/537.36 (KHTML, like Gecko) Chrome/90.0.4430.85 Safari/537.36 Edg/90.0.818.46"
192.168.1.30 - - [13/Nov/2022:21:20:39 +0600] "GET /tmons/monitor.php?temperature=20.70&server=1 HTTP/1.1" 200 606 "-" "ESP8266HTTPClient"
192.168.1.30 - - [13/Nov/2022:21:21:39 +0600] "GET /tmons/monitor.php?temperature=20.70&server=1 HTTP/1.1" 200 606 "-" "ESP8266HTTPClient"
192.168.1.30 - - [13/Nov/2022:21:22:40 +0600] "GET /tmons/monitor.php?temperature=20.80&server=1 HTTP/1.1" 200 606 "-" "ESP8266HTTPClient"
192.168.1.30 - - [13/Nov/2022:21:23:40 +0600] "GET /tmons/monitor.php?temperature=20.70&server=1 HTTP/1.1" 200 606 "-" "ESP8266HTTPClient"
192.168.1.30 - - [13/Nov/2022:21:24:40 +0600] "GET /tmons/monitor.php?temperature=20.70&server=1 HTTP/1.1" 200 606 "-" "ESP8266HTTPClient"
192.168.1.30 - - [13/Nov/2022:21:25:41 +0600] "GET /tmons/monitor.php?temperature=20.70&server=1 HTTP/1.1" 200 606 "-" "ESP8266HTTPClient"
192.168.1.30 - - [13/Nov/2022:21:26:41 +0600] "GET /tmons/monitor.php?temperature=20.70&server=1 HTTP/1.1" 200 606 "-" "ESP8266HTTPClient"
192.168.1.30 - - [13/Nov/2022:21:27:41 +0600] "GET /tmons/monitor.php?temperature=20.60&server=1 HTTP/1.1" 200 606 "-" "ESP8266HTTPClient"
192.168.1.30 - - [13/Nov/2022:21:28:42 +0600] "GET /tmons/monitor.php?temperature=20.70&server=1 HTTP/1.1" 200 606 "-" "ESP8266HTTPClient"
192.168.1.30 - - [13/Nov/2022:21:29:42 +0600] "GET /tmons/monitor.php?temperature=20.60&server=1 HTTP/1.1" 200 606 "-" "ESP8266HTTPClient"
192.168.1.30 - - [13/Nov/2022:21:30:42 +0600] "GET /tmons/monitor.php?temperature=20.60&server=1 HTTP/1.1" 200 606 "-" "ESP8266HTTPClient"
192.168.1.30 - - [13/Nov/2022:21:31:43 +0600] "GET /tmons/monitor.php?temperature=20.60&server=1 HTTP/1.1" 200 606 "-" "ESP8266HTTPClient"
192.168.1.30 - - [13/Nov/2022:21:32:43 +0600] "GET /tmons/monitor.php?temperature=20.60&server=1 HTTP/1.1" 200 606 "-" "ESP8266HTTPClient"
192.168.1.30 - - [13/Nov/2022:21:33:43 +0600] "GET /tmons/monitor.php?temperature=20.60&server=1 HTTP/1.1" 200 606 "-" "ESP8266HTTPClient"
192.168.1.30 - - [13/Nov/2022:21:34:44 +0600] "GET /tmons/monitor.php?temperature=20.70&server=1 HTTP/1.1" 200 606 "-" "ESP8266HTTPClient"
192.168.1.30 - - [13/Nov/2022:21:35:47 +0600] "GET /tmons/monitor.php?temperature=20.70&server=1 HTTP/1.1" 200 606 "-" "ESP8266HTTPClient"
192.168.1.30 - - [13/Nov/2022:21:36:47 +0600] "GET /tmons/monitor.php?temperature=20.50&server=1 HTTP/1.1" 200 606 "-" "ESP8266HTTPClient"
106.253.92.83 - - [13/Nov/2022:21:37:01 +0600] "GET / HTTP/1.1" 200 139 "-" "Mozilla/5.0 (Windows NT 10.0; WOW64) AppleWebKit/537.36 (KHTML, like Gecko) Chrome/51.0.2704.103 Safari/537.36"
192.168.1.30 - - [13/Nov/2022:21:37:48 +0600] "GET /tmons/monitor.php?temperature=20.60&server=1 HTTP/1.1" 200 606 "-" "ESP8266HTTPClient"
192.168.1.30 - - [13/Nov/2022:21:38:48 +0600] "GET /tmons/monitor.php?temperature=20.60&server=1 HTTP/1.1" 200 606 "-" "ESP8266HTTPClient"
192.168.1.30 - - [13/Nov/2022:21:39:49 +0600] "GET /tmons/monitor.php?temperature=21.70&server=1 HTTP/1.1" 200 606 "-" "ESP8266HTTPClient"
192.168.1.30 - - [13/Nov/2022:21:40:49 +0600] "GET /tmons/monitor.php?temperature=22.40&server=1 HTTP/1.1" 200 606 "-" "ESP8266HTTPClient"
192.168.1.30 - - [13/Nov/2022:21:41:50 +0600] "GET /tmons/monitor.php?temperature=23.00&server=1 HTTP/1.1" 200 606 "-" "ESP8266HTTPClient"
194.146.24.107 - - [13/Nov/2022:21:42:23 +0600] "GET /config/getuser?index=0 HTTP/1.1" 404 212 "-" "Mozilla/5.0 (X11; Ubuntu; Linux x86_64; rv:76.0) Gecko/20100101 Firefox/76.0"
192.168.1.30 - - [13/Nov/2022:21:42:50 +0600] "GET /tmons/monitor.php?temperature=23.30&server=1 HTTP/1.1" 200 606 "-" "ESP8266HTTPClient"
192.168.1.30 - - [13/Nov/2022:21:43:51 +0600] "GET /tmons/monitor.php?temperature=23.20&server=1 HTTP/1.1" 200 606 "-" "ESP8266HTTPClient"
192.168.1.30 - - [13/Nov/2022:21:44:51 +0600] "GET /tmons/monitor.php?temperature=23.00&server=1 HTTP/1.1" 200 606 "-" "ESP8266HTTPClient"
192.168.1.30 - - [13/Nov/2022:21:45:54 +0600] "GET /tmons/monitor.php?temperature=22.80&server=1 HTTP/1.1" 200 606 "-" "ESP8266HTTPClient"
192.168.1.30 - - [13/Nov/2022:21:46:55 +0600] "GET /tmons/monitor.php?temperature=22.60&server=1 HTTP/1.1" 200 606 "-" "ESP8266HTTPClient"
192.168.1.30 - - [13/Nov/2022:21:47:55 +0600] "GET /tmons/monitor.php?temperature=22.40&server=1 HTTP/1.1" 200 606 "-" "ESP8266HTTPClient"
192.168.1.30 - - [13/Nov/2022:21:48:56 +0600] "GET /tmons/monitor.php?temperature=22.30&server=1 HTTP/1.1" 200 606 "-" "ESP8266HTTPClient"
192.168.1.30 - - [13/Nov/2022:21:49:56 +0600] "GET /tmons/monitor.php?temperature=22.20&server=1 HTTP/1.1" 200 606 "-" "ESP8266HTTPClient"
192.168.1.30 - - [13/Nov/2022:21:50:56 +0600] "GET /tmons/monitor.php?temperature=22.20&server=1 HTTP/1.1" 200 606 "-" "ESP8266HTTPClient"
192.168.1.30 - - [13/Nov/2022:21:51:57 +0600] "GET /tmons/monitor.php?temperature=22.00&server=1 HTTP/1.1" 200 606 "-" "ESP8266HTTPClient"
192.168.1.30 - - [13/Nov/2022:21:52:57 +0600] "GET /tmons/monitor.php?temperature=22.00&server=1 HTTP/1.1" 200 606 "-" "ESP8266HTTPClient"
192.168.1.30 - - [13/Nov/2022:21:54:00 +0600] "GET /tmons/monitor.php?temperature=22.00&server=1 HTTP/1.1" 200 606 "-" "ESP8266HTTPClient"
192.168.1.30 - - [13/Nov/2022:21:56:06 +0600] "GET /tmons/monitor.php?temperature=21.90&server=1 HTTP/1.1" 200 606 "-" "ESP8266HTTPClient"
192.168.1.30 - - [13/Nov/2022:21:57:06 +0600] "GET /tmons/monitor.php?temperature=21.90&server=1 HTTP/1.1" 200 606 "-" "ESP8266HTTPClient"
192.168.1.30 - - [13/Nov/2022:21:58:07 +0600] "GET /tmons/monitor.php?temperature=21.90&server=1 HTTP/1.1" 200 606 "-" "ESP8266HTTPClient"
192.168.1.30 - - [13/Nov/2022:21:59:07 +0600] "GET /tmons/monitor.php?temperature=21.90&server=1 HTTP/1.1" 200 606 "-" "ESP8266HTTPClient"
192.168.1.30 - - [13/Nov/2022:22:00:08 +0600] "GET /tmons/monitor.php?temperature=21.80&server=1 HTTP/1.1" 200 606 "-" "ESP8266HTTPClient"
192.168.1.30 - - [13/Nov/2022:22:01:08 +0600] "GET /tmons/monitor.php?temperature=21.90&server=1 HTTP/1.1" 200 606 "-" "ESP8266HTTPClient"
192.168.1.30 - - [13/Nov/2022:22:02:08 +0600] "GET /tmons/monitor.php?temperature=21.70&server=1 HTTP/1.1" 200 606 "-" "ESP8266HTTPClient"
192.168.1.30 - - [13/Nov/2022:22:03:09 +0600] "GET /tmons/monitor.php?temperature=21.70&server=1 HTTP/1.1" 200 606 "-" "ESP8266HTTPClient"
192.168.1.30 - - [13/Nov/2022:22:04:09 +0600] "GET /tmons/monitor.php?temperature=21.70&server=1 HTTP/1.1" 200 606 "-" "ESP8266HTTPClient"
192.168.1.30 - - [13/Nov/2022:22:05:12 +0600] "GET /tmons/monitor.php?temperature=21.70&server=1 HTTP/1.1" 200 606 "-" "ESP8266HTTPClient"
192.168.1.30 - - [13/Nov/2022:22:06:12 +0600] "GET /tmons/monitor.php?temperature=21.70&server=1 HTTP/1.1" 200 606 "-" "ESP8266HTTPClient"
192.168.1.30 - - [13/Nov/2022:22:07:13 +0600] "GET /tmons/monitor.php?temperature=21.70&server=1 HTTP/1.1" 200 606 "-" "ESP8266HTTPClient"
192.168.1.30 - - [13/Nov/2022:22:08:13 +0600] "GET /tmons/monitor.php?temperature=21.60&server=1 HTTP/1.1" 200 606 "-" "ESP8266HTTPClient"
192.168.1.30 - - [13/Nov/2022:22:09:16 +0600] "GET /tmons/monitor.php?temperature=21.60&server=1 HTTP/1.1" 200 606 "-" "ESP8266HTTPClient"
192.168.1.30 - - [13/Nov/2022:22:10:17 +0600] "GET /tmons/monitor.php?temperature=21.60&server=1 HTTP/1.1" 200 606 "-" "ESP8266HTTPClient"
192.168.1.30 - - [13/Nov/2022:22:11:20 +0600] "GET /tmons/monitor.php?temperature=21.60&server=1 HTTP/1.1" 200 606 "-" "ESP8266HTTPClient"
192.168.1.30 - - [13/Nov/2022:22:14:35 +0600] "GET /tmons/monitor.php?temperature=21.70&server=1 HTTP/1.1" 200 606 "-" "ESP8266HTTPClient"
192.168.1.30 - - [13/Nov/2022:22:16:39 +0600] "GET /tmons/monitor.php?temperature=21.60&server=1 HTTP/1.1" 200 606 "-" "ESP8266HTTPClient"
192.168.1.30 - - [13/Nov/2022:22:17:39 +0600] "GET /tmons/monitor.php?temperature=21.60&server=1 HTTP/1.1" 200 606 "-" "ESP8266HTTPClient"
192.168.1.30 - - [13/Nov/2022:22:18:40 +0600] "GET /tmons/monitor.php?temperature=21.50&server=1 HTTP/1.1" 200 606 "-" "ESP8266HTTPClient"
192.168.1.30 - - [13/Nov/2022:22:19:41 +0600] "GET /tmons/monitor.php?temperature=21.60&server=1 HTTP/1.1" 200 606 "-" "ESP8266HTTPClient"
192.168.1.30 - - [13/Nov/2022:22:20:44 +0600] "GET /tmons/monitor.php?temperature=22.00&server=1 HTTP/1.1" 200 606 "-" "ESP8266HTTPClient"
192.168.1.30 - - [13/Nov/2022:22:21:44 +0600] "GET /tmons/monitor.php?temperature=22.40&server=1 HTTP/1.1" 200 606 "-" "ESP8266HTTPClient"
192.168.1.30 - - [13/Nov/2022:22:22:44 +0600] "GET /tmons/monitor.php?temperature=22.90&server=1 HTTP/1.1" 200 606 "-" "ESP8266HTTPClient"
192.168.1.30 - - [13/Nov/2022:22:23:45 +0600] "GET /tmons/monitor.php?temperature=22.90&server=1 HTTP/1.1" 200 606 "-" "ESP8266HTTPClient"
192.168.1.30 - - [13/Nov/2022:22:24:45 +0600] "GET /tmons/monitor.php?temperature=22.60&server=1 HTTP/1.1" 200 606 "-" "ESP8266HTTPClient"
192.168.1.30 - - [13/Nov/2022:22:25:46 +0600] "GET /tmons/monitor.php?temperature=22.40&server=1 HTTP/1.1" 200 606 "-" "ESP8266HTTPClient"
192.168.1.30 - - [13/Nov/2022:22:26:46 +0600] "GET /tmons/monitor.php?temperature=22.30&server=1 HTTP/1.1" 200 606 "-" "ESP8266HTTPClient"
192.168.1.30 - - [13/Nov/2022:22:27:46 +0600] "GET /tmons/monitor.php?temperature=22.20&server=1 HTTP/1.1" 200 606 "-" "ESP8266HTTPClient"
192.168.1.30 - - [13/Nov/2022:22:28:47 +0600] "GET /tmons/monitor.php?temperature=22.10&server=1 HTTP/1.1" 200 606 "-" "ESP8266HTTPClient"
192.168.1.30 - - [13/Nov/2022:22:29:47 +0600] "GET /tmons/monitor.php?temperature=22.00&server=1 HTTP/1.1" 200 606 "-" "ESP8266HTTPClient"
192.168.1.30 - - [13/Nov/2022:22:30:47 +0600] "GET /tmons/monitor.php?temperature=22.00&server=1 HTTP/1.1" 200 606 "-" "ESP8266HTTPClient"
192.168.1.30 - - [13/Nov/2022:22:31:48 +0600] "GET /tmons/monitor.php?temperature=22.00&server=1 HTTP/1.1" 200 606 "-" "ESP8266HTTPClient"
192.168.1.30 - - [13/Nov/2022:22:32:48 +0600] "GET /tmons/monitor.php?temperature=21.90&server=1 HTTP/1.1" 200 606 "-" "ESP8266HTTPClient"
192.168.1.30 - - [13/Nov/2022:22:33:48 +0600] "GET /tmons/monitor.php?temperature=21.90&server=1 HTTP/1.1" 200 606 "-" "ESP8266HTTPClient"
193.138.218.160 - - [13/Nov/2022:22:33:55 +0600] "GET / HTTP/1.1" 200 139 "-" "'Mozilla/5.0 (Windows NT 10.0; Win64; x64) AppleWebKit/537.36 (KHTML, like Gecko) Chrome/58.0.3029.110 Safari/537.36'"
192.168.1.30 - - [13/Nov/2022:22:34:49 +0600] "GET /tmons/monitor.php?temperature=21.80&server=1 HTTP/1.1" 200 606 "-" "ESP8266HTTPClient"
192.168.1.30 - - [13/Nov/2022:22:35:49 +0600] "GET /tmons/monitor.php?temperature=21.90&server=1 HTTP/1.1" 200 606 "-" "ESP8266HTTPClient"
192.168.1.30 - - [13/Nov/2022:22:36:49 +0600] "GET /tmons/monitor.php?temperature=21.90&server=1 HTTP/1.1" 200 606 "-" "ESP8266HTTPClient"
192.168.1.30 - - [13/Nov/2022:22:37:50 +0600] "GET /tmons/monitor.php?temperature=22.00&server=1 HTTP/1.1" 200 606 "-" "ESP8266HTTPClient"
192.168.1.30 - - [13/Nov/2022:22:38:50 +0600] "GET /tmons/monitor.php?temperature=22.50&server=1 HTTP/1.1" 200 606 "-" "ESP8266HTTPClient"
192.168.1.30 - - [13/Nov/2022:22:39:51 +0600] "GET /tmons/monitor.php?temperature=22.90&server=1 HTTP/1.1" 200 606 "-" "ESP8266HTTPClient"
192.168.1.30 - - [13/Nov/2022:22:40:51 +0600] "GET /tmons/monitor.php?temperature=23.00&server=1 HTTP/1.1" 200 606 "-" "ESP8266HTTPClient"
192.168.1.30 - - [13/Nov/2022:22:41:52 +0600] "GET /tmons/monitor.php?temperature=22.90&server=1 HTTP/1.1" 200 606 "-" "ESP8266HTTPClient"
192.168.1.30 - - [13/Nov/2022:22:42:52 +0600] "GET /tmons/monitor.php?temperature=22.60&server=1 HTTP/1.1" 200 606 "-" "ESP8266HTTPClient"
192.168.1.30 - - [13/Nov/2022:22:43:52 +0600] "GET /tmons/monitor.php?temperature=22.50&server=1 HTTP/1.1" 200 606 "-" "ESP8266HTTPClient"
192.168.1.30 - - [13/Nov/2022:22:44:53 +0600] "GET /tmons/monitor.php?temperature=22.40&server=1 HTTP/1.1" 200 606 "-" "ESP8266HTTPClient"
192.168.1.30 - - [13/Nov/2022:22:45:53 +0600] "GET /tmons/monitor.php?temperature=22.30&server=1 HTTP/1.1" 200 606 "-" "ESP8266HTTPClient"
192.168.1.30 - - [13/Nov/2022:22:46:53 +0600] "GET /tmons/monitor.php?temperature=22.20&server=1 HTTP/1.1" 200 606 "-" "ESP8266HTTPClient"
192.168.1.30 - - [13/Nov/2022:22:47:54 +0600] "GET /tmons/monitor.php?temperature=22.20&server=1 HTTP/1.1" 200 606 "-" "ESP8266HTTPClient"
31.220.1.83 - - [13/Nov/2022:22:48:29 +0600] "GET / HTTP/1.1" 200 139 "-" "Mozilla/5.0 (compatible; CensysInspect/1.1; +https://about.censys.io/)"
192.168.1.30 - - [13/Nov/2022:22:48:54 +0600] "GET /tmons/monitor.php?temperature=22.10&server=1 HTTP/1.1" 200 606 "-" "ESP8266HTTPClient"
192.168.1.30 - - [13/Nov/2022:22:49:55 +0600] "GET /tmons/monitor.php?temperature=22.10&server=1 HTTP/1.1" 200 606 "-" "ESP8266HTTPClient"
192.168.1.30 - - [13/Nov/2022:22:50:55 +0600] "GET /tmons/monitor.php?temperature=22.00&server=1 HTTP/1.1" 200 606 "-" "ESP8266HTTPClient"
192.168.1.30 - - [13/Nov/2022:22:51:55 +0600] "GET /tmons/monitor.php?temperature=22.00&server=1 HTTP/1.1" 200 606 "-" "ESP8266HTTPClient"
192.168.1.30 - - [13/Nov/2022:22:52:55 +0600] "GET /tmons/monitor.php?temperature=22.00&server=1 HTTP/1.1" 200 606 "-" "ESP8266HTTPClient"
192.168.1.30 - - [13/Nov/2022:22:53:56 +0600] "GET /tmons/monitor.php?temperature=21.90&server=1 HTTP/1.1" 200 606 "-" "ESP8266HTTPClient"
192.168.1.30 - - [13/Nov/2022:22:54:56 +0600] "GET /tmons/monitor.php?temperature=21.90&server=1 HTTP/1.1" 200 606 "-" "ESP8266HTTPClient"
192.168.1.30 - - [13/Nov/2022:22:55:57 +0600] "GET /tmons/monitor.php?temperature=21.90&server=1 HTTP/1.1" 200 606 "-" "ESP8266HTTPClient"
192.168.1.30 - - [13/Nov/2022:22:56:57 +0600] "GET /tmons/monitor.php?temperature=21.80&server=1 HTTP/1.1" 200 606 "-" "ESP8266HTTPClient"
192.168.1.30 - - [13/Nov/2022:22:57:57 +0600] "GET /tmons/monitor.php?temperature=21.80&server=1 HTTP/1.1" 200 606 "-" "ESP8266HTTPClient"
192.168.1.30 - - [13/Nov/2022:22:58:58 +0600] "GET /tmons/monitor.php?temperature=21.80&server=1 HTTP/1.1" 200 606 "-" "ESP8266HTTPClient"
192.168.1.30 - - [13/Nov/2022:22:59:58 +0600] "GET /tmons/monitor.php?temperature=21.90&server=1 HTTP/1.1" 200 606 "-" "ESP8266HTTPClient"
192.168.1.30 - - [13/Nov/2022:23:00:58 +0600] "GET /tmons/monitor.php?temperature=21.90&server=1 HTTP/1.1" 200 606 "-" "ESP8266HTTPClient"
192.168.1.30 - - [13/Nov/2022:23:01:59 +0600] "GET /tmons/monitor.php?temperature=21.90&server=1 HTTP/1.1" 200 606 "-" "ESP8266HTTPClient"
192.168.1.30 - - [13/Nov/2022:23:02:59 +0600] "GET /tmons/monitor.php?temperature=21.80&server=1 HTTP/1.1" 200 606 "-" "ESP8266HTTPClient"
192.168.1.30 - - [13/Nov/2022:23:03:59 +0600] "GET /tmons/monitor.php?temperature=21.70&server=1 HTTP/1.1" 200 606 "-" "ESP8266HTTPClient"
192.168.1.30 - - [13/Nov/2022:23:05:00 +0600] "GET /tmons/monitor.php?temperature=21.80&server=1 HTTP/1.1" 200 606 "-" "ESP8266HTTPClient"
194.146.24.107 - - [13/Nov/2022:23:05:50 +0600] "GET /config/getuser?index=0 HTTP/1.1" 404 212 "-" "Mozilla/5.0 (X11; Ubuntu; Linux x86_64; rv:76.0) Gecko/20100101 Firefox/76.0"
192.168.1.30 - - [13/Nov/2022:23:06:00 +0600] "GET /tmons/monitor.php?temperature=21.80&server=1 HTTP/1.1" 200 606 "-" "ESP8266HTTPClient"
192.168.1.30 - - [13/Nov/2022:23:07:00 +0600] "GET /tmons/monitor.php?temperature=21.80&server=1 HTTP/1.1" 200 606 "-" "ESP8266HTTPClient"
192.168.1.30 - - [13/Nov/2022:23:08:01 +0600] "GET /tmons/monitor.php?temperature=22.00&server=1 HTTP/1.1" 200 606 "-" "ESP8266HTTPClient"
192.168.1.30 - - [13/Nov/2022:23:09:01 +0600] "GET /tmons/monitor.php?temperature=22.40&server=1 HTTP/1.1" 200 606 "-" "ESP8266HTTPClient"
192.168.1.30 - - [13/Nov/2022:23:10:01 +0600] "GET /tmons/monitor.php?temperature=22.70&server=1 HTTP/1.1" 200 606 "-" "ESP8266HTTPClient"
192.168.1.30 - - [13/Nov/2022:23:11:02 +0600] "GET /tmons/monitor.php?temperature=22.90&server=1 HTTP/1.1" 200 606 "-" "ESP8266HTTPClient"
192.168.1.30 - - [13/Nov/2022:23:12:02 +0600] "GET /tmons/monitor.php?temperature=22.80&server=1 HTTP/1.1" 200 606 "-" "ESP8266HTTPClient"
192.168.1.30 - - [13/Nov/2022:23:13:02 +0600] "GET /tmons/monitor.php?temperature=22.60&server=1 HTTP/1.1" 200 606 "-" "ESP8266HTTPClient"
192.168.1.30 - - [13/Nov/2022:23:14:12 +0600] "GET /tmons/monitor.php?temperature=22.50&server=1 HTTP/1.1" 200 606 "-" "ESP8266HTTPClient"
192.168.1.30 - - [13/Nov/2022:23:15:08 +0600] "GET /tmons/monitor.php?temperature=22.30&server=1 HTTP/1.1" 200 606 "-" "ESP8266HTTPClient"
192.168.1.30 - - [13/Nov/2022:23:16:09 +0600] "GET /tmons/monitor.php?temperature=22.20&server=1 HTTP/1.1" 200 606 "-" "ESP8266HTTPClient"
192.168.1.30 - - [13/Nov/2022:23:17:09 +0600] "GET /tmons/monitor.php?temperature=22.20&server=1 HTTP/1.1" 200 606 "-" "ESP8266HTTPClient"
192.168.1.30 - - [13/Nov/2022:23:18:10 +0600] "GET /tmons/monitor.php?temperature=22.10&server=1 HTTP/1.1" 200 606 "-" "ESP8266HTTPClient"
192.168.1.30 - - [13/Nov/2022:23:19:10 +0600] "GET /tmons/monitor.php?temperature=22.10&server=1 HTTP/1.1" 200 606 "-" "ESP8266HTTPClient"
192.168.1.30 - - [13/Nov/2022:23:20:10 +0600] "GET /tmons/monitor.php?temperature=22.10&server=1 HTTP/1.1" 200 606 "-" "ESP8266HTTPClient"
192.168.1.30 - - [13/Nov/2022:23:22:16 +0600] "GET /tmons/monitor.php?temperature=22.00&server=1 HTTP/1.1" 200 606 "-" "ESP8266HTTPClient"
192.168.1.30 - - [13/Nov/2022:23:23:16 +0600] "GET /tmons/monitor.php?temperature=21.90&server=1 HTTP/1.1" 200 606 "-" "ESP8266HTTPClient"
192.168.1.30 - - [13/Nov/2022:23:24:17 +0600] "GET /tmons/monitor.php?temperature=22.00&server=1 HTTP/1.1" 200 606 "-" "ESP8266HTTPClient"
192.168.1.30 - - [13/Nov/2022:23:25:17 +0600] "GET /tmons/monitor.php?temperature=21.90&server=1 HTTP/1.1" 200 606 "-" "ESP8266HTTPClient"
192.168.1.30 - - [13/Nov/2022:23:26:17 +0600] "GET /tmons/monitor.php?temperature=21.80&server=1 HTTP/1.1" 200 606 "-" "ESP8266HTTPClient"
192.168.1.30 - - [13/Nov/2022:23:27:18 +0600] "GET /tmons/monitor.php?temperature=21.80&server=1 HTTP/1.1" 200 606 "-" "ESP8266HTTPClient"
192.168.1.30 - - [13/Nov/2022:23:28:18 +0600] "GET /tmons/monitor.php?temperature=21.80&server=1 HTTP/1.1" 200 606 "-" "ESP8266HTTPClient"
192.168.1.30 - - [13/Nov/2022:23:29:18 +0600] "GET /tmons/monitor.php?temperature=21.80&server=1 HTTP/1.1" 200 606 "-" "ESP8266HTTPClient"
192.168.1.30 - - [13/Nov/2022:23:30:19 +0600] "GET /tmons/monitor.php?temperature=21.80&server=1 HTTP/1.1" 200 606 "-" "ESP8266HTTPClient"
192.168.1.30 - - [13/Nov/2022:23:31:19 +0600] "GET /tmons/monitor.php?temperature=21.80&server=1 HTTP/1.1" 200 606 "-" "ESP8266HTTPClient"
192.168.1.30 - - [13/Nov/2022:23:32:20 +0600] "GET /tmons/monitor.php?temperature=21.80&server=1 HTTP/1.1" 200 606 "-" "ESP8266HTTPClient"
192.168.1.30 - - [13/Nov/2022:23:33:20 +0600] "GET /tmons/monitor.php?temperature=21.80&server=1 HTTP/1.1" 200 606 "-" "ESP8266HTTPClient"
192.168.1.30 - - [13/Nov/2022:23:34:23 +0600] "GET /tmons/monitor.php?temperature=22.20&server=1 HTTP/1.1" 200 606 "-" "ESP8266HTTPClient"
192.168.1.30 - - [13/Nov/2022:23:35:24 +0600] "GET /tmons/monitor.php?temperature=22.60&server=1 HTTP/1.1" 200 606 "-" "ESP8266HTTPClient"
192.168.1.30 - - [13/Nov/2022:23:36:24 +0600] "GET /tmons/monitor.php?temperature=23.00&server=1 HTTP/1.1" 200 606 "-" "ESP8266HTTPClient"
159.223.199.166 - - [13/Nov/2022:23:36:28 +0600] "CONNECT 188.214.129.95:4444 HTTP/1.1" 405 235 "-" "-"
192.168.1.30 - - [13/Nov/2022:23:37:24 +0600] "GET /tmons/monitor.php?temperature=22.80&server=1 HTTP/1.1" 200 606 "-" "ESP8266HTTPClient"
192.168.1.30 - - [13/Nov/2022:23:38:25 +0600] "GET /tmons/monitor.php?temperature=22.60&server=1 HTTP/1.1" 200 606 "-" "ESP8266HTTPClient"
192.168.1.30 - - [13/Nov/2022:23:39:25 +0600] "GET /tmons/monitor.php?temperature=22.50&server=1 HTTP/1.1" 200 606 "-" "ESP8266HTTPClient"
192.168.1.30 - - [13/Nov/2022:23:40:26 +0600] "GET /tmons/monitor.php?temperature=22.30&server=1 HTTP/1.1" 200 606 "-" "ESP8266HTTPClient"
192.168.1.30 - - [13/Nov/2022:23:41:26 +0600] "GET /tmons/monitor.php?temperature=22.30&server=1 HTTP/1.1" 200 606 "-" "ESP8266HTTPClient"
192.168.1.30 - - [13/Nov/2022:23:42:27 +0600] "GET /tmons/monitor.php?temperature=22.20&server=1 HTTP/1.1" 200 606 "-" "ESP8266HTTPClient"
159.223.199.166 - - [13/Nov/2022:23:43:59 +0600] "CONNECT 188.214.129.95:4444 HTTP/1.1" 405 235 "-" "-"
192.168.1.30 - - [13/Nov/2022:23:44:32 +0600] "GET /tmons/monitor.php?temperature=22.00&server=1 HTTP/1.1" 200 606 "-" "ESP8266HTTPClient"
192.168.1.30 - - [13/Nov/2022:23:45:33 +0600] "GET /tmons/monitor.php?temperature=22.00&server=1 HTTP/1.1" 200 606 "-" "ESP8266HTTPClient"
192.168.1.30 - - [13/Nov/2022:23:46:33 +0600] "GET /tmons/monitor.php?temperature=22.40&server=1 HTTP/1.1" 200 606 "-" "ESP8266HTTPClient"
159.223.199.166 - - [13/Nov/2022:23:46:56 +0600] "CONNECT 188.214.129.95:4444 HTTP/1.1" 405 235 "-" "-"
192.168.1.30 - - [13/Nov/2022:23:47:34 +0600] "GET /tmons/monitor.php?temperature=23.20&server=1 HTTP/1.1" 200 606 "-" "ESP8266HTTPClient"
192.168.1.30 - - [13/Nov/2022:23:48:34 +0600] "GET /tmons/monitor.php?temperature=23.80&server=1 HTTP/1.1" 200 606 "-" "ESP8266HTTPClient"
192.168.1.30 - - [13/Nov/2022:23:49:34 +0600] "GET /tmons/monitor.php?temperature=24.00&server=1 HTTP/1.1" 200 606 "-" "ESP8266HTTPClient"
159.223.199.166 - - [13/Nov/2022:23:49:52 +0600] "CONNECT 188.214.129.95:4444 HTTP/1.1" 405 235 "-" "-"
192.168.1.30 - - [13/Nov/2022:23:50:35 +0600] "GET /tmons/monitor.php?temperature=23.50&server=1 HTTP/1.1" 200 606 "-" "ESP8266HTTPClient"
192.168.1.30 - - [13/Nov/2022:23:51:35 +0600] "GET /tmons/monitor.php?temperature=23.00&server=1 HTTP/1.1" 200 606 "-" "ESP8266HTTPClient"
192.168.1.30 - - [13/Nov/2022:23:52:35 +0600] "GET /tmons/monitor.php?temperature=22.60&server=1 HTTP/1.1" 200 606 "-" "ESP8266HTTPClient"
159.223.199.166 - - [13/Nov/2022:23:52:48 +0600] "CONNECT 188.214.129.95:4444 HTTP/1.1" 405 235 "-" "-"
192.168.1.30 - - [13/Nov/2022:23:53:36 +0600] "GET /tmons/monitor.php?temperature=22.40&server=1 HTTP/1.1" 200 606 "-" "ESP8266HTTPClient"
192.168.1.30 - - [13/Nov/2022:23:54:36 +0600] "GET /tmons/monitor.php?temperature=22.10&server=1 HTTP/1.1" 200 606 "-" "ESP8266HTTPClient"
192.168.1.30 - - [13/Nov/2022:23:55:39 +0600] "GET /tmons/monitor.php?temperature=22.00&server=1 HTTP/1.1" 200 606 "-" "ESP8266HTTPClient"
192.168.1.30 - - [13/Nov/2022:23:56:40 +0600] "GET /tmons/monitor.php?temperature=22.00&server=1 HTTP/1.1" 200 606 "-" "ESP8266HTTPClient"
192.168.1.30 - - [13/Nov/2022:23:57:40 +0600] "GET /tmons/monitor.php?temperature=21.90&server=1 HTTP/1.1" 200 606 "-" "ESP8266HTTPClient"
192.168.1.30 - - [13/Nov/2022:23:58:40 +0600] "GET /tmons/monitor.php?temperature=21.70&server=1 HTTP/1.1" 200 606 "-" "ESP8266HTTPClient"
102.37.148.98 - - [13/Nov/2022:23:58:41 +0600] "GET /.env HTTP/1.1" 404 202 "-" "Mozilla/5.0 (X11; Linux x86_64) AppleWebKit/537.36 (KHTML, like Gecko) Chrome/81.0.4044.129 Safari/537.36"
159.223.199.166 - - [13/Nov/2022:23:58:41 +0600] "CONNECT 188.214.129.95:4444 HTTP/1.1" 405 235 "-" "-"
102.37.148.98 - - [13/Nov/2022:23:58:41 +0600] "POST / HTTP/1.1" 200 139 "-" "Mozilla/5.0 (X11; Linux x86_64) AppleWebKit/537.36 (KHTML, like Gecko) Chrome/81.0.4044.129 Safari/537.36"
192.168.1.30 - - [13/Nov/2022:23:59:41 +0600] "GET /tmons/monitor.php?temperature=21.70&server=1 HTTP/1.1" 200 606 "-" "ESP8266HTTPClient"
192.168.1.30 - - [14/Nov/2022:00:00:41 +0600] "GET /tmons/monitor.php?temperature=21.60&server=1 HTTP/1.1" 200 606 "-" "ESP8266HTTPClient"
192.168.1.30 - - [14/Nov/2022:00:01:41 +0600] "GET /tmons/monitor.php?temperature=21.60&server=1 HTTP/1.1" 200 606 "-" "ESP8266HTTPClient"
192.168.1.30 - - [14/Nov/2022:00:02:42 +0600] "GET /tmons/monitor.php?temperature=21.50&server=1 HTTP/1.1" 200 606 "-" "ESP8266HTTPClient"
192.168.1.30 - - [14/Nov/2022:00:03:45 +0600] "GET /tmons/monitor.php?temperature=21.40&server=1 HTTP/1.1" 200 606 "-" "ESP8266HTTPClient"
159.223.199.166 - - [14/Nov/2022:00:04:31 +0600] "CONNECT 188.214.129.95:4444 HTTP/1.1" 405 235 "-" "-"
192.168.1.30 - - [14/Nov/2022:00:04:45 +0600] "GET /tmons/monitor.php?temperature=21.40&server=1 HTTP/1.1" 200 606 "-" "ESP8266HTTPClient"
192.168.1.30 - - [14/Nov/2022:00:05:46 +0600] "GET /tmons/monitor.php?temperature=21.40&server=1 HTTP/1.1" 200 606 "-" "ESP8266HTTPClient"
192.168.1.30 - - [14/Nov/2022:00:06:46 +0600] "GET /tmons/monitor.php?temperature=21.40&server=1 HTTP/1.1" 200 606 "-" "ESP8266HTTPClient"
159.223.199.166 - - [14/Nov/2022:00:07:27 +0600] "CONNECT 188.214.129.95:4444 HTTP/1.1" 405 235 "-" "-"
192.168.1.30 - - [14/Nov/2022:00:07:46 +0600] "GET /tmons/monitor.php?temperature=21.40&server=1 HTTP/1.1" 200 606 "-" "ESP8266HTTPClient"
192.168.1.30 - - [14/Nov/2022:00:08:47 +0600] "GET /tmons/monitor.php?temperature=21.30&server=1 HTTP/1.1" 200 606 "-" "ESP8266HTTPClient"
192.168.1.30 - - [14/Nov/2022:00:09:47 +0600] "GET /tmons/monitor.php?temperature=21.30&server=1 HTTP/1.1" 200 606 "-" "ESP8266HTTPClient"
159.223.199.166 - - [14/Nov/2022:00:10:29 +0600] "CONNECT 188.214.129.95:4444 HTTP/1.1" 405 235 "-" "-"
192.168.1.30 - - [14/Nov/2022:00:10:48 +0600] "GET /tmons/monitor.php?temperature=21.30&server=1 HTTP/1.1" 200 606 "-" "ESP8266HTTPClient"
192.168.1.30 - - [14/Nov/2022:00:11:51 +0600] "GET /tmons/monitor.php?temperature=21.10&server=1 HTTP/1.1" 200 606 "-" "ESP8266HTTPClient"
192.168.1.30 - - [14/Nov/2022:00:12:51 +0600] "GET /tmons/monitor.php?temperature=21.10&server=1 HTTP/1.1" 200 606 "-" "ESP8266HTTPClient"
159.223.199.166 - - [14/Nov/2022:00:13:19 +0600] "CONNECT 188.214.129.95:4444 HTTP/1.1" 405 235 "-" "-"
192.168.1.30 - - [14/Nov/2022:00:13:51 +0600] "GET /tmons/monitor.php?temperature=21.20&server=1 HTTP/1.1" 200 606 "-" "ESP8266HTTPClient"
192.168.1.30 - - [14/Nov/2022:00:14:51 +0600] "GET /tmons/monitor.php?temperature=21.20&server=1 HTTP/1.1" 200 606 "-" "ESP8266HTTPClient"
192.168.1.30 - - [14/Nov/2022:00:15:52 +0600] "GET /tmons/monitor.php?temperature=21.10&server=1 HTTP/1.1" 200 606 "-" "ESP8266HTTPClient"
159.223.199.166 - - [14/Nov/2022:00:16:15 +0600] "CONNECT 188.214.129.95:4444 HTTP/1.1" 405 235 "-" "-"
192.168.1.30 - - [14/Nov/2022:00:16:52 +0600] "GET /tmons/monitor.php?temperature=21.10&server=1 HTTP/1.1" 200 606 "-" "ESP8266HTTPClient"
117.196.21.115 - - [14/Nov/2022:00:17:36 +0600] "GET /boaform/admin/formLogin?username=admin&psd=admin HTTP/1.0" 404 221 "-" "-"
192.168.1.30 - - [14/Nov/2022:00:17:53 +0600] "GET /tmons/monitor.php?temperature=21.10&server=1 HTTP/1.1" 200 606 "-" "ESP8266HTTPClient"
192.168.1.30 - - [14/Nov/2022:00:18:53 +0600] "GET /tmons/monitor.php?temperature=21.10&server=1 HTTP/1.1" 200 606 "-" "ESP8266HTTPClient"
159.223.199.166 - - [14/Nov/2022:00:19:08 +0600] "CONNECT 188.214.129.95:4444 HTTP/1.1" 405 235 "-" "-"
192.168.1.30 - - [14/Nov/2022:00:19:54 +0600] "GET /tmons/monitor.php?temperature=21.00&server=1 HTTP/1.1" 200 606 "-" "ESP8266HTTPClient"
192.168.1.30 - - [14/Nov/2022:00:20:54 +0600] "GET /tmons/monitor.php?temperature=21.10&server=1 HTTP/1.1" 200 606 "-" "ESP8266HTTPClient"
192.168.1.30 - - [14/Nov/2022:00:21:54 +0600] "GET /tmons/monitor.php?temperature=21.00&server=1 HTTP/1.1" 200 606 "-" "ESP8266HTTPClient"
159.223.199.166 - - [14/Nov/2022:00:22:06 +0600] "CONNECT 188.214.129.95:4444 HTTP/1.1" 405 235 "-" "-"
192.168.1.30 - - [14/Nov/2022:00:22:55 +0600] "GET /tmons/monitor.php?temperature=21.00&server=1 HTTP/1.1" 200 606 "-" "ESP8266HTTPClient"
192.168.1.30 - - [14/Nov/2022:00:23:55 +0600] "GET /tmons/monitor.php?temperature=21.00&server=1 HTTP/1.1" 200 606 "-" "ESP8266HTTPClient"
192.168.1.30 - - [14/Nov/2022:00:24:55 +0600] "GET /tmons/monitor.php?temperature=21.00&server=1 HTTP/1.1" 200 606 "-" "ESP8266HTTPClient"
159.223.199.166 - - [14/Nov/2022:00:25:00 +0600] "CONNECT 188.214.129.95:4444 HTTP/1.1" 405 235 "-" "-"
192.168.1.30 - - [14/Nov/2022:00:25:56 +0600] "GET /tmons/monitor.php?temperature=21.00&server=1 HTTP/1.1" 200 606 "-" "ESP8266HTTPClient"
192.168.1.30 - - [14/Nov/2022:00:26:56 +0600] "GET /tmons/monitor.php?temperature=20.90&server=1 HTTP/1.1" 200 606 "-" "ESP8266HTTPClient"
192.168.1.30 - - [14/Nov/2022:00:27:56 +0600] "GET /tmons/monitor.php?temperature=21.00&server=1 HTTP/1.1" 200 606 "-" "ESP8266HTTPClient"
159.223.199.166 - - [14/Nov/2022:00:28:01 +0600] "CONNECT 188.214.129.95:4444 HTTP/1.1" 405 235 "-" "-"
192.168.1.30 - - [14/Nov/2022:00:28:57 +0600] "GET /tmons/monitor.php?temperature=21.00&server=1 HTTP/1.1" 200 606 "-" "ESP8266HTTPClient"
192.168.1.30 - - [14/Nov/2022:00:29:57 +0600] "GET /tmons/monitor.php?temperature=20.90&server=1 HTTP/1.1" 200 606 "-" "ESP8266HTTPClient"
159.223.199.166 - - [14/Nov/2022:00:30:51 +0600] "CONNECT 188.214.129.95:4444 HTTP/1.1" 405 235 "-" "-"
192.168.1.30 - - [14/Nov/2022:00:30:57 +0600] "GET /tmons/monitor.php?temperature=20.90&server=1 HTTP/1.1" 200 606 "-" "ESP8266HTTPClient"
192.168.1.30 - - [14/Nov/2022:00:31:58 +0600] "GET /tmons/monitor.php?temperature=20.90&server=1 HTTP/1.1" 200 606 "-" "ESP8266HTTPClient"
192.168.1.30 - - [14/Nov/2022:00:32:58 +0600] "GET /tmons/monitor.php?temperature=20.90&server=1 HTTP/1.1" 200 606 "-" "ESP8266HTTPClient"
192.168.1.30 - - [14/Nov/2022:00:33:59 +0600] "GET /tmons/monitor.php?temperature=20.90&server=1 HTTP/1.1" 200 606 "-" "ESP8266HTTPClient"
192.168.1.30 - - [14/Nov/2022:00:34:59 +0600] "GET /tmons/monitor.php?temperature=20.90&server=1 HTTP/1.1" 200 606 "-" "ESP8266HTTPClient"
192.168.1.30 - - [14/Nov/2022:00:35:59 +0600] "GET /tmons/monitor.php?temperature=20.90&server=1 HTTP/1.1" 200 606 "-" "ESP8266HTTPClient"
192.168.1.30 - - [14/Nov/2022:00:37:00 +0600] "GET /tmons/monitor.php?temperature=20.80&server=1 HTTP/1.1" 200 606 "-" "ESP8266HTTPClient"
192.168.1.30 - - [14/Nov/2022:00:38:00 +0600] "GET /tmons/monitor.php?temperature=20.80&server=1 HTTP/1.1" 200 606 "-" "ESP8266HTTPClient"
192.168.1.30 - - [14/Nov/2022:00:39:00 +0600] "GET /tmons/monitor.php?temperature=20.90&server=1 HTTP/1.1" 200 606 "-" "ESP8266HTTPClient"
159.223.199.166 - - [14/Nov/2022:00:39:44 +0600] "CONNECT 188.214.129.95:4444 HTTP/1.1" 405 235 "-" "-"
192.168.1.30 - - [14/Nov/2022:00:40:01 +0600] "GET /tmons/monitor.php?temperature=20.80&server=1 HTTP/1.1" 200 606 "-" "ESP8266HTTPClient"
192.168.1.30 - - [14/Nov/2022:00:41:01 +0600] "GET /tmons/monitor.php?temperature=20.70&server=1 HTTP/1.1" 200 606 "-" "ESP8266HTTPClient"
192.168.1.30 - - [14/Nov/2022:00:42:01 +0600] "GET /tmons/monitor.php?temperature=20.70&server=1 HTTP/1.1" 200 606 "-" "ESP8266HTTPClient"
159.223.199.166 - - [14/Nov/2022:00:42:39 +0600] "CONNECT 188.214.129.95:4444 HTTP/1.1" 405 235 "-" "-"
192.168.1.30 - - [14/Nov/2022:00:43:02 +0600] "GET /tmons/monitor.php?temperature=20.70&server=1 HTTP/1.1" 200 606 "-" "ESP8266HTTPClient"
192.168.1.30 - - [14/Nov/2022:00:44:02 +0600] "GET /tmons/monitor.php?temperature=20.70&server=1 HTTP/1.1" 200 606 "-" "ESP8266HTTPClient"
192.168.1.30 - - [14/Nov/2022:00:45:02 +0600] "GET /tmons/monitor.php?temperature=20.70&server=1 HTTP/1.1" 200 606 "-" "ESP8266HTTPClient"
192.168.1.30 - - [14/Nov/2022:00:46:03 +0600] "GET /tmons/monitor.php?temperature=20.70&server=1 HTTP/1.1" 200 606 "-" "ESP8266HTTPClient"
192.168.1.30 - - [14/Nov/2022:00:47:03 +0600] "GET /tmons/monitor.php?temperature=20.70&server=1 HTTP/1.1" 200 606 "-" "ESP8266HTTPClient"
192.168.1.30 - - [14/Nov/2022:00:48:03 +0600] "GET /tmons/monitor.php?temperature=20.60&server=1 HTTP/1.1" 200 606 "-" "ESP8266HTTPClient"
159.223.199.166 - - [14/Nov/2022:00:48:32 +0600] "CONNECT 188.214.129.95:4444 HTTP/1.1" 405 235 "-" "-"
192.168.1.30 - - [14/Nov/2022:00:49:04 +0600] "GET /tmons/monitor.php?temperature=20.60&server=1 HTTP/1.1" 200 606 "-" "ESP8266HTTPClient"
192.168.1.30 - - [14/Nov/2022:00:50:04 +0600] "GET /tmons/monitor.php?temperature=20.60&server=1 HTTP/1.1" 200 606 "-" "ESP8266HTTPClient"
192.168.1.30 - - [14/Nov/2022:00:51:04 +0600] "GET /tmons/monitor.php?temperature=20.70&server=1 HTTP/1.1" 200 606 "-" "ESP8266HTTPClient"
159.223.199.166 - - [14/Nov/2022:00:51:28 +0600] "CONNECT 188.214.129.95:4444 HTTP/1.1" 405 235 "-" "-"
183.136.225.32 - - [14/Nov/2022:00:51:52 +0600] "GET / HTTP/1.1" 200 139 "-" "Mozilla/5.0 (Macintosh; Intel Mac OS X 10.11; rv:47.0) Gecko/20100101 Firefox/47.0"
183.136.225.32 - - [14/Nov/2022:00:52:00 +0600] "GET / HTTP/1.1" 200 139 "-" "Mozilla/5.0 (Windows NT 6.1; WOW64) AppleWebKit/537.36 (KHTML, like Gecko) Chrome/63.0.3239.132 Safari/537.36 QIHU 360SE"
183.136.225.32 - - [14/Nov/2022:00:52:02 +0600] "GET /favicon.ico HTTP/1.1" 404 209 "-" "Mozilla/5.0 (Windows NT 6.1; WOW64) AppleWebKit/537.36 (KHTML, like Gecko) Chrome/63.0.3239.132 Safari/537.36 QIHU 360SE"
183.136.225.32 - - [14/Nov/2022:00:52:03 +0600] "GET /robots.txt HTTP/1.1" 200 361 "-" "Mozilla/5.0 (Windows NT 6.1; WOW64) AppleWebKit/537.36 (KHTML, like Gecko) Chrome/63.0.3239.132 Safari/537.36 QIHU 360SE"
192.168.1.30 - - [14/Nov/2022:00:52:05 +0600] "GET /tmons/monitor.php?temperature=20.70&server=1 HTTP/1.1" 200 606 "-" "ESP8266HTTPClient"
192.168.1.30 - - [14/Nov/2022:00:53:05 +0600] "GET /tmons/monitor.php?temperature=20.70&server=1 HTTP/1.1" 200 606 "-" "ESP8266HTTPClient"
192.168.1.30 - - [14/Nov/2022:00:54:05 +0600] "GET /tmons/monitor.php?temperature=20.60&server=1 HTTP/1.1" 200 606 "-" "ESP8266HTTPClient"
159.223.199.166 - - [14/Nov/2022:00:54:25 +0600] "CONNECT 188.214.129.95:4444 HTTP/1.1" 405 235 "-" "-"
192.168.1.30 - - [14/Nov/2022:00:55:06 +0600] "GET /tmons/monitor.php?temperature=20.60&server=1 HTTP/1.1" 200 606 "-" "ESP8266HTTPClient"
192.168.1.30 - - [14/Nov/2022:00:56:06 +0600] "GET /tmons/monitor.php?temperature=20.70&server=1 HTTP/1.1" 200 606 "-" "ESP8266HTTPClient"
192.168.1.30 - - [14/Nov/2022:00:57:06 +0600] "GET /tmons/monitor.php?temperature=20.60&server=1 HTTP/1.1" 200 606 "-" "ESP8266HTTPClient"
159.223.199.166 - - [14/Nov/2022:00:57:21 +0600] "CONNECT 188.214.129.95:4444 HTTP/1.1" 405 235 "-" "-"
192.168.1.30 - - [14/Nov/2022:00:58:07 +0600] "GET /tmons/monitor.php?temperature=20.60&server=1 HTTP/1.1" 200 606 "-" "ESP8266HTTPClient"
192.168.1.30 - - [14/Nov/2022:00:59:07 +0600] "GET /tmons/monitor.php?temperature=20.60&server=1 HTTP/1.1" 200 606 "-" "ESP8266HTTPClient"
179.43.177.154 - - [14/Nov/2022:00:59:48 +0600] "\x16\x03\x01" 400 226 "-" "-"
179.43.177.154 - - [14/Nov/2022:00:59:49 +0600] "GET /.s3cfg HTTP/1.1" 404 204 "-" "Mozilla/5.0 (Linux; Android 12; KB2005) AppleWebKit/537.36 (KHTML, like Gecko) Chrome/101.0.4951.61 Mobile Safari/537.36"
192.168.1.30 - - [14/Nov/2022:01:00:07 +0600] "GET /tmons/monitor.php?temperature=20.60&server=1 HTTP/1.1" 200 606 "-" "ESP8266HTTPClient"
192.168.1.30 - - [14/Nov/2022:01:01:08 +0600] "GET /tmons/monitor.php?temperature=20.60&server=1 HTTP/1.1" 200 606 "-" "ESP8266HTTPClient"
192.168.1.30 - - [14/Nov/2022:01:02:08 +0600] "GET /tmons/monitor.php?temperature=20.60&server=1 HTTP/1.1" 200 606 "-" "ESP8266HTTPClient"
192.168.1.30 - - [14/Nov/2022:01:03:08 +0600] "GET /tmons/monitor.php?temperature=20.60&server=1 HTTP/1.1" 200 606 "-" "ESP8266HTTPClient"
192.168.1.30 - - [14/Nov/2022:01:04:09 +0600] "GET /tmons/monitor.php?temperature=20.50&server=1 HTTP/1.1" 200 606 "-" "ESP8266HTTPClient"
192.168.1.30 - - [14/Nov/2022:01:05:09 +0600] "GET /tmons/monitor.php?temperature=20.50&server=1 HTTP/1.1" 200 606 "-" "ESP8266HTTPClient"
159.223.199.166 - - [14/Nov/2022:01:06:05 +0600] "CONNECT 188.214.129.95:4444 HTTP/1.1" 405 235 "-" "-"
192.168.1.30 - - [14/Nov/2022:01:06:09 +0600] "GET /tmons/monitor.php?temperature=20.50&server=1 HTTP/1.1" 200 606 "-" "ESP8266HTTPClient"
194.146.24.107 - - [14/Nov/2022:01:06:33 +0600] "GET /config/getuser?index=0 HTTP/1.1" 404 212 "-" "Mozilla/5.0 (X11; Ubuntu; Linux x86_64; rv:76.0) Gecko/20100101 Firefox/76.0"
192.168.1.30 - - [14/Nov/2022:01:07:10 +0600] "GET /tmons/monitor.php?temperature=20.50&server=1 HTTP/1.1" 200 606 "-" "ESP8266HTTPClient"
159.223.199.166 - - [14/Nov/2022:01:07:45 +0600] "CONNECT 188.214.129.95:4444 HTTP/1.1" 405 235 "-" "-"
192.168.1.30 - - [14/Nov/2022:01:08:10 +0600] "GET /tmons/monitor.php?temperature=20.50&server=1 HTTP/1.1" 200 606 "-" "ESP8266HTTPClient"
192.168.1.30 - - [14/Nov/2022:01:09:11 +0600] "GET /tmons/monitor.php?temperature=20.50&server=1 HTTP/1.1" 200 606 "-" "ESP8266HTTPClient"
192.168.1.30 - - [14/Nov/2022:01:10:11 +0600] "GET /tmons/monitor.php?temperature=20.50&server=1 HTTP/1.1" 200 606 "-" "ESP8266HTTPClient"
159.223.199.166 - - [14/Nov/2022:01:11:09 +0600] "CONNECT 188.214.129.95:4444 HTTP/1.1" 405 235 "-" "-"
192.168.1.30 - - [14/Nov/2022:01:11:11 +0600] "GET /tmons/monitor.php?temperature=20.50&server=1 HTTP/1.1" 200 606 "-" "ESP8266HTTPClient"
192.168.1.30 - - [14/Nov/2022:01:12:12 +0600] "GET /tmons/monitor.php?temperature=20.50&server=1 HTTP/1.1" 200 606 "-" "ESP8266HTTPClient"
192.168.1.30 - - [14/Nov/2022:01:13:12 +0600] "GET /tmons/monitor.php?temperature=20.50&server=1 HTTP/1.1" 200 606 "-" "ESP8266HTTPClient"
192.168.1.30 - - [14/Nov/2022:01:14:12 +0600] "GET /tmons/monitor.php?temperature=20.50&server=1 HTTP/1.1" 200 606 "-" "ESP8266HTTPClient"
192.168.1.30 - - [14/Nov/2022:01:15:13 +0600] "GET /tmons/monitor.php?temperature=20.50&server=1 HTTP/1.1" 200 606 "-" "ESP8266HTTPClient"
192.168.1.30 - - [14/Nov/2022:01:16:13 +0600] "GET /tmons/monitor.php?temperature=20.50&server=1 HTTP/1.1" 200 606 "-" "ESP8266HTTPClient"
192.168.1.30 - - [14/Nov/2022:01:17:13 +0600] "GET /tmons/monitor.php?temperature=20.50&server=1 HTTP/1.1" 200 606 "-" "ESP8266HTTPClient"
192.168.1.30 - - [14/Nov/2022:01:18:14 +0600] "GET /tmons/monitor.php?temperature=20.50&server=1 HTTP/1.1" 200 606 "-" "ESP8266HTTPClient"
192.168.1.30 - - [14/Nov/2022:01:19:14 +0600] "GET /tmons/monitor.php?temperature=20.50&server=1 HTTP/1.1" 200 606 "-" "ESP8266HTTPClient"
192.168.1.30 - - [14/Nov/2022:01:20:14 +0600] "GET /tmons/monitor.php?temperature=20.50&server=1 HTTP/1.1" 200 606 "-" "ESP8266HTTPClient"
192.168.1.30 - - [14/Nov/2022:01:21:15 +0600] "GET /tmons/monitor.php?temperature=20.50&server=1 HTTP/1.1" 200 606 "-" "ESP8266HTTPClient"
192.168.1.30 - - [14/Nov/2022:01:22:15 +0600] "GET /tmons/monitor.php?temperature=20.50&server=1 HTTP/1.1" 200 606 "-" "ESP8266HTTPClient"
192.168.1.30 - - [14/Nov/2022:01:23:18 +0600] "GET /tmons/monitor.php?temperature=20.50&server=1 HTTP/1.1" 200 606 "-" "ESP8266HTTPClient"
192.168.1.30 - - [14/Nov/2022:01:24:18 +0600] "GET /tmons/monitor.php?temperature=20.50&server=1 HTTP/1.1" 200 606 "-" "ESP8266HTTPClient"
192.168.1.30 - - [14/Nov/2022:01:25:19 +0600] "GET /tmons/monitor.php?temperature=20.40&server=1 HTTP/1.1" 200 606 "-" "ESP8266HTTPClient"
192.168.1.30 - - [14/Nov/2022:01:26:19 +0600] "GET /tmons/monitor.php?temperature=20.40&server=1 HTTP/1.1" 200 606 "-" "ESP8266HTTPClient"
192.168.1.30 - - [14/Nov/2022:01:27:20 +0600] "GET /tmons/monitor.php?temperature=20.40&server=1 HTTP/1.1" 200 606 "-" "ESP8266HTTPClient"
192.168.1.30 - - [14/Nov/2022:01:28:20 +0600] "GET /tmons/monitor.php?temperature=20.50&server=1 HTTP/1.1" 200 606 "-" "ESP8266HTTPClient"
192.168.1.30 - - [14/Nov/2022:01:29:20 +0600] "GET /tmons/monitor.php?temperature=20.40&server=1 HTTP/1.1" 200 606 "-" "ESP8266HTTPClient"
192.168.1.30 - - [14/Nov/2022:01:30:21 +0600] "GET /tmons/monitor.php?temperature=20.40&server=1 HTTP/1.1" 200 606 "-" "ESP8266HTTPClient"
192.168.1.30 - - [14/Nov/2022:01:31:21 +0600] "GET /tmons/monitor.php?temperature=20.40&server=1 HTTP/1.1" 200 606 "-" "ESP8266HTTPClient"
192.168.1.30 - - [14/Nov/2022:01:32:21 +0600] "GET /tmons/monitor.php?temperature=20.30&server=1 HTTP/1.1" 200 606 "-" "ESP8266HTTPClient"
192.168.1.30 - - [14/Nov/2022:01:33:21 +0600] "GET /tmons/monitor.php?temperature=20.30&server=1 HTTP/1.1" 200 606 "-" "ESP8266HTTPClient"
192.168.1.30 - - [14/Nov/2022:01:34:22 +0600] "GET /tmons/monitor.php?temperature=20.40&server=1 HTTP/1.1" 200 606 "-" "ESP8266HTTPClient"
192.168.1.30 - - [14/Nov/2022:01:35:22 +0600] "GET /tmons/monitor.php?temperature=20.40&server=1 HTTP/1.1" 200 606 "-" "ESP8266HTTPClient"
192.168.1.30 - - [14/Nov/2022:01:36:22 +0600] "GET /tmons/monitor.php?temperature=20.40&server=1 HTTP/1.1" 200 606 "-" "ESP8266HTTPClient"
192.168.1.30 - - [14/Nov/2022:01:37:23 +0600] "GET /tmons/monitor.php?temperature=20.30&server=1 HTTP/1.1" 200 606 "-" "ESP8266HTTPClient"
192.168.1.30 - - [14/Nov/2022:01:38:23 +0600] "GET /tmons/monitor.php?temperature=20.40&server=1 HTTP/1.1" 200 606 "-" "ESP8266HTTPClient"
192.168.1.30 - - [14/Nov/2022:01:39:23 +0600] "GET /tmons/monitor.php?temperature=20.40&server=1 HTTP/1.1" 200 606 "-" "ESP8266HTTPClient"
192.168.1.30 - - [14/Nov/2022:01:40:24 +0600] "GET /tmons/monitor.php?temperature=20.40&server=1 HTTP/1.1" 200 606 "-" "ESP8266HTTPClient"
192.168.1.30 - - [14/Nov/2022:01:41:24 +0600] "GET /tmons/monitor.php?temperature=20.40&server=1 HTTP/1.1" 200 606 "-" "ESP8266HTTPClient"
192.168.1.30 - - [14/Nov/2022:01:42:24 +0600] "GET /tmons/monitor.php?temperature=20.30&server=1 HTTP/1.1" 200 606 "-" "ESP8266HTTPClient"
192.168.1.30 - - [14/Nov/2022:01:43:25 +0600] "GET /tmons/monitor.php?temperature=20.30&server=1 HTTP/1.1" 200 606 "-" "ESP8266HTTPClient"
192.168.1.30 - - [14/Nov/2022:01:44:25 +0600] "GET /tmons/monitor.php?temperature=20.30&server=1 HTTP/1.1" 200 606 "-" "ESP8266HTTPClient"
192.168.1.30 - - [14/Nov/2022:01:45:26 +0600] "GET /tmons/monitor.php?temperature=20.30&server=1 HTTP/1.1" 200 606 "-" "ESP8266HTTPClient"
192.168.1.30 - - [14/Nov/2022:01:46:26 +0600] "GET /tmons/monitor.php?temperature=20.40&server=1 HTTP/1.1" 200 606 "-" "ESP8266HTTPClient"
192.168.1.30 - - [14/Nov/2022:01:47:26 +0600] "GET /tmons/monitor.php?temperature=20.30&server=1 HTTP/1.1" 200 606 "-" "ESP8266HTTPClient"
192.168.1.30 - - [14/Nov/2022:01:48:26 +0600] "GET /tmons/monitor.php?temperature=20.40&server=1 HTTP/1.1" 200 606 "-" "ESP8266HTTPClient"
192.168.1.30 - - [14/Nov/2022:01:49:27 +0600] "GET /tmons/monitor.php?temperature=20.30&server=1 HTTP/1.1" 200 606 "-" "ESP8266HTTPClient"
192.168.1.30 - - [14/Nov/2022:01:50:27 +0600] "GET /tmons/monitor.php?temperature=20.30&server=1 HTTP/1.1" 200 606 "-" "ESP8266HTTPClient"
192.168.1.30 - - [14/Nov/2022:01:51:27 +0600] "GET /tmons/monitor.php?temperature=20.30&server=1 HTTP/1.1" 200 606 "-" "ESP8266HTTPClient"
192.168.1.30 - - [14/Nov/2022:01:52:28 +0600] "GET /tmons/monitor.php?temperature=20.50&server=1 HTTP/1.1" 200 606 "-" "ESP8266HTTPClient"
192.168.1.30 - - [14/Nov/2022:01:53:28 +0600] "GET /tmons/monitor.php?temperature=21.50&server=1 HTTP/1.1" 200 606 "-" "ESP8266HTTPClient"
192.168.1.30 - - [14/Nov/2022:01:54:28 +0600] "GET /tmons/monitor.php?temperature=22.10&server=1 HTTP/1.1" 200 606 "-" "ESP8266HTTPClient"
192.168.1.30 - - [14/Nov/2022:01:55:29 +0600] "GET /tmons/monitor.php?temperature=22.50&server=1 HTTP/1.1" 200 606 "-" "ESP8266HTTPClient"
192.168.1.30 - - [14/Nov/2022:01:56:29 +0600] "GET /tmons/monitor.php?temperature=22.90&server=1 HTTP/1.1" 200 606 "-" "ESP8266HTTPClient"
192.168.1.30 - - [14/Nov/2022:01:57:29 +0600] "GET /tmons/monitor.php?temperature=22.80&server=1 HTTP/1.1" 200 606 "-" "ESP8266HTTPClient"
192.168.1.30 - - [14/Nov/2022:01:58:30 +0600] "GET /tmons/monitor.php?temperature=22.60&server=1 HTTP/1.1" 200 606 "-" "ESP8266HTTPClient"
