192.168.1.188 - - [16/Oct/2022:12:58:09 +0600] "POST /phpmyadmin/navigation.php?ajax_request=1&token=272cc1c0f541d92f49d4243a2580e822 HTTP/1.1" 200 2965 "-" "Mozilla/5.0 (Windows NT 10.0; Win64; x64) AppleWebKit/537.36 (KHTML, like Gecko) Chrome/106.0.0.0 Safari/537.36"
192.168.1.188 - - [16/Oct/2022:12:58:09 +0600] "GET /phpmyadmin/navigation.php?ajax_request=1&token=272cc1c0f541d92f49d4243a2580e822&aPath=cm9vdA%3D%3D.ZGVzY29fY2VudHJhbA%3D%3D.dGFibGVz&vPath=cm9vdA%3D%3D.ZGVzY28%3D.Y2VudHJhbA%3D%3D.VGFibGVz&pos=0&pos2_name=tables&pos2_value=0&searchClause=&searchClause2=&_nocache=1665903490908839835 HTTP/1.1" 200 3900 "-" "Mozilla/5.0 (Windows NT 10.0; Win64; x64) AppleWebKit/537.36 (KHTML, like Gecko) Chrome/106.0.0.0 Safari/537.36"
192.168.1.30 - - [16/Oct/2022:12:58:38 +0600] "GET /tmons/monitor2.php?temperature=24.10&server=1 HTTP/1.1" 200 - "-" "ESP8266HTTPClient"
192.168.1.188 - - [16/Oct/2022:12:59:03 +0600] "GET /phpmyadmin/server_privileges.php?db=desco_central&token=272cc1c0f541d92f49d4243a2580e822&checkprivsdb=desco_central&viewing_mode=db&ajax_request=true&ajax_page_request=true&menuHashes=6cc0eb09&_nocache=1665903544228753890 HTTP/1.1" 200 2218 "-" "Mozilla/5.0 (Windows NT 10.0; Win64; x64) AppleWebKit/537.36 (KHTML, like Gecko) Chrome/106.0.0.0 Safari/537.36"
192.168.1.188 - - [16/Oct/2022:12:59:03 +0600] "GET /phpmyadmin/js/get_scripts.js.php?scripts%5B%5D=server_privileges.js&call_done=1 HTTP/1.1" 200 3875 "-" "Mozilla/5.0 (Windows NT 10.0; Win64; x64) AppleWebKit/537.36 (KHTML, like Gecko) Chrome/106.0.0.0 Safari/537.36"
192.168.1.30 - - [16/Oct/2022:12:59:39 +0600] "GET /tmons/monitor2.php?temperature=24.00&server=1 HTTP/1.1" 200 - "-" "ESP8266HTTPClient"
192.168.1.188 - - [16/Oct/2022:12:59:43 +0600] "GET /phpmyadmin/db_operations.php?db=desco_central&token=272cc1c0f541d92f49d4243a2580e822&ajax_request=true&ajax_page_request=true&menuHashes=6cc0eb09-cc8cb57e&_nocache=1665903584225841826 HTTP/1.1" 200 5113 "-" "Mozilla/5.0 (Windows NT 10.0; Win64; x64) AppleWebKit/537.36 (KHTML, like Gecko) Chrome/106.0.0.0 Safari/537.36"
192.168.1.188 - - [16/Oct/2022:12:59:43 +0600] "GET /phpmyadmin/js/get_scripts.js.php?scripts%5B%5D=db_operations.js&call_done=1 HTTP/1.1" 200 1484 "-" "Mozilla/5.0 (Windows NT 10.0; Win64; x64) AppleWebKit/537.36 (KHTML, like Gecko) Chrome/106.0.0.0 Safari/537.36"
192.168.1.188 - - [16/Oct/2022:12:59:44 +0600] "GET /phpmyadmin/server_privileges.php?db=desco_central&token=272cc1c0f541d92f49d4243a2580e822&checkprivsdb=desco_central&viewing_mode=db&ajax_request=true&ajax_page_request=true&menuHashes=6cc0eb09-cc8cb57e-266b2820&_nocache=1665903585395591322 HTTP/1.1" 200 1732 "-" "Mozilla/5.0 (Windows NT 10.0; Win64; x64) AppleWebKit/537.36 (KHTML, like Gecko) Chrome/106.0.0.0 Safari/537.36"
192.168.1.188 - - [16/Oct/2022:12:59:55 +0600] "GET /phpmyadmin/server_privileges.php?username=root&hostname=127.0.0.1&dbname=&tablename=&token=272cc1c0f541d92f49d4243a2580e822&ajax_request=true&ajax_page_request=true&menuHashes=6cc0eb09-cc8cb57e-266b2820&_nocache=1665903596663270628 HTTP/1.1" 200 5501 "-" "Mozilla/5.0 (Windows NT 10.0; Win64; x64) AppleWebKit/537.36 (KHTML, like Gecko) Chrome/106.0.0.0 Safari/537.36"
192.168.1.188 - - [16/Oct/2022:12:59:55 +0600] "GET /phpmyadmin/server_privileges.php?ajax_request=true&token=272cc1c0f541d92f49d4243a2580e822&server=1&validate_username=true&username=root&_nocache=1665903596791413552 HTTP/1.1" 200 1376 "-" "Mozilla/5.0 (Windows NT 10.0; Win64; x64) AppleWebKit/537.36 (KHTML, like Gecko) Chrome/106.0.0.0 Safari/537.36"
192.168.1.188 - - [16/Oct/2022:13:00:15 +0600] "GET /phpmyadmin/server_databases.php?db=&token=272cc1c0f541d92f49d4243a2580e822&ajax_request=true&ajax_page_request=true&menuHashes=6cc0eb09-cc8cb57e-266b2820-041ce91b&_nocache=1665903616784104681 HTTP/1.1" 200 5324 "-" "Mozilla/5.0 (Windows NT 10.0; Win64; x64) AppleWebKit/537.36 (KHTML, like Gecko) Chrome/106.0.0.0 Safari/537.36"
192.168.1.188 - - [16/Oct/2022:13:00:24 +0600] "GET /phpmyadmin/prefs_manage.php?db=&token=272cc1c0f541d92f49d4243a2580e822&ajax_request=true&ajax_page_request=true&menuHashes=6cc0eb09-cc8cb57e-266b2820-041ce91b-baac31a9&_nocache=166590362552950430 HTTP/1.1" 200 2676 "-" "Mozilla/5.0 (Windows NT 10.0; Win64; x64) AppleWebKit/537.36 (KHTML, like Gecko) Chrome/106.0.0.0 Safari/537.36"
192.168.1.188 - - [16/Oct/2022:13:00:27 +0600] "GET /phpmyadmin/server_replication.php?db=&token=272cc1c0f541d92f49d4243a2580e822&ajax_request=true&ajax_page_request=true&menuHashes=6cc0eb09-cc8cb57e-266b2820-041ce91b-baac31a9-02457162&_nocache=1665903628651120867 HTTP/1.1" 200 1449 "-" "Mozilla/5.0 (Windows NT 10.0; Win64; x64) AppleWebKit/537.36 (KHTML, like Gecko) Chrome/106.0.0.0 Safari/537.36"
192.168.1.188 - - [16/Oct/2022:13:00:27 +0600] "GET /phpmyadmin/js/get_scripts.js.php?scripts%5B%5D=replication.js&call_done=1 HTTP/1.1" 200 680 "-" "Mozilla/5.0 (Windows NT 10.0; Win64; x64) AppleWebKit/537.36 (KHTML, like Gecko) Chrome/106.0.0.0 Safari/537.36"
192.168.1.188 - - [16/Oct/2022:13:00:29 +0600] "GET /phpmyadmin/server_databases.php?db=&token=272cc1c0f541d92f49d4243a2580e822&ajax_request=true&ajax_page_request=true&menuHashes=6cc0eb09-cc8cb57e-266b2820-041ce91b-baac31a9-02457162-5f9a4c26&_nocache=166590363020237512 HTTP/1.1" 200 4902 "-" "Mozilla/5.0 (Windows NT 10.0; Win64; x64) AppleWebKit/537.36 (KHTML, like Gecko) Chrome/106.0.0.0 Safari/537.36"
192.168.1.188 - - [16/Oct/2022:13:00:33 +0600] "POST /phpmyadmin/navigation.php?ajax_request=1&token=272cc1c0f541d92f49d4243a2580e822 HTTP/1.1" 200 5004 "-" "Mozilla/5.0 (Windows NT 10.0; Win64; x64) AppleWebKit/537.36 (KHTML, like Gecko) Chrome/106.0.0.0 Safari/537.36"
192.168.1.188 - - [16/Oct/2022:13:00:36 +0600] "GET /phpmyadmin/db_structure.php?db=desco_central&table=&server=1&target=&token=272cc1c0f541d92f49d4243a2580e822 HTTP/1.1" 200 18484 "-" "Mozilla/5.0 (Windows NT 10.0; Win64; x64) AppleWebKit/537.36 (KHTML, like Gecko) Chrome/106.0.0.0 Safari/537.36"
192.168.1.188 - - [16/Oct/2022:13:00:36 +0600] "GET /phpmyadmin/server_databases.php?db=&table=&server=1&target=&token=272cc1c0f541d92f49d4243a2580e822 HTTP/1.1" 200 8346 "-" "Mozilla/5.0 (Windows NT 10.0; Win64; x64) AppleWebKit/537.36 (KHTML, like Gecko) Chrome/106.0.0.0 Safari/537.36"
192.168.1.188 - - [16/Oct/2022:13:00:36 +0600] "POST /phpmyadmin/navigation.php?ajax_request=1&token=272cc1c0f541d92f49d4243a2580e822 HTTP/1.1" 200 5004 "-" "Mozilla/5.0 (Windows NT 10.0; Win64; x64) AppleWebKit/537.36 (KHTML, like Gecko) Chrome/106.0.0.0 Safari/537.36"
192.168.1.30 - - [16/Oct/2022:13:00:39 +0600] "GET /tmons/monitor2.php?temperature=23.90&server=1 HTTP/1.1" 200 - "-" "ESP8266HTTPClient"
192.168.1.188 - - [16/Oct/2022:13:00:43 +0600] "GET /phpmyadmin/server_sql.php?db=&token=272cc1c0f541d92f49d4243a2580e822&ajax_request=true&ajax_page_request=true&menuHashes=baac31a9&_nocache=1665903644744903474 HTTP/1.1" 200 2049 "-" "Mozilla/5.0 (Windows NT 10.0; Win64; x64) AppleWebKit/537.36 (KHTML, like Gecko) Chrome/106.0.0.0 Safari/537.36"
20.214.110.150 - - [16/Oct/2022:13:00:58 +0600] "GET /.env HTTP/1.1" 404 202 "-" "Mozilla/5.0 (Linux; U; Android 4.4.2; en-US; HM NOTE 1W Build/KOT49H) AppleWebKit/534.30 (KHTML, like Gecko) Version/4.0 UCBrowser/11.0.5.850 U3/0.8.0 Mobile Safari/534.30"
20.214.110.150 - - [16/Oct/2022:13:00:58 +0600] "POST / HTTP/1.1" 200 139 "-" "Mozilla/5.0 (Linux; U; Android 4.4.2; en-US; HM NOTE 1W Build/KOT49H) AppleWebKit/534.30 (KHTML, like Gecko) Version/4.0 UCBrowser/11.0.5.850 U3/0.8.0 Mobile Safari/534.30"
192.168.1.188 - - [16/Oct/2022:13:01:11 +0600] "GET /phpmyadmin/server_databases.php?db=&table=&server=1&target=&token=272cc1c0f541d92f49d4243a2580e822 HTTP/1.1" 200 8346 "-" "Mozilla/5.0 (Windows NT 10.0; Win64; x64) AppleWebKit/537.36 (KHTML, like Gecko) Chrome/106.0.0.0 Safari/537.36"
192.168.1.188 - - [16/Oct/2022:13:01:11 +0600] "GET /phpmyadmin/server_sql.php?db=&table=&server=1&target=&token=272cc1c0f541d92f49d4243a2580e822 HTTP/1.1" 200 4975 "-" "Mozilla/5.0 (Windows NT 10.0; Win64; x64) AppleWebKit/537.36 (KHTML, like Gecko) Chrome/106.0.0.0 Safari/537.36"
192.168.1.188 - - [16/Oct/2022:13:01:11 +0600] "POST /phpmyadmin/navigation.php?ajax_request=1&token=272cc1c0f541d92f49d4243a2580e822 HTTP/1.1" 200 2965 "-" "Mozilla/5.0 (Windows NT 10.0; Win64; x64) AppleWebKit/537.36 (KHTML, like Gecko) Chrome/106.0.0.0 Safari/537.36"
192.168.1.188 - - [16/Oct/2022:13:01:15 +0600] "GET /phpmyadmin/server_privileges.php?db=&token=272cc1c0f541d92f49d4243a2580e822&viewing_mode=server&ajax_request=true&ajax_page_request=true&menuHashes=d8575df9&_nocache=1665903676938494896 HTTP/1.1" 200 2613 "-" "Mozilla/5.0 (Windows NT 10.0; Win64; x64) AppleWebKit/537.36 (KHTML, like Gecko) Chrome/106.0.0.0 Safari/537.36"
192.168.1.188 - - [16/Oct/2022:13:01:30 +0600] "GET /phpmyadmin/server_export.php?db=&token=272cc1c0f541d92f49d4243a2580e822&ajax_request=true&ajax_page_request=true&menuHashes=d8575df9-041ce91b&_nocache=1665903691487663144 HTTP/1.1" 200 34795 "-" "Mozilla/5.0 (Windows NT 10.0; Win64; x64) AppleWebKit/537.36 (KHTML, like Gecko) Chrome/106.0.0.0 Safari/537.36"
192.168.1.188 - - [16/Oct/2022:13:01:31 +0600] "GET /phpmyadmin/js/get_scripts.js.php?scripts%5B%5D=export.js&call_done=1 HTTP/1.1" 200 3307 "-" "Mozilla/5.0 (Windows NT 10.0; Win64; x64) AppleWebKit/537.36 (KHTML, like Gecko) Chrome/106.0.0.0 Safari/537.36"
192.168.1.188 - - [16/Oct/2022:13:01:32 +0600] "GET /phpmyadmin/server_replication.php?db=&token=272cc1c0f541d92f49d4243a2580e822&ajax_request=true&ajax_page_request=true&menuHashes=60251226-d8575df9-041ce91b&_nocache=1665903693367921027 HTTP/1.1" 200 1449 "-" "Mozilla/5.0 (Windows NT 10.0; Win64; x64) AppleWebKit/537.36 (KHTML, like Gecko) Chrome/106.0.0.0 Safari/537.36"
192.168.1.30 - - [16/Oct/2022:13:01:39 +0600] "GET /tmons/monitor2.php?temperature=23.80&server=1 HTTP/1.1" 200 - "-" "ESP8266HTTPClient"
192.168.1.30 - - [16/Oct/2022:13:01:45 +0600] "GET /tmons/monitor.php?temperature=23.30&server=1 HTTP/1.1" 200 - "-" "ESP8266HTTPClient"
192.168.1.30 - - [16/Oct/2022:13:02:39 +0600] "GET /tmons/monitor2.php?temperature=23.70&server=1 HTTP/1.1" 200 - "-" "ESP8266HTTPClient"
192.168.1.30 - - [16/Oct/2022:13:03:40 +0600] "GET /tmons/monitor2.php?temperature=23.70&server=1 HTTP/1.1" 200 - "-" "ESP8266HTTPClient"
192.168.1.30 - - [16/Oct/2022:13:04:40 +0600] "GET /tmons/monitor2.php?temperature=23.70&server=1 HTTP/1.1" 200 - "-" "ESP8266HTTPClient"
192.168.1.188 - - [16/Oct/2022:13:05:33 +0600] "POST /phpmyadmin/navigation.php?ajax_request=1&token=272cc1c0f541d92f49d4243a2580e822 HTTP/1.1" 200 2965 "-" "Mozilla/5.0 (Windows NT 10.0; Win64; x64) AppleWebKit/537.36 (KHTML, like Gecko) Chrome/106.0.0.0 Safari/537.36"
192.168.1.188 - - [16/Oct/2022:13:05:40 +0600] "GET /phpmyadmin/navigation.php?ajax_request=1&token=272cc1c0f541d92f49d4243a2580e822&aPath=cm9vdA%3D%3D.ZGVzY29fY2VudHJhbA%3D%3D.dGFibGVz&vPath=cm9vdA%3D%3D.ZGVzY28%3D.Y2VudHJhbA%3D%3D.VGFibGVz&pos=0&pos2_name=tables&pos2_value=0&searchClause=&searchClause2=&_nocache=166590394120344595 HTTP/1.1" 200 3900 "-" "Mozilla/5.0 (Windows NT 10.0; Win64; x64) AppleWebKit/537.36 (KHTML, like Gecko) Chrome/106.0.0.0 Safari/537.36"
192.168.1.30 - - [16/Oct/2022:13:05:40 +0600] "GET /tmons/monitor2.php?temperature=23.70&server=1 HTTP/1.1" 200 - "-" "ESP8266HTTPClient"
192.168.1.188 - - [16/Oct/2022:13:05:48 +0600] "POST /phpmyadmin/navigation.php HTTP/1.1" 200 3318 "-" "Mozilla/5.0 (Windows NT 10.0; Win64; x64) AppleWebKit/537.36 (KHTML, like Gecko) Chrome/106.0.0.0 Safari/537.36"
192.168.1.188 - - [16/Oct/2022:13:06:07 +0600] "POST /phpmyadmin/navigation.php?aPath=cm9vdA%3D%3D.ZGVzY29fY2VudHJhbA%3D%3D.dGFibGVz&vPath=cm9vdA%3D%3D.ZGVzY28%3D.Y2VudHJhbA%3D%3D.VGFibGVz&pos=0&server=1&pos2_name=tables&pos2_value=0&token=272cc1c0f541d92f49d4243a2580e822 HTTP/1.1" 200 3900 "-" "Mozilla/5.0 (Windows NT 10.0; Win64; x64) AppleWebKit/537.36 (KHTML, like Gecko) Chrome/106.0.0.0 Safari/537.36"
192.168.1.188 - - [16/Oct/2022:13:06:11 +0600] "POST /phpmyadmin/navigation.php?aPath=cm9vdA%3D%3D.ZGVzY29fY2VudHJhbA%3D%3D.dGFibGVz&vPath=cm9vdA%3D%3D.ZGVzY28%3D.Y2VudHJhbA%3D%3D.VGFibGVz&pos=0&server=1&pos2_name=tables&pos2_value=50&token=272cc1c0f541d92f49d4243a2580e822 HTTP/1.1" 200 3318 "-" "Mozilla/5.0 (Windows NT 10.0; Win64; x64) AppleWebKit/537.36 (KHTML, like Gecko) Chrome/106.0.0.0 Safari/537.36"
192.168.1.188 - - [16/Oct/2022:13:06:16 +0600] "GET /phpmyadmin/sql.php?server=1&db=desco_central&table=user_info&pos=0&token=272cc1c0f541d92f49d4243a2580e822&ajax_request=true&ajax_page_request=true&menuHashes=60251226-d8575df9-041ce91b-5f9a4c26&_nocache=1665903977384645078 HTTP/1.1" 200 6206 "-" "Mozilla/5.0 (Windows NT 10.0; Win64; x64) AppleWebKit/537.36 (KHTML, like Gecko) Chrome/106.0.0.0 Safari/537.36"
192.168.1.188 - - [16/Oct/2022:13:06:16 +0600] "GET /phpmyadmin/js/get_scripts.js.php?scripts%5B%5D=tbl_change.js&scripts%5B%5D=gis_data_editor.js&scripts%5B%5D=multi_column_sort.js&call_done=1 HTTP/1.1" 200 11460 "-" "Mozilla/5.0 (Windows NT 10.0; Win64; x64) AppleWebKit/537.36 (KHTML, like Gecko) Chrome/106.0.0.0 Safari/537.36"
192.168.1.188 - - [16/Oct/2022:13:06:16 +0600] "GET /phpmyadmin/index.php?ajax_request=1&recent_table=1&token=272cc1c0f541d92f49d4243a2580e822 HTTP/1.1" 200 1352 "-" "Mozilla/5.0 (Windows NT 10.0; Win64; x64) AppleWebKit/537.36 (KHTML, like Gecko) Chrome/106.0.0.0 Safari/537.36"
192.168.1.188 - - [16/Oct/2022:13:06:27 +0600] "POST /phpmyadmin/navigation.php?aPath=cm9vdA%3D%3D.ZGVzY29fY2VudHJhbA%3D%3D.dGFibGVz&vPath=cm9vdA%3D%3D.ZGVzY28%3D.Y2VudHJhbA%3D%3D.VGFibGVz&pos=0&server=1&pos2_name=tables&pos2_value=0&token=272cc1c0f541d92f49d4243a2580e822 HTTP/1.1" 200 3900 "-" "Mozilla/5.0 (Windows NT 10.0; Win64; x64) AppleWebKit/537.36 (KHTML, like Gecko) Chrome/106.0.0.0 Safari/537.36"
192.168.1.188 - - [16/Oct/2022:13:06:28 +0600] "GET /phpmyadmin/sql.php?server=1&db=desco_central&table=access_log&pos=0&token=272cc1c0f541d92f49d4243a2580e822&ajax_request=true&ajax_page_request=true&menuHashes=60251226-d8575df9-041ce91b-5f9a4c26-0514e468&_nocache=1665903989824887557 HTTP/1.1" 200 7616 "-" "Mozilla/5.0 (Windows NT 10.0; Win64; x64) AppleWebKit/537.36 (KHTML, like Gecko) Chrome/106.0.0.0 Safari/537.36"
192.168.1.188 - - [16/Oct/2022:13:06:28 +0600] "GET /phpmyadmin/index.php?ajax_request=1&recent_table=1&token=272cc1c0f541d92f49d4243a2580e822 HTTP/1.1" 200 1352 "-" "Mozilla/5.0 (Windows NT 10.0; Win64; x64) AppleWebKit/537.36 (KHTML, like Gecko) Chrome/106.0.0.0 Safari/537.36"
192.168.1.30 - - [16/Oct/2022:13:06:40 +0600] "GET /tmons/monitor2.php?temperature=23.70&server=1 HTTP/1.1" 200 - "-" "ESP8266HTTPClient"
192.168.1.188 - - [16/Oct/2022:13:06:47 +0600] "POST /phpmyadmin/tbl_row_action.php HTTP/1.1" 200 2227 "-" "Mozilla/5.0 (Windows NT 10.0; Win64; x64) AppleWebKit/537.36 (KHTML, like Gecko) Chrome/106.0.0.0 Safari/537.36"
192.168.1.188 - - [16/Oct/2022:13:06:47 +0600] "GET /phpmyadmin/index.php?ajax_request=1&recent_table=1&token=272cc1c0f541d92f49d4243a2580e822 HTTP/1.1" 200 1352 "-" "Mozilla/5.0 (Windows NT 10.0; Win64; x64) AppleWebKit/537.36 (KHTML, like Gecko) Chrome/106.0.0.0 Safari/537.36"
192.168.1.188 - - [16/Oct/2022:13:06:50 +0600] "POST /phpmyadmin/tbl_row_action.php HTTP/1.1" 200 5878 "-" "Mozilla/5.0 (Windows NT 10.0; Win64; x64) AppleWebKit/537.36 (KHTML, like Gecko) Chrome/106.0.0.0 Safari/537.36"
192.168.1.188 - - [16/Oct/2022:13:06:50 +0600] "GET /phpmyadmin/index.php?ajax_request=1&recent_table=1&token=272cc1c0f541d92f49d4243a2580e822 HTTP/1.1" 200 1352 "-" "Mozilla/5.0 (Windows NT 10.0; Win64; x64) AppleWebKit/537.36 (KHTML, like Gecko) Chrome/106.0.0.0 Safari/537.36"
192.168.1.188 - - [16/Oct/2022:13:06:52 +0600] "GET /phpmyadmin/sql.php?server=1&db=desco_central&table=arc_access_log&pos=0&token=272cc1c0f541d92f49d4243a2580e822&ajax_request=true&ajax_page_request=true&menuHashes=60251226-d8575df9-041ce91b-5f9a4c26-0514e468-6abdc8c5-ffa81235&_nocache=16659040134242564 HTTP/1.1" 200 2038 "-" "Mozilla/5.0 (Windows NT 10.0; Win64; x64) AppleWebKit/537.36 (KHTML, like Gecko) Chrome/106.0.0.0 Safari/537.36"
192.168.1.188 - - [16/Oct/2022:13:06:52 +0600] "GET /phpmyadmin/index.php?ajax_request=1&recent_table=1&token=272cc1c0f541d92f49d4243a2580e822 HTTP/1.1" 200 1361 "-" "Mozilla/5.0 (Windows NT 10.0; Win64; x64) AppleWebKit/537.36 (KHTML, like Gecko) Chrome/106.0.0.0 Safari/537.36"
192.168.1.188 - - [16/Oct/2022:13:06:53 +0600] "GET /phpmyadmin/sql.php?server=1&db=desco_central&table=access_log&pos=0&token=272cc1c0f541d92f49d4243a2580e822&ajax_request=true&ajax_page_request=true&menuHashes=60251226-041ce91b-5f9a4c26-0514e468-6abdc8c5-ffa81235-81b0c9ae&_nocache=1665904014460541511 HTTP/1.1" 200 5904 "-" "Mozilla/5.0 (Windows NT 10.0; Win64; x64) AppleWebKit/537.36 (KHTML, like Gecko) Chrome/106.0.0.0 Safari/537.36"
192.168.1.188 - - [16/Oct/2022:13:06:53 +0600] "GET /phpmyadmin/index.php?ajax_request=1&recent_table=1&token=272cc1c0f541d92f49d4243a2580e822 HTTP/1.1" 200 1362 "-" "Mozilla/5.0 (Windows NT 10.0; Win64; x64) AppleWebKit/537.36 (KHTML, like Gecko) Chrome/106.0.0.0 Safari/537.36"
192.168.1.188 - - [16/Oct/2022:13:06:58 +0600] "POST /phpmyadmin/sql.php HTTP/1.1" 200 6001 "-" "Mozilla/5.0 (Windows NT 10.0; Win64; x64) AppleWebKit/537.36 (KHTML, like Gecko) Chrome/106.0.0.0 Safari/537.36"
192.168.1.188 - - [16/Oct/2022:13:06:58 +0600] "GET /phpmyadmin/index.php?ajax_request=1&recent_table=1&token=272cc1c0f541d92f49d4243a2580e822 HTTP/1.1" 200 1362 "-" "Mozilla/5.0 (Windows NT 10.0; Win64; x64) AppleWebKit/537.36 (KHTML, like Gecko) Chrome/106.0.0.0 Safari/537.36"
192.168.1.188 - - [16/Oct/2022:13:06:59 +0600] "GET /phpmyadmin/themes/pmahomme/jquery/images/ui-bg_flat_75_ffffff_40x100.png HTTP/1.1" 200 247 "http://192.168.0.59/phpmyadmin/themes/pmahomme/jquery/jquery-ui-1.11.2.css" "Mozilla/5.0 (Windows NT 10.0; Win64; x64) AppleWebKit/537.36 (KHTML, like Gecko) Chrome/106.0.0.0 Safari/537.36"
192.168.1.188 - - [16/Oct/2022:13:06:59 +0600] "GET /phpmyadmin/themes/pmahomme/jquery/images/ui-bg_glass_75_e6e6e6_1x400.png HTTP/1.1" 200 301 "http://192.168.0.59/phpmyadmin/themes/pmahomme/jquery/jquery-ui-1.11.2.css" "Mozilla/5.0 (Windows NT 10.0; Win64; x64) AppleWebKit/537.36 (KHTML, like Gecko) Chrome/106.0.0.0 Safari/537.36"
192.168.1.188 - - [16/Oct/2022:13:06:59 +0600] "GET /phpmyadmin/themes/pmahomme/jquery/images/ui-icons_888888_256x240.png HTTP/1.1" 200 7092 "http://192.168.0.59/phpmyadmin/themes/pmahomme/jquery/jquery-ui-1.11.2.css" "Mozilla/5.0 (Windows NT 10.0; Win64; x64) AppleWebKit/537.36 (KHTML, like Gecko) Chrome/106.0.0.0 Safari/537.36"
192.168.1.188 - - [16/Oct/2022:13:06:59 +0600] "GET /phpmyadmin/themes/pmahomme/jquery/images/ui-bg_highlight-soft_75_cccccc_1x100.png HTTP/1.1" 200 319 "http://192.168.0.59/phpmyadmin/themes/pmahomme/jquery/jquery-ui-1.11.2.css" "Mozilla/5.0 (Windows NT 10.0; Win64; x64) AppleWebKit/537.36 (KHTML, like Gecko) Chrome/106.0.0.0 Safari/537.36"
192.168.1.188 - - [16/Oct/2022:13:06:59 +0600] "GET /phpmyadmin/themes/pmahomme/jquery/images/ui-icons_222222_256x240.png HTTP/1.1" 200 7006 "http://192.168.0.59/phpmyadmin/themes/pmahomme/jquery/jquery-ui-1.11.2.css" "Mozilla/5.0 (Windows NT 10.0; Win64; x64) AppleWebKit/537.36 (KHTML, like Gecko) Chrome/106.0.0.0 Safari/537.36"
192.168.1.188 - - [16/Oct/2022:13:06:59 +0600] "GET /phpmyadmin/themes/pmahomme/jquery/images/ui-bg_flat_0_aaaaaa_40x100.png HTTP/1.1" 200 251 "http://192.168.0.59/phpmyadmin/themes/pmahomme/jquery/jquery-ui-1.11.2.css" "Mozilla/5.0 (Windows NT 10.0; Win64; x64) AppleWebKit/537.36 (KHTML, like Gecko) Chrome/106.0.0.0 Safari/537.36"
192.168.1.188 - - [16/Oct/2022:13:06:59 +0600] "GET /phpmyadmin/themes/pmahomme/jquery/images/ui-bg_glass_75_dadada_1x400.png HTTP/1.1" 200 301 "http://192.168.0.59/phpmyadmin/themes/pmahomme/jquery/jquery-ui-1.11.2.css" "Mozilla/5.0 (Windows NT 10.0; Win64; x64) AppleWebKit/537.36 (KHTML, like Gecko) Chrome/106.0.0.0 Safari/537.36"
192.168.1.188 - - [16/Oct/2022:13:07:01 +0600] "GET /phpmyadmin/themes/pmahomme/jquery/images/ui-bg_glass_65_ffffff_1x400.png HTTP/1.1" 200 246 "http://192.168.0.59/phpmyadmin/themes/pmahomme/jquery/jquery-ui-1.11.2.css" "Mozilla/5.0 (Windows NT 10.0; Win64; x64) AppleWebKit/537.36 (KHTML, like Gecko) Chrome/106.0.0.0 Safari/537.36"
192.168.1.188 - - [16/Oct/2022:13:07:01 +0600] "POST /phpmyadmin/sql.php HTTP/1.1" 200 7149 "-" "Mozilla/5.0 (Windows NT 10.0; Win64; x64) AppleWebKit/537.36 (KHTML, like Gecko) Chrome/106.0.0.0 Safari/537.36"
192.168.1.188 - - [16/Oct/2022:13:07:01 +0600] "GET /phpmyadmin/index.php?ajax_request=1&recent_table=1&token=272cc1c0f541d92f49d4243a2580e822 HTTP/1.1" 200 1362 "-" "Mozilla/5.0 (Windows NT 10.0; Win64; x64) AppleWebKit/537.36 (KHTML, like Gecko) Chrome/106.0.0.0 Safari/537.36"
::1 - - [16/Oct/2022:13:07:09 +0600] "OPTIONS * HTTP/1.0" 200 - "-" "Apache/2.4.6 (CentOS) PHP/7.3.31 (internal dummy connection)"
192.168.1.188 - - [16/Oct/2022:13:07:10 +0600] "POST /phpmyadmin/tbl_row_action.php HTTP/1.1" 200 2067 "-" "Mozilla/5.0 (Windows NT 10.0; Win64; x64) AppleWebKit/537.36 (KHTML, like Gecko) Chrome/106.0.0.0 Safari/537.36"
192.168.1.188 - - [16/Oct/2022:13:07:10 +0600] "GET /phpmyadmin/index.php?ajax_request=1&recent_table=1&token=272cc1c0f541d92f49d4243a2580e822 HTTP/1.1" 200 1362 "-" "Mozilla/5.0 (Windows NT 10.0; Win64; x64) AppleWebKit/537.36 (KHTML, like Gecko) Chrome/106.0.0.0 Safari/537.36"
192.168.1.188 - - [16/Oct/2022:13:07:11 +0600] "POST /phpmyadmin/tbl_row_action.php HTTP/1.1" 200 1481 "-" "Mozilla/5.0 (Windows NT 10.0; Win64; x64) AppleWebKit/537.36 (KHTML, like Gecko) Chrome/106.0.0.0 Safari/537.36"
192.168.1.188 - - [16/Oct/2022:13:07:11 +0600] "GET /phpmyadmin/index.php?ajax_request=1&recent_table=1&token=272cc1c0f541d92f49d4243a2580e822 HTTP/1.1" 200 1362 "-" "Mozilla/5.0 (Windows NT 10.0; Win64; x64) AppleWebKit/537.36 (KHTML, like Gecko) Chrome/106.0.0.0 Safari/537.36"
192.168.1.188 - - [16/Oct/2022:13:07:15 +0600] "GET /phpmyadmin/sql.php?server=1&db=desco_central&table=arc_access_log&pos=0&token=272cc1c0f541d92f49d4243a2580e822&ajax_request=true&ajax_page_request=true&menuHashes=60251226-5f9a4c26-0514e468-6abdc8c5-ffa81235-81b0c9ae&_nocache=1665904036417321819 HTTP/1.1" 200 1521 "-" "Mozilla/5.0 (Windows NT 10.0; Win64; x64) AppleWebKit/537.36 (KHTML, like Gecko) Chrome/106.0.0.0 Safari/537.36"
192.168.1.188 - - [16/Oct/2022:13:07:15 +0600] "GET /phpmyadmin/index.php?ajax_request=1&recent_table=1&token=272cc1c0f541d92f49d4243a2580e822 HTTP/1.1" 200 1361 "-" "Mozilla/5.0 (Windows NT 10.0; Win64; x64) AppleWebKit/537.36 (KHTML, like Gecko) Chrome/106.0.0.0 Safari/537.36"
192.168.1.188 - - [16/Oct/2022:13:07:16 +0600] "GET /phpmyadmin/sql.php?server=1&db=desco_central&table=access_log&pos=0&token=272cc1c0f541d92f49d4243a2580e822&ajax_request=true&ajax_page_request=true&menuHashes=60251226-5f9a4c26-0514e468-6abdc8c5-ffa81235-81b0c9ae&_nocache=1665904037665680208 HTTP/1.1" 200 1515 "-" "Mozilla/5.0 (Windows NT 10.0; Win64; x64) AppleWebKit/537.36 (KHTML, like Gecko) Chrome/106.0.0.0 Safari/537.36"
192.168.1.188 - - [16/Oct/2022:13:07:16 +0600] "GET /phpmyadmin/index.php?ajax_request=1&recent_table=1&token=272cc1c0f541d92f49d4243a2580e822 HTTP/1.1" 200 1362 "-" "Mozilla/5.0 (Windows NT 10.0; Win64; x64) AppleWebKit/537.36 (KHTML, like Gecko) Chrome/106.0.0.0 Safari/537.36"
192.168.1.188 - - [16/Oct/2022:13:07:19 +0600] "GET /phpmyadmin/tbl_structure.php?db=desco_central&table=access_log&token=272cc1c0f541d92f49d4243a2580e822&ajax_request=true&ajax_page_request=true&menuHashes=60251226-5f9a4c26-0514e468-6abdc8c5-ffa81235-81b0c9ae&_nocache=1665904040469996222 HTTP/1.1" 200 6606 "-" "Mozilla/5.0 (Windows NT 10.0; Win64; x64) AppleWebKit/537.36 (KHTML, like Gecko) Chrome/106.0.0.0 Safari/537.36"
192.168.1.188 - - [16/Oct/2022:13:07:19 +0600] "GET /phpmyadmin/js/get_scripts.js.php?scripts%5B%5D=tbl_structure.js&call_done=1 HTTP/1.1" 200 4474 "-" "Mozilla/5.0 (Windows NT 10.0; Win64; x64) AppleWebKit/537.36 (KHTML, like Gecko) Chrome/106.0.0.0 Safari/537.36"
192.168.1.188 - - [16/Oct/2022:13:07:19 +0600] "GET /phpmyadmin/index.php?ajax_request=1&recent_table=1&token=272cc1c0f541d92f49d4243a2580e822 HTTP/1.1" 200 1362 "-" "Mozilla/5.0 (Windows NT 10.0; Win64; x64) AppleWebKit/537.36 (KHTML, like Gecko) Chrome/106.0.0.0 Safari/537.36"
192.168.1.188 - - [16/Oct/2022:13:07:21 +0600] "GET /phpmyadmin/sql.php?server=1&db=desco_central&table=arc_access_log&pos=0&token=272cc1c0f541d92f49d4243a2580e822&ajax_request=true&ajax_page_request=true&menuHashes=60251226-5f9a4c26-0514e468-6abdc8c5-ffa81235-81b0c9ae-52a2eb07&_nocache=1665904042583863129 HTTP/1.1" 200 1521 "-" "Mozilla/5.0 (Windows NT 10.0; Win64; x64) AppleWebKit/537.36 (KHTML, like Gecko) Chrome/106.0.0.0 Safari/537.36"
192.168.1.188 - - [16/Oct/2022:13:07:21 +0600] "GET /phpmyadmin/index.php?ajax_request=1&recent_table=1&token=272cc1c0f541d92f49d4243a2580e822 HTTP/1.1" 200 1361 "-" "Mozilla/5.0 (Windows NT 10.0; Win64; x64) AppleWebKit/537.36 (KHTML, like Gecko) Chrome/106.0.0.0 Safari/537.36"
192.168.1.188 - - [16/Oct/2022:13:07:23 +0600] "GET /phpmyadmin/sql.php?server=1&db=desco_central&table=access_log&pos=0&token=272cc1c0f541d92f49d4243a2580e822&ajax_request=true&ajax_page_request=true&menuHashes=60251226-5f9a4c26-0514e468-6abdc8c5-ffa81235-81b0c9ae-52a2eb07&_nocache=1665904044175125482 HTTP/1.1" 200 1515 "-" "Mozilla/5.0 (Windows NT 10.0; Win64; x64) AppleWebKit/537.36 (KHTML, like Gecko) Chrome/106.0.0.0 Safari/537.36"
192.168.1.188 - - [16/Oct/2022:13:07:23 +0600] "GET /phpmyadmin/index.php?ajax_request=1&recent_table=1&token=272cc1c0f541d92f49d4243a2580e822 HTTP/1.1" 200 1362 "-" "Mozilla/5.0 (Windows NT 10.0; Win64; x64) AppleWebKit/537.36 (KHTML, like Gecko) Chrome/106.0.0.0 Safari/537.36"
192.168.1.188 - - [16/Oct/2022:13:07:29 +0600] "POST /phpmyadmin/navigation.php?ajax_request=1&token=272cc1c0f541d92f49d4243a2580e822 HTTP/1.1" 200 5031 "-" "Mozilla/5.0 (Windows NT 10.0; Win64; x64) AppleWebKit/537.36 (KHTML, like Gecko) Chrome/106.0.0.0 Safari/537.36"
192.168.1.188 - - [16/Oct/2022:13:07:31 +0600] "GET /phpmyadmin/sql.php?server=1&db=desco_central&table=arc_access_log&pos=0&token=272cc1c0f541d92f49d4243a2580e822&ajax_request=true&ajax_page_request=true&menuHashes=60251226-5f9a4c26-0514e468-6abdc8c5-ffa81235-81b0c9ae-52a2eb07&_nocache=166590405269365677 HTTP/1.1" 200 1521 "-" "Mozilla/5.0 (Windows NT 10.0; Win64; x64) AppleWebKit/537.36 (KHTML, like Gecko) Chrome/106.0.0.0 Safari/537.36"
192.168.1.188 - - [16/Oct/2022:13:07:31 +0600] "GET /phpmyadmin/index.php?ajax_request=1&recent_table=1&token=272cc1c0f541d92f49d4243a2580e822 HTTP/1.1" 200 1361 "-" "Mozilla/5.0 (Windows NT 10.0; Win64; x64) AppleWebKit/537.36 (KHTML, like Gecko) Chrome/106.0.0.0 Safari/537.36"
192.168.1.188 - - [16/Oct/2022:13:07:36 +0600] "GET /phpmyadmin/sql.php?server=1&db=desco_central&table=access_log&pos=0&token=272cc1c0f541d92f49d4243a2580e822&ajax_request=true&ajax_page_request=true&menuHashes=60251226-5f9a4c26-0514e468-6abdc8c5-ffa81235-81b0c9ae-52a2eb07&_nocache=1665904057430658519 HTTP/1.1" 200 1515 "-" "Mozilla/5.0 (Windows NT 10.0; Win64; x64) AppleWebKit/537.36 (KHTML, like Gecko) Chrome/106.0.0.0 Safari/537.36"
192.168.1.188 - - [16/Oct/2022:13:07:36 +0600] "GET /phpmyadmin/index.php?ajax_request=1&recent_table=1&token=272cc1c0f541d92f49d4243a2580e822 HTTP/1.1" 200 1362 "-" "Mozilla/5.0 (Windows NT 10.0; Win64; x64) AppleWebKit/537.36 (KHTML, like Gecko) Chrome/106.0.0.0 Safari/537.36"
192.168.1.188 - - [16/Oct/2022:13:07:37 +0600] "GET /phpmyadmin/sql.php?server=1&db=desco_central&table=arc_audit_trail&pos=0&token=272cc1c0f541d92f49d4243a2580e822&ajax_request=true&ajax_page_request=true&menuHashes=60251226-5f9a4c26-0514e468-6abdc8c5-ffa81235-81b0c9ae-52a2eb07&_nocache=1665904058764617735 HTTP/1.1" 200 2040 "-" "Mozilla/5.0 (Windows NT 10.0; Win64; x64) AppleWebKit/537.36 (KHTML, like Gecko) Chrome/106.0.0.0 Safari/537.36"
192.168.1.188 - - [16/Oct/2022:13:07:37 +0600] "GET /phpmyadmin/index.php?ajax_request=1&recent_table=1&token=272cc1c0f541d92f49d4243a2580e822 HTTP/1.1" 200 1378 "-" "Mozilla/5.0 (Windows NT 10.0; Win64; x64) AppleWebKit/537.36 (KHTML, like Gecko) Chrome/106.0.0.0 Safari/537.36"
192.168.1.188 - - [16/Oct/2022:13:07:38 +0600] "GET /phpmyadmin/sql.php?server=1&db=desco_central&table=arc_shift_allocation&pos=0&token=272cc1c0f541d92f49d4243a2580e822&ajax_request=true&ajax_page_request=true&menuHashes=5f9a4c26-0514e468-6abdc8c5-ffa81235-81b0c9ae-52a2eb07-cca74cf0&_nocache=1665904060016422709 HTTP/1.1" 200 2044 "-" "Mozilla/5.0 (Windows NT 10.0; Win64; x64) AppleWebKit/537.36 (KHTML, like Gecko) Chrome/106.0.0.0 Safari/537.36"
192.168.1.188 - - [16/Oct/2022:13:07:38 +0600] "GET /phpmyadmin/index.php?ajax_request=1&recent_table=1&token=272cc1c0f541d92f49d4243a2580e822 HTTP/1.1" 200 1394 "-" "Mozilla/5.0 (Windows NT 10.0; Win64; x64) AppleWebKit/537.36 (KHTML, like Gecko) Chrome/106.0.0.0 Safari/537.36"
192.168.1.30 - - [16/Oct/2022:13:07:40 +0600] "GET /tmons/monitor2.php?temperature=23.70&server=1 HTTP/1.1" 200 - "-" "ESP8266HTTPClient"
192.168.1.188 - - [16/Oct/2022:13:07:43 +0600] "GET /phpmyadmin/tbl_sql.php?db=desco_central&table=arc_shift_allocation&token=272cc1c0f541d92f49d4243a2580e822&ajax_request=true&ajax_page_request=true&menuHashes=0514e468-6abdc8c5-ffa81235-81b0c9ae-52a2eb07-cca74cf0-e828238e&_nocache=1665904065052539914 HTTP/1.1" 200 2489 "-" "Mozilla/5.0 (Windows NT 10.0; Win64; x64) AppleWebKit/537.36 (KHTML, like Gecko) Chrome/106.0.0.0 Safari/537.36"
192.168.1.188 - - [16/Oct/2022:13:07:44 +0600] "GET /phpmyadmin/index.php?ajax_request=1&recent_table=1&token=272cc1c0f541d92f49d4243a2580e822 HTTP/1.1" 200 1394 "-" "Mozilla/5.0 (Windows NT 10.0; Win64; x64) AppleWebKit/537.36 (KHTML, like Gecko) Chrome/106.0.0.0 Safari/537.36"
192.168.1.188 - - [16/Oct/2022:13:07:46 +0600] "GET /phpmyadmin/tbl_structure.php?db=desco_central&table=arc_shift_allocation&token=272cc1c0f541d92f49d4243a2580e822&ajax_request=true&ajax_page_request=true&menuHashes=6abdc8c5-ffa81235-81b0c9ae-52a2eb07-cca74cf0-e828238e-580b5c08&_nocache=1665904067373637475 HTTP/1.1" 200 4900 "-" "Mozilla/5.0 (Windows NT 10.0; Win64; x64) AppleWebKit/537.36 (KHTML, like Gecko) Chrome/106.0.0.0 Safari/537.36"
192.168.1.188 - - [16/Oct/2022:13:07:46 +0600] "GET /phpmyadmin/index.php?ajax_request=1&recent_table=1&token=272cc1c0f541d92f49d4243a2580e822 HTTP/1.1" 200 1394 "-" "Mozilla/5.0 (Windows NT 10.0; Win64; x64) AppleWebKit/537.36 (KHTML, like Gecko) Chrome/106.0.0.0 Safari/537.36"
192.168.1.188 - - [16/Oct/2022:13:07:50 +0600] "GET /phpmyadmin/sql.php?server=1&db=desco_central&table=arc_sync_log&pos=0&token=272cc1c0f541d92f49d4243a2580e822&ajax_request=true&ajax_page_request=true&menuHashes=6abdc8c5-ffa81235-52a2eb07-cca74cf0-e828238e-580b5c08-95edf6aa&_nocache=1665904071840660208 HTTP/1.1" 200 2036 "-" "Mozilla/5.0 (Windows NT 10.0; Win64; x64) AppleWebKit/537.36 (KHTML, like Gecko) Chrome/106.0.0.0 Safari/537.36"
192.168.1.188 - - [16/Oct/2022:13:07:50 +0600] "GET /phpmyadmin/index.php?ajax_request=1&recent_table=1&token=272cc1c0f541d92f49d4243a2580e822 HTTP/1.1" 200 1404 "-" "Mozilla/5.0 (Windows NT 10.0; Win64; x64) AppleWebKit/537.36 (KHTML, like Gecko) Chrome/106.0.0.0 Safari/537.36"
192.168.1.188 - - [16/Oct/2022:13:08:00 +0600] "GET /phpmyadmin/sql.php?server=1&db=desco_central&table=report_filter_lbl&pos=0&token=272cc1c0f541d92f49d4243a2580e822&ajax_request=true&ajax_page_request=true&menuHashes=ffa81235-52a2eb07-cca74cf0-e828238e-580b5c08-95edf6aa-796f2028&_nocache=1665904081759191044 HTTP/1.1" 200 6052 "-" "Mozilla/5.0 (Windows NT 10.0; Win64; x64) AppleWebKit/537.36 (KHTML, like Gecko) Chrome/106.0.0.0 Safari/537.36"
192.168.1.188 - - [16/Oct/2022:13:08:00 +0600] "GET /phpmyadmin/index.php?ajax_request=1&recent_table=1&token=272cc1c0f541d92f49d4243a2580e822 HTTP/1.1" 200 1422 "-" "Mozilla/5.0 (Windows NT 10.0; Win64; x64) AppleWebKit/537.36 (KHTML, like Gecko) Chrome/106.0.0.0 Safari/537.36"
192.168.1.188 - - [16/Oct/2022:13:08:06 +0600] "POST /phpmyadmin/navigation.php?aPath=cm9vdA%3D%3D.ZGVzY29fY2VudHJhbA%3D%3D.dGFibGVz&vPath=cm9vdA%3D%3D.ZGVzY28%3D.Y2VudHJhbA%3D%3D.VGFibGVz&pos=0&server=1&pos2_name=tables&pos2_value=50&token=272cc1c0f541d92f49d4243a2580e822 HTTP/1.1" 200 3318 "-" "Mozilla/5.0 (Windows NT 10.0; Win64; x64) AppleWebKit/537.36 (KHTML, like Gecko) Chrome/106.0.0.0 Safari/537.36"
192.168.1.188 - - [16/Oct/2022:13:08:10 +0600] "GET /phpmyadmin/sql.php?server=1&db=desco_central&table=sdc_info&pos=0&token=272cc1c0f541d92f49d4243a2580e822&ajax_request=true&ajax_page_request=true&menuHashes=52a2eb07-cca74cf0-e828238e-580b5c08-95edf6aa-796f2028-082a46bb&_nocache=1665904091435331469 HTTP/1.1" 200 2026 "-" "Mozilla/5.0 (Windows NT 10.0; Win64; x64) AppleWebKit/537.36 (KHTML, like Gecko) Chrome/106.0.0.0 Safari/537.36"
192.168.1.188 - - [16/Oct/2022:13:08:10 +0600] "GET /phpmyadmin/index.php?ajax_request=1&recent_table=1&token=272cc1c0f541d92f49d4243a2580e822 HTTP/1.1" 200 1435 "-" "Mozilla/5.0 (Windows NT 10.0; Win64; x64) AppleWebKit/537.36 (KHTML, like Gecko) Chrome/106.0.0.0 Safari/537.36"
192.168.1.188 - - [16/Oct/2022:13:08:14 +0600] "GET /phpmyadmin/sql.php?server=1&db=desco_central&table=user_info&pos=0&token=272cc1c0f541d92f49d4243a2580e822&ajax_request=true&ajax_page_request=true&menuHashes=cca74cf0-e828238e-580b5c08-95edf6aa-796f2028-082a46bb-addcd6cb&_nocache=1665904095350837708 HTTP/1.1" 200 6206 "-" "Mozilla/5.0 (Windows NT 10.0; Win64; x64) AppleWebKit/537.36 (KHTML, like Gecko) Chrome/106.0.0.0 Safari/537.36"
192.168.1.188 - - [16/Oct/2022:13:08:14 +0600] "GET /phpmyadmin/index.php?ajax_request=1&recent_table=1&token=272cc1c0f541d92f49d4243a2580e822 HTTP/1.1" 200 1433 "-" "Mozilla/5.0 (Windows NT 10.0; Win64; x64) AppleWebKit/537.36 (KHTML, like Gecko) Chrome/106.0.0.0 Safari/537.36"
192.168.1.30 - - [16/Oct/2022:13:08:41 +0600] "GET /tmons/monitor2.php?temperature=23.70&server=1 HTTP/1.1" 200 - "-" "ESP8266HTTPClient"
192.168.1.188 - - [16/Oct/2022:13:09:00 +0600] "GET /phpmyadmin/sql.php?server=1&db=desco_central&table=showcase_info&pos=0&token=272cc1c0f541d92f49d4243a2580e822&ajax_request=true&ajax_page_request=true&menuHashes=e828238e-580b5c08-95edf6aa-796f2028-082a46bb-addcd6cb-0514e468&_nocache=1665904141192412772 HTTP/1.1" 200 4704 "-" "Mozilla/5.0 (Windows NT 10.0; Win64; x64) AppleWebKit/537.36 (KHTML, like Gecko) Chrome/106.0.0.0 Safari/537.36"
192.168.1.188 - - [16/Oct/2022:13:09:00 +0600] "GET /phpmyadmin/index.php?ajax_request=1&recent_table=1&token=272cc1c0f541d92f49d4243a2580e822 HTTP/1.1" 200 1447 "-" "Mozilla/5.0 (Windows NT 10.0; Win64; x64) AppleWebKit/537.36 (KHTML, like Gecko) Chrome/106.0.0.0 Safari/537.36"
192.168.1.188 - - [16/Oct/2022:13:09:04 +0600] "GET /phpmyadmin/sql.php?server=1&db=desco_central&table=showcase_info&pos=0&token=272cc1c0f541d92f49d4243a2580e822&ajax_request=true&ajax_page_request=true&menuHashes=580b5c08-95edf6aa-796f2028-082a46bb-addcd6cb-0514e468-14aedfda&_nocache=1665904145902341482 HTTP/1.1" 200 4217 "-" "Mozilla/5.0 (Windows NT 10.0; Win64; x64) AppleWebKit/537.36 (KHTML, like Gecko) Chrome/106.0.0.0 Safari/537.36"
192.168.1.188 - - [16/Oct/2022:13:09:04 +0600] "GET /phpmyadmin/index.php?ajax_request=1&recent_table=1&token=272cc1c0f541d92f49d4243a2580e822 HTTP/1.1" 200 1447 "-" "Mozilla/5.0 (Windows NT 10.0; Win64; x64) AppleWebKit/537.36 (KHTML, like Gecko) Chrome/106.0.0.0 Safari/537.36"
192.168.1.30 - - [16/Oct/2022:13:09:41 +0600] "GET /tmons/monitor2.php?temperature=23.70&server=1 HTTP/1.1" 200 - "-" "ESP8266HTTPClient"
192.168.1.188 - - [16/Oct/2022:13:10:07 +0600] "GET /phpmyadmin/tbl_create.php?server=1&db=desco_central&token=272cc1c0f541d92f49d4243a2580e822&ajax_request=true&ajax_page_request=true&menuHashes=580b5c08-95edf6aa-796f2028-082a46bb-addcd6cb-0514e468-14aedfda&_nocache=1665904208676732801 HTTP/1.1" 200 9839 "-" "Mozilla/5.0 (Windows NT 10.0; Win64; x64) AppleWebKit/537.36 (KHTML, like Gecko) Chrome/106.0.0.0 Safari/537.36"
192.168.1.30 - - [16/Oct/2022:13:10:41 +0600] "GET /tmons/monitor2.php?temperature=23.70&server=1 HTTP/1.1" 200 - "-" "ESP8266HTTPClient"
192.168.1.30 - - [16/Oct/2022:13:11:41 +0600] "GET /tmons/monitor2.php?temperature=23.70&server=1 HTTP/1.1" 200 - "-" "ESP8266HTTPClient"
192.168.1.30 - - [16/Oct/2022:13:12:42 +0600] "GET /tmons/monitor2.php?temperature=23.70&server=1 HTTP/1.1" 200 - "-" "ESP8266HTTPClient"
192.168.1.30 - - [16/Oct/2022:13:13:42 +0600] "GET /tmons/monitor2.php?temperature=23.60&server=1 HTTP/1.1" 200 - "-" "ESP8266HTTPClient"
192.168.1.30 - - [16/Oct/2022:13:14:42 +0600] "GET /tmons/monitor2.php?temperature=23.70&server=1 HTTP/1.1" 200 - "-" "ESP8266HTTPClient"
192.168.1.30 - - [16/Oct/2022:13:15:42 +0600] "GET /tmons/monitor2.php?temperature=23.70&server=1 HTTP/1.1" 200 - "-" "ESP8266HTTPClient"
192.168.1.30 - - [16/Oct/2022:13:16:43 +0600] "GET /tmons/monitor2.php?temperature=23.70&server=1 HTTP/1.1" 200 - "-" "ESP8266HTTPClient"
192.168.1.30 - - [16/Oct/2022:13:17:43 +0600] "GET /tmons/monitor2.php?temperature=23.80&server=1 HTTP/1.1" 200 - "-" "ESP8266HTTPClient"
192.168.1.30 - - [16/Oct/2022:13:18:43 +0600] "GET /tmons/monitor2.php?temperature=23.80&server=1 HTTP/1.1" 200 - "-" "ESP8266HTTPClient"
192.168.1.30 - - [16/Oct/2022:13:19:43 +0600] "GET /tmons/monitor2.php?temperature=23.80&server=1 HTTP/1.1" 200 - "-" "ESP8266HTTPClient"
192.168.1.30 - - [16/Oct/2022:13:20:05 +0600] "GET /tmons/monitor.php?temperature=23.40&server=1 HTTP/1.1" 200 - "-" "ESP8266HTTPClient"
192.168.1.30 - - [16/Oct/2022:13:20:43 +0600] "GET /tmons/monitor2.php?temperature=23.70&server=1 HTTP/1.1" 200 - "-" "ESP8266HTTPClient"
192.168.1.30 - - [16/Oct/2022:13:21:44 +0600] "GET /tmons/monitor2.php?temperature=23.80&server=1 HTTP/1.1" 200 - "-" "ESP8266HTTPClient"
192.168.1.30 - - [16/Oct/2022:13:21:58 +0600] "GET /tmons/monitor.php?temperature=23.40&server=1 HTTP/1.1" 200 - "-" "ESP8266HTTPClient"
192.168.1.30 - - [16/Oct/2022:13:22:44 +0600] "GET /tmons/monitor2.php?temperature=23.80&server=1 HTTP/1.1" 200 - "-" "ESP8266HTTPClient"
192.168.1.30 - - [16/Oct/2022:13:22:59 +0600] "GET /tmons/monitor.php?temperature=23.40&server=1 HTTP/1.1" 200 - "-" "ESP8266HTTPClient"
192.168.1.30 - - [16/Oct/2022:13:23:44 +0600] "GET /tmons/monitor2.php?temperature=23.80&server=1 HTTP/1.1" 200 - "-" "ESP8266HTTPClient"
192.168.1.30 - - [16/Oct/2022:13:24:44 +0600] "GET /tmons/monitor2.php?temperature=23.70&server=1 HTTP/1.1" 200 - "-" "ESP8266HTTPClient"
192.168.1.30 - - [16/Oct/2022:13:25:08 +0600] "GET /tmons/monitor.php?temperature=23.50&server=1 HTTP/1.1" 200 - "-" "ESP8266HTTPClient"
192.168.1.30 - - [16/Oct/2022:13:25:45 +0600] "GET /tmons/monitor2.php?temperature=23.80&server=1 HTTP/1.1" 200 - "-" "ESP8266HTTPClient"
192.168.1.30 - - [16/Oct/2022:13:26:08 +0600] "GET /tmons/monitor.php?temperature=23.50&server=1 HTTP/1.1" 200 - "-" "ESP8266HTTPClient"
192.168.1.30 - - [16/Oct/2022:13:26:45 +0600] "GET /tmons/monitor2.php?temperature=23.80&server=1 HTTP/1.1" 200 - "-" "ESP8266HTTPClient"
192.168.1.30 - - [16/Oct/2022:13:27:11 +0600] "GET /tmons/monitor.php?temperature=23.40&server=1 HTTP/1.1" 200 - "-" "ESP8266HTTPClient"
192.168.1.30 - - [16/Oct/2022:13:27:45 +0600] "GET /tmons/monitor2.php?temperature=23.70&server=1 HTTP/1.1" 200 - "-" "ESP8266HTTPClient"
192.168.1.30 - - [16/Oct/2022:13:28:45 +0600] "GET /tmons/monitor2.php?temperature=23.80&server=1 HTTP/1.1" 200 - "-" "ESP8266HTTPClient"
192.168.1.30 - - [16/Oct/2022:13:29:17 +0600] "GET /tmons/monitor.php?temperature=24.80&server=1 HTTP/1.1" 200 - "-" "ESP8266HTTPClient"
192.168.1.30 - - [16/Oct/2022:13:29:46 +0600] "GET /tmons/monitor2.php?temperature=23.80&server=1 HTTP/1.1" 200 - "-" "ESP8266HTTPClient"
192.168.1.30 - - [16/Oct/2022:13:30:46 +0600] "GET /tmons/monitor2.php?temperature=23.80&server=1 HTTP/1.1" 200 - "-" "ESP8266HTTPClient"
192.168.1.30 - - [16/Oct/2022:13:31:22 +0600] "GET /tmons/monitor.php?temperature=25.80&server=1 HTTP/1.1" 200 - "-" "ESP8266HTTPClient"
192.168.1.30 - - [16/Oct/2022:13:31:46 +0600] "GET /tmons/monitor2.php?temperature=23.80&server=1 HTTP/1.1" 200 - "-" "ESP8266HTTPClient"
192.168.1.30 - - [16/Oct/2022:13:32:25 +0600] "GET /tmons/monitor.php?temperature=26.00&server=1 HTTP/1.1" 200 - "-" "ESP8266HTTPClient"
192.168.1.30 - - [16/Oct/2022:13:32:46 +0600] "GET /tmons/monitor2.php?temperature=23.80&server=1 HTTP/1.1" 200 - "-" "ESP8266HTTPClient"
192.168.1.30 - - [16/Oct/2022:13:33:47 +0600] "GET /tmons/monitor2.php?temperature=23.80&server=1 HTTP/1.1" 200 - "-" "ESP8266HTTPClient"
192.168.1.188 - - [16/Oct/2022:13:34:02 +0600] "POST /phpmyadmin/index.php HTTP/1.1" 200 1367 "-" "Mozilla/5.0 (Windows NT 10.0; Win64; x64) AppleWebKit/537.36 (KHTML, like Gecko) Chrome/106.0.0.0 Safari/537.36"
192.168.1.30 - - [16/Oct/2022:13:34:47 +0600] "GET /tmons/monitor2.php?temperature=23.90&server=1 HTTP/1.1" 200 - "-" "ESP8266HTTPClient"
192.168.1.30 - - [16/Oct/2022:13:35:47 +0600] "GET /tmons/monitor2.php?temperature=23.90&server=1 HTTP/1.1" 200 - "-" "ESP8266HTTPClient"
192.168.1.30 - - [16/Oct/2022:13:36:47 +0600] "GET /tmons/monitor2.php?temperature=23.90&server=1 HTTP/1.1" 200 - "-" "ESP8266HTTPClient"
192.168.1.30 - - [16/Oct/2022:13:37:48 +0600] "GET /tmons/monitor2.php?temperature=23.80&server=1 HTTP/1.1" 200 - "-" "ESP8266HTTPClient"
192.168.1.30 - - [16/Oct/2022:13:38:48 +0600] "GET /tmons/monitor2.php?temperature=23.80&server=1 HTTP/1.1" 200 - "-" "ESP8266HTTPClient"
192.168.1.30 - - [16/Oct/2022:13:39:48 +0600] "GET /tmons/monitor2.php?temperature=23.90&server=1 HTTP/1.1" 200 - "-" "ESP8266HTTPClient"
192.168.1.30 - - [16/Oct/2022:13:40:35 +0600] "GET /tmons/monitor.php?temperature=24.90&server=1 HTTP/1.1" 200 - "-" "ESP8266HTTPClient"
192.168.1.30 - - [16/Oct/2022:13:40:48 +0600] "GET /tmons/monitor2.php?temperature=23.90&server=1 HTTP/1.1" 200 - "-" "ESP8266HTTPClient"
192.168.1.30 - - [16/Oct/2022:13:41:36 +0600] "GET /tmons/monitor.php?temperature=24.90&server=1 HTTP/1.1" 200 - "-" "ESP8266HTTPClient"
192.168.1.30 - - [16/Oct/2022:13:41:49 +0600] "GET /tmons/monitor2.php?temperature=23.90&server=1 HTTP/1.1" 200 - "-" "ESP8266HTTPClient"
192.168.1.30 - - [16/Oct/2022:13:42:42 +0600] "GET /tmons/monitor.php?temperature=24.80&server=1 HTTP/1.1" 200 - "-" "ESP8266HTTPClient"
192.168.1.30 - - [16/Oct/2022:13:42:49 +0600] "GET /tmons/monitor2.php?temperature=23.90&server=1 HTTP/1.1" 200 - "-" "ESP8266HTTPClient"
192.168.1.30 - - [16/Oct/2022:13:43:45 +0600] "GET /tmons/monitor.php?temperature=24.80&server=1 HTTP/1.1" 200 - "-" "ESP8266HTTPClient"
192.168.1.30 - - [16/Oct/2022:13:43:49 +0600] "GET /tmons/monitor2.php?temperature=23.90&server=1 HTTP/1.1" 200 - "-" "ESP8266HTTPClient"
172.105.89.161 - - [16/Oct/2022:13:44:10 +0600] "-" 408 - "-" "-"
192.168.1.30 - - [16/Oct/2022:13:44:46 +0600] "GET /tmons/monitor.php?temperature=24.80&server=1 HTTP/1.1" 200 - "-" "ESP8266HTTPClient"
192.168.1.30 - - [16/Oct/2022:13:44:49 +0600] "GET /tmons/monitor2.php?temperature=23.80&server=1 HTTP/1.1" 200 - "-" "ESP8266HTTPClient"
192.168.1.30 - - [16/Oct/2022:13:45:49 +0600] "GET /tmons/monitor2.php?temperature=23.90&server=1 HTTP/1.1" 200 - "-" "ESP8266HTTPClient"
192.168.1.30 - - [16/Oct/2022:13:46:50 +0600] "GET /tmons/monitor2.php?temperature=23.90&server=1 HTTP/1.1" 200 - "-" "ESP8266HTTPClient"
192.168.1.30 - - [16/Oct/2022:13:47:50 +0600] "GET /tmons/monitor2.php?temperature=23.90&server=1 HTTP/1.1" 200 - "-" "ESP8266HTTPClient"
192.168.1.30 - - [16/Oct/2022:13:47:58 +0600] "GET /tmons/monitor.php?temperature=24.70&server=1 HTTP/1.1" 200 - "-" "ESP8266HTTPClient"
192.168.1.30 - - [16/Oct/2022:13:48:50 +0600] "GET /tmons/monitor2.php?temperature=23.90&server=1 HTTP/1.1" 200 - "-" "ESP8266HTTPClient"
192.168.1.30 - - [16/Oct/2022:13:48:59 +0600] "GET /tmons/monitor.php?temperature=24.70&server=1 HTTP/1.1" 200 - "-" "ESP8266HTTPClient"
192.168.1.30 - - [16/Oct/2022:13:49:50 +0600] "GET /tmons/monitor2.php?temperature=23.90&server=1 HTTP/1.1" 200 - "-" "ESP8266HTTPClient"
192.168.1.30 - - [16/Oct/2022:13:49:59 +0600] "GET /tmons/monitor.php?temperature=24.70&server=1 HTTP/1.1" 200 - "-" "ESP8266HTTPClient"
192.168.1.30 - - [16/Oct/2022:13:50:51 +0600] "GET /tmons/monitor2.php?temperature=23.90&server=1 HTTP/1.1" 200 - "-" "ESP8266HTTPClient"
192.168.1.30 - - [16/Oct/2022:13:51:03 +0600] "GET /tmons/monitor.php?temperature=24.70&server=1 HTTP/1.1" 200 - "-" "ESP8266HTTPClient"
192.168.1.30 - - [16/Oct/2022:13:51:51 +0600] "GET /tmons/monitor2.php?temperature=24.00&server=1 HTTP/1.1" 200 - "-" "ESP8266HTTPClient"
64.62.197.159 - - [16/Oct/2022:13:52:32 +0600] "GET / HTTP/1.1" 200 139 "-" "Mozilla/5.0 (Windows NT 10.0; Win64; x64) AppleWebKit/537.36 (KHTML, like Gecko) Chrome/103.0.0.0 Safari/537.36"
192.168.1.30 - - [16/Oct/2022:13:52:51 +0600] "GET /tmons/monitor2.php?temperature=24.00&server=1 HTTP/1.1" 200 - "-" "ESP8266HTTPClient"
192.168.1.30 - - [16/Oct/2022:13:53:51 +0600] "GET /tmons/monitor2.php?temperature=24.00&server=1 HTTP/1.1" 200 - "-" "ESP8266HTTPClient"
192.168.1.30 - - [16/Oct/2022:13:54:23 +0600] "GET /tmons/monitor.php?temperature=24.70&server=1 HTTP/1.1" 200 - "-" "ESP8266HTTPClient"
192.168.1.30 - - [16/Oct/2022:13:54:52 +0600] "GET /tmons/monitor2.php?temperature=24.30&server=1 HTTP/1.1" 200 - "-" "ESP8266HTTPClient"
192.168.1.30 - - [16/Oct/2022:13:55:23 +0600] "GET /tmons/monitor.php?temperature=24.60&server=1 HTTP/1.1" 200 - "-" "ESP8266HTTPClient"
192.168.1.30 - - [16/Oct/2022:13:55:52 +0600] "GET /tmons/monitor2.php?temperature=24.50&server=1 HTTP/1.1" 200 - "-" "ESP8266HTTPClient"
192.168.1.30 - - [16/Oct/2022:13:56:23 +0600] "GET /tmons/monitor.php?temperature=24.60&server=1 HTTP/1.1" 200 - "-" "ESP8266HTTPClient"
192.168.1.30 - - [16/Oct/2022:13:56:52 +0600] "GET /tmons/monitor2.php?temperature=24.40&server=1 HTTP/1.1" 200 - "-" "ESP8266HTTPClient"
192.168.1.188 - - [16/Oct/2022:13:57:49 +0600] "POST /phpmyadmin/index.php HTTP/1.1" 200 1367 "-" "Mozilla/5.0 (Windows NT 10.0; Win64; x64) AppleWebKit/537.36 (KHTML, like Gecko) Chrome/106.0.0.0 Safari/537.36"
192.168.1.30 - - [16/Oct/2022:13:57:52 +0600] "GET /tmons/monitor2.php?temperature=24.20&server=1 HTTP/1.1" 200 - "-" "ESP8266HTTPClient"
192.168.1.30 - - [16/Oct/2022:13:58:50 +0600] "GET /tmons/monitor.php?temperature=24.60&server=1 HTTP/1.1" 200 - "-" "ESP8266HTTPClient"
192.168.1.30 - - [16/Oct/2022:13:58:52 +0600] "GET /tmons/monitor2.php?temperature=24.10&server=1 HTTP/1.1" 200 - "-" "ESP8266HTTPClient"
80.94.92.231 - - [16/Oct/2022:13:58:58 +0600] "GET / HTTP/1.1" 200 139 "-" "-"
192.168.1.30 - - [16/Oct/2022:13:59:37 +0600] "GET /tmons/monitor.php?temperature=24.50&server=1 HTTP/1.1" 200 - "-" "ESP8266HTTPClient"
192.168.1.30 - - [16/Oct/2022:13:59:53 +0600] "GET /tmons/monitor2.php?temperature=23.80&server=1 HTTP/1.1" 200 - "-" "ESP8266HTTPClient"
64.62.197.163 - - [16/Oct/2022:14:00:08 +0600] "GET /favicon.ico HTTP/1.1" 404 209 "-" "Mozilla/5.0 (Windows NT 10.0; Win64; x64) AppleWebKit/537.36 (KHTML, like Gecko) Chrome/105.0.0.0 Safari/537.36"
192.168.1.30 - - [16/Oct/2022:14:00:40 +0600] "GET /tmons/monitor.php?temperature=24.60&server=1 HTTP/1.1" 200 - "-" "ESP8266HTTPClient"
192.168.1.30 - - [16/Oct/2022:14:00:53 +0600] "GET /tmons/monitor2.php?temperature=23.70&server=1 HTTP/1.1" 200 - "-" "ESP8266HTTPClient"
192.168.1.30 - - [16/Oct/2022:14:01:53 +0600] "GET /tmons/monitor2.php?temperature=23.60&server=1 HTTP/1.1" 200 - "-" "ESP8266HTTPClient"
192.168.1.30 - - [16/Oct/2022:14:02:50 +0600] "GET /tmons/monitor.php?temperature=24.70&server=1 HTTP/1.1" 200 - "-" "ESP8266HTTPClient"
192.168.1.30 - - [16/Oct/2022:14:02:53 +0600] "GET /tmons/monitor2.php?temperature=23.50&server=1 HTTP/1.1" 200 - "-" "ESP8266HTTPClient"
192.168.1.30 - - [16/Oct/2022:14:03:54 +0600] "GET /tmons/monitor2.php?temperature=23.40&server=1 HTTP/1.1" 200 - "-" "ESP8266HTTPClient"
192.168.1.30 - - [16/Oct/2022:14:03:56 +0600] "GET /tmons/monitor.php?temperature=24.50&server=1 HTTP/1.1" 200 - "-" "ESP8266HTTPClient"
192.168.1.30 - - [16/Oct/2022:14:04:54 +0600] "GET /tmons/monitor2.php?temperature=23.40&server=1 HTTP/1.1" 200 - "-" "ESP8266HTTPClient"
192.168.1.30 - - [16/Oct/2022:14:05:54 +0600] "GET /tmons/monitor2.php?temperature=23.30&server=1 HTTP/1.1" 200 - "-" "ESP8266HTTPClient"
192.168.1.30 - - [16/Oct/2022:14:06:54 +0600] "GET /tmons/monitor2.php?temperature=23.20&server=1 HTTP/1.1" 200 - "-" "ESP8266HTTPClient"
192.168.1.30 - - [16/Oct/2022:14:07:16 +0600] "GET /tmons/monitor.php?temperature=24.50&server=1 HTTP/1.1" 200 - "-" "ESP8266HTTPClient"
192.168.1.30 - - [16/Oct/2022:14:07:55 +0600] "GET /tmons/monitor2.php?temperature=23.20&server=1 HTTP/1.1" 200 - "-" "ESP8266HTTPClient"
192.168.1.188 - - [16/Oct/2022:14:07:59 +0600] "GET /phpmyadmin/server_sql.php?db=&table=&server=1&target=&token=272cc1c0f541d92f49d4243a2580e822 HTTP/1.1" 200 5086 "-" "Mozilla/5.0 (Windows NT 10.0; Win64; x64) AppleWebKit/537.36 (KHTML, like Gecko) Chrome/106.0.0.0 Safari/537.36"
192.168.1.188 - - [16/Oct/2022:14:07:59 +0600] "GET /phpmyadmin/tbl_create.php?db=desco_central&table=&server=1&target=&token=272cc1c0f541d92f49d4243a2580e822 HTTP/1.1" 200 12625 "-" "Mozilla/5.0 (Windows NT 10.0; Win64; x64) AppleWebKit/537.36 (KHTML, like Gecko) Chrome/106.0.0.0 Safari/537.36"
192.168.1.188 - - [16/Oct/2022:14:07:59 +0600] "GET /phpmyadmin/js/get_scripts.js.php?scripts%5B%5D=common.js&scripts%5B%5D=jquery/jquery.uitablefilter.js&scripts%5B%5D=codemirror/lib/codemirror.js&scripts%5B%5D=codemirror/mode/sql/sql.js&scripts%5B%5D=codemirror/addon/runmode/runmode.js&scripts%5B%5D=codemirror/addon/hint/show-hint.js&scripts%5B%5D=codemirror/addon/hint/sql-hint.js&scripts%5B%5D=console.js&scripts%5B%5D=config.js HTTP/1.1" 200 123888 "-" "Mozilla/5.0 (Windows NT 10.0; Win64; x64) AppleWebKit/537.36 (KHTML, like Gecko) Chrome/106.0.0.0 Safari/537.36"
192.168.1.188 - - [16/Oct/2022:14:08:00 +0600] "POST /phpmyadmin/navigation.php?ajax_request=1&token=272cc1c0f541d92f49d4243a2580e822 HTTP/1.1" 200 4561 "-" "Mozilla/5.0 (Windows NT 10.0; Win64; x64) AppleWebKit/537.36 (KHTML, like Gecko) Chrome/106.0.0.0 Safari/537.36"
